Archive member included to satisfy reference by file (symbol)

C:/ST/STM32CubeIDE_1.14.1/STM32CubeIDE/plugins/com.st.stm32cube.ide.mcu.externaltools.gnu-tools-for-stm32.12.3.rel1.win32_1.0.200.202406191623/tools/bin/../lib/gcc/arm-none-eabi/12.3.1/../../../../arm-none-eabi/lib/thumb/v8-m.main+fp/hard\libc_nano.a(libc_a-exit.o)
                              C:/ST/STM32CubeIDE_1.14.1/STM32CubeIDE/plugins/com.st.stm32cube.ide.mcu.externaltools.gnu-tools-for-stm32.12.3.rel1.win32_1.0.200.202406191623/tools/bin/../lib/gcc/arm-none-eabi/12.3.1/../../../../arm-none-eabi/lib/thumb/v8-m.main+fp/hard/crt0.o (exit)
C:/ST/STM32CubeIDE_1.14.1/STM32CubeIDE/plugins/com.st.stm32cube.ide.mcu.externaltools.gnu-tools-for-stm32.12.3.rel1.win32_1.0.200.202406191623/tools/bin/../lib/gcc/arm-none-eabi/12.3.1/../../../../arm-none-eabi/lib/thumb/v8-m.main+fp/hard\libc_nano.a(libc_a-findfp.o)
                              C:/ST/STM32CubeIDE_1.14.1/STM32CubeIDE/plugins/com.st.stm32cube.ide.mcu.externaltools.gnu-tools-for-stm32.12.3.rel1.win32_1.0.200.202406191623/tools/bin/../lib/gcc/arm-none-eabi/12.3.1/../../../../arm-none-eabi/lib/thumb/v8-m.main+fp/hard\libc_nano.a(libc_a-exit.o) (__stdio_exit_handler)
C:/ST/STM32CubeIDE_1.14.1/STM32CubeIDE/plugins/com.st.stm32cube.ide.mcu.externaltools.gnu-tools-for-stm32.12.3.rel1.win32_1.0.200.202406191623/tools/bin/../lib/gcc/arm-none-eabi/12.3.1/../../../../arm-none-eabi/lib/thumb/v8-m.main+fp/hard\libc_nano.a(libc_a-fwalk.o)
                              C:/ST/STM32CubeIDE_1.14.1/STM32CubeIDE/plugins/com.st.stm32cube.ide.mcu.externaltools.gnu-tools-for-stm32.12.3.rel1.win32_1.0.200.202406191623/tools/bin/../lib/gcc/arm-none-eabi/12.3.1/../../../../arm-none-eabi/lib/thumb/v8-m.main+fp/hard\libc_nano.a(libc_a-findfp.o) (_fwalk_sglue)
C:/ST/STM32CubeIDE_1.14.1/STM32CubeIDE/plugins/com.st.stm32cube.ide.mcu.externaltools.gnu-tools-for-stm32.12.3.rel1.win32_1.0.200.202406191623/tools/bin/../lib/gcc/arm-none-eabi/12.3.1/../../../../arm-none-eabi/lib/thumb/v8-m.main+fp/hard\libc_nano.a(libc_a-stdio.o)
                              C:/ST/STM32CubeIDE_1.14.1/STM32CubeIDE/plugins/com.st.stm32cube.ide.mcu.externaltools.gnu-tools-for-stm32.12.3.rel1.win32_1.0.200.202406191623/tools/bin/../lib/gcc/arm-none-eabi/12.3.1/../../../../arm-none-eabi/lib/thumb/v8-m.main+fp/hard\libc_nano.a(libc_a-findfp.o) (__sread)
C:/ST/STM32CubeIDE_1.14.1/STM32CubeIDE/plugins/com.st.stm32cube.ide.mcu.externaltools.gnu-tools-for-stm32.12.3.rel1.win32_1.0.200.202406191623/tools/bin/../lib/gcc/arm-none-eabi/12.3.1/../../../../arm-none-eabi/lib/thumb/v8-m.main+fp/hard\libc_nano.a(libc_a-memset.o)
                              C:/ST/STM32CubeIDE_1.14.1/STM32CubeIDE/plugins/com.st.stm32cube.ide.mcu.externaltools.gnu-tools-for-stm32.12.3.rel1.win32_1.0.200.202406191623/tools/bin/../lib/gcc/arm-none-eabi/12.3.1/../../../../arm-none-eabi/lib/thumb/v8-m.main+fp/hard/crt0.o (memset)
C:/ST/STM32CubeIDE_1.14.1/STM32CubeIDE/plugins/com.st.stm32cube.ide.mcu.externaltools.gnu-tools-for-stm32.12.3.rel1.win32_1.0.200.202406191623/tools/bin/../lib/gcc/arm-none-eabi/12.3.1/../../../../arm-none-eabi/lib/thumb/v8-m.main+fp/hard\libc_nano.a(libc_a-closer.o)
                              C:/ST/STM32CubeIDE_1.14.1/STM32CubeIDE/plugins/com.st.stm32cube.ide.mcu.externaltools.gnu-tools-for-stm32.12.3.rel1.win32_1.0.200.202406191623/tools/bin/../lib/gcc/arm-none-eabi/12.3.1/../../../../arm-none-eabi/lib/thumb/v8-m.main+fp/hard\libc_nano.a(libc_a-stdio.o) (_close_r)
C:/ST/STM32CubeIDE_1.14.1/STM32CubeIDE/plugins/com.st.stm32cube.ide.mcu.externaltools.gnu-tools-for-stm32.12.3.rel1.win32_1.0.200.202406191623/tools/bin/../lib/gcc/arm-none-eabi/12.3.1/../../../../arm-none-eabi/lib/thumb/v8-m.main+fp/hard\libc_nano.a(libc_a-reent.o)
                              C:/ST/STM32CubeIDE_1.14.1/STM32CubeIDE/plugins/com.st.stm32cube.ide.mcu.externaltools.gnu-tools-for-stm32.12.3.rel1.win32_1.0.200.202406191623/tools/bin/../lib/gcc/arm-none-eabi/12.3.1/../../../../arm-none-eabi/lib/thumb/v8-m.main+fp/hard\libc_nano.a(libc_a-closer.o) (errno)
C:/ST/STM32CubeIDE_1.14.1/STM32CubeIDE/plugins/com.st.stm32cube.ide.mcu.externaltools.gnu-tools-for-stm32.12.3.rel1.win32_1.0.200.202406191623/tools/bin/../lib/gcc/arm-none-eabi/12.3.1/../../../../arm-none-eabi/lib/thumb/v8-m.main+fp/hard\libc_nano.a(libc_a-impure.o)
                              C:/ST/STM32CubeIDE_1.14.1/STM32CubeIDE/plugins/com.st.stm32cube.ide.mcu.externaltools.gnu-tools-for-stm32.12.3.rel1.win32_1.0.200.202406191623/tools/bin/../lib/gcc/arm-none-eabi/12.3.1/../../../../arm-none-eabi/lib/thumb/v8-m.main+fp/hard\libc_nano.a(libc_a-reent.o) (_impure_ptr)
C:/ST/STM32CubeIDE_1.14.1/STM32CubeIDE/plugins/com.st.stm32cube.ide.mcu.externaltools.gnu-tools-for-stm32.12.3.rel1.win32_1.0.200.202406191623/tools/bin/../lib/gcc/arm-none-eabi/12.3.1/../../../../arm-none-eabi/lib/thumb/v8-m.main+fp/hard\libc_nano.a(libc_a-lseekr.o)
[...]
Memory Configuration

Name             Origin             Length             Attributes
RAM              0x20000000         0x002f0000         xrw
FLASH            0x08000000         0x00400000         xr
*default*        0x00000000         0xffffffff

Linker script and memory map

LOAD C:/ST/STM32CubeIDE_1.14.1/STM32CubeIDE/plugins/com.st.stm32cube.ide.mcu.externaltools.gnu-tools-for-stm32.12.3.rel1.win32_1.0.200.202406191623/tools/bin/../lib/gcc/arm-none-eabi/12.3.1/thumb/v8-m.main+fp/hard/crti.o
LOAD C:/ST/STM32CubeIDE_1.14.1/STM32CubeIDE/plugins/com.st.stm32cube.ide.mcu.externaltools.gnu-tools-for-stm32.12.3.rel1.win32_1.0.200.202406191623/tools/bin/../lib/gcc/arm-none-eabi/12.3.1/thumb/v8-m.main+fp/hard/crtbegin.o
LOAD C:/ST/STM32CubeIDE_1.14.1/STM32CubeIDE/plugins/com.st.stm32cube.ide.mcu.externaltools.gnu-tools-for-stm32.12.3.rel1.win32_1.0.200.202406191623/tools/bin/../lib/gcc/arm-none-eabi/12.3.1/../../../../arm-none-eabi/lib/thumb/v8-m.main+fp/hard/crt0.o
LOAD ./Core/Src/main.o
LOAD ./Core/Src/stm32u5xx_hal_msp.o
LOAD ./Core/Src/stm32u5xx_it.o
LOAD ./Core/Src/syscalls.o
LOAD ./Core/Src/sysmem.o
LOAD ./Core/Src/system_stm32u5xx.o
LOAD ./Core/Startup/startup_stm32u5g9zjtxq.o
LOAD ./Drivers/STM32U5xx_HAL_Driver/Src/stm32u5xx_hal.o
LOAD ./Drivers/STM32U5xx_HAL_Driver/Src/stm32u5xx_hal_adc.o
LOAD ./Drivers/STM32U5xx_HAL_Driver/Src/stm32u5xx_hal_adc_ex.o
LOAD ./Drivers/STM32U5xx_HAL_Driver/Src/stm32u5xx_hal_cortex.o
LOAD ./Drivers/STM32U5xx_HAL_Driver/Src/stm32u5xx_hal_dma.o
LOAD ./Drivers/STM32U5xx_HAL_Driver/Src/stm32u5xx_hal_dma2d.o
LOAD ./Drivers/STM32U5xx_HAL_Driver/Src/stm32u5xx_hal_dma_ex.o
LOAD ./Drivers/STM32U5xx_HAL_Driver/Src/stm32u5xx_hal_dsi.o
LOAD ./Drivers/STM32U5xx_HAL_Driver/Src/stm32u5xx_hal_exti.o
LOAD ./Drivers/STM32U5xx_HAL_Driver/Src/stm32u5xx_hal_flash.o
LOAD ./Drivers/STM32U5xx_HAL_Driver/Src/stm32u5xx_hal_flash_ex.o
LOAD ./Drivers/STM32U5xx_HAL_Driver/Src/stm32u5xx_hal_gpio.o
LOAD ./Drivers/STM32U5xx_HAL_Driver/Src/stm32u5xx_hal_gtzc.o
LOAD ./Drivers/STM32U5xx_HAL_Driver/Src/stm32u5xx_hal_i2c.o
LOAD ./Drivers/STM32U5xx_HAL_Driver/Src/stm32u5xx_hal_i2c_ex.o
LOAD ./Drivers/STM32U5xx_HAL_Driver/Src/stm32u5xx_hal_icache.o
LOAD ./Drivers/STM32U5xx_HAL_Driver/Src/stm32u5xx_hal_ltdc.o
LOAD ./Drivers/STM32U5xx_HAL_Driver/Src/stm32u5xx_hal_ltdc_ex.o
LOAD ./Drivers/STM32U5xx_HAL_Driver/Src/stm32u5xx_hal_pcd.o
LOAD ./Drivers/STM32U5xx_HAL_Driver/Src/stm32u5xx_hal_pcd_ex.o
LOAD ./Drivers/STM32U5xx_HAL_Driver/Src/stm32u5xx_hal_pwr.o
LOAD ./Drivers/STM32U5xx_HAL_Driver/Src/stm32u5xx_hal_pwr_ex.o
LOAD ./Drivers/STM32U5xx_HAL_Driver/Src/stm32u5xx_hal_rcc.o
LOAD ./Drivers/STM32U5xx_HAL_Driver/Src/stm32u5xx_hal_rcc_ex.o
LOAD ./Drivers/STM32U5xx_HAL_Driver/Src/stm32u5xx_hal_rtc.o
LOAD ./Drivers/STM32U5xx_HAL_Driver/Src/stm32u5xx_hal_rtc_ex.o
LOAD ./Drivers/STM32U5xx_HAL_Driver/Src/stm32u5xx_hal_sai.o
LOAD ./Drivers/STM32U5xx_HAL_Driver/Src/stm32u5xx_hal_sai_ex.o
LOAD ./Drivers/STM32U5xx_HAL_Driver/Src/stm32u5xx_hal_tim.o
LOAD ./Drivers/STM32U5xx_HAL_Driver/Src/stm32u5xx_hal_tim_ex.o
LOAD ./Drivers/STM32U5xx_HAL_Driver/Src/stm32u5xx_hal_uart.o
LOAD ./Drivers/STM32U5xx_HAL_Driver/Src/stm32u5xx_hal_uart_ex.o
LOAD ./Drivers/STM32U5xx_HAL_Driver/Src/stm32u5xx_hal_xspi.o
LOAD ./Drivers/STM32U5xx_HAL_Driver/Src/stm32u5xx_ll_dlyb.o
LOAD ./Drivers/STM32U5xx_HAL_Driver/Src/stm32u5xx_ll_usb.o
START GROUP
LOAD C:/ST/STM32CubeIDE_1.14.1/STM32CubeIDE/plugins/com.st.stm32cube.ide.mcu.externaltools.gnu-tools-for-stm32.12.3.rel1.win32_1.0.200.202406191623/tools/bin/../lib/gcc/arm-none-eabi/12.3.1/../../../../arm-none-eabi/lib/thumb/v8-m.main+fp/hard\libc_nano.a
LOAD C:/ST/STM32CubeIDE_1.14.1/STM32CubeIDE/plugins/com.st.stm32cube.ide.mcu.externaltools.gnu-tools-for-stm32.12.3.rel1.win32_1.0.200.202406191623/tools/bin/../lib/gcc/arm-none-eabi/12.3.1/../../../../arm-none-eabi/lib/thumb/v8-m.main+fp/hard\libm.a
END GROUP
START GROUP
LOAD C:/ST/STM32CubeIDE_1.14.1/STM32CubeIDE/plugins/com.st.stm32cube.ide.mcu.externaltools.gnu-tools-for-stm32.12.3.rel1.win32_1.0.200.202406191623/tools/bin/../lib/gcc/arm-none-eabi/12.3.1/thumb/v8-m.main+fp/hard\libgcc.a
LOAD C:/ST/STM32CubeIDE_1.14.1/STM32CubeIDE/plugins/com.st.stm32cube.ide.mcu.externaltools.gnu-tools-for-stm32.12.3.rel1.win32_1.0.200.202406191623/tools/bin/../lib/gcc/arm-none-eabi/12.3.1/../../../../arm-none-eabi/lib/thumb/v8-m.main+fp/hard\libc_nano.a
END GROUP
START GROUP
LOAD C:/ST/STM32CubeIDE_1.14.1/STM32CubeIDE/plugins/com.st.stm32cube.ide.mcu.externaltools.gnu-tools-for-stm32.12.3.rel1.win32_1.0.200.202406191623/tools/bin/../lib/gcc/arm-none-eabi/12.3.1/thumb/v8-m.main+fp/hard\libgcc.a
LOAD C:/ST/STM32CubeIDE_1.14.1/STM32CubeIDE/plugins/com.st.stm32cube.ide.mcu.externaltools.gnu-tools-for-stm32.12.3.rel1.win32_1.0.200.202406191623/tools/bin/../lib/gcc/arm-none-eabi/12.3.1/../../../../arm-none-eabi/lib/thumb/v8-m.main+fp/hard\libc_nano.a
LOAD C:/ST/STM32CubeIDE_1.14.1/STM32CubeIDE/plugins/com.st.stm32cube.ide.mcu.externaltools.gnu-tools-for-stm32.12.3.rel1.win32_1.0.200.202406191623/tools/bin/../lib/gcc/arm-none-eabi/12.3.1/../../../../arm-none-eabi/lib/thumb/v8-m.main+fp/hard\libnosys.a
END GROUP
START GROUP
LOAD C:/ST/STM32CubeIDE_1.14.1/STM32CubeIDE/plugins/com.st.stm32cube.ide.mcu.externaltools.gnu-tools-for-stm32.12.3.rel1.win32_1.0.200.202406191623/tools/bin/../lib/gcc/arm-none-eabi/12.3.1/thumb/v8-m.main+fp/hard\libgcc.a
LOAD C:/ST/STM32CubeIDE_1.14.1/STM32CubeIDE/plugins/com.st.stm32cube.ide.mcu.externaltools.gnu-tools-for-stm32.12.3.rel1.win32_1.0.200.202406191623/tools/bin/../lib/gcc/arm-none-eabi/12.3.1/../../../../arm-none-eabi/lib/thumb/v8-m.main+fp/hard\libc_nano.a
LOAD C:/ST/STM32CubeIDE_1.14.1/STM32CubeIDE/plugins/com.st.stm32cube.ide.mcu.externaltools.gnu-tools-for-stm32.12.3.rel1.win32_1.0.200.202406191623/tools/bin/../lib/gcc/arm-none-eabi/12.3.1/../../../../arm-none-eabi/lib/thumb/v8-m.main+fp/hard\libnosys.a
END GROUP
LOAD C:/ST/STM32CubeIDE_1.14.1/STM32CubeIDE/plugins/com.st.stm32cube.ide.mcu.externaltools.gnu-tools-for-stm32.12.3.rel1.win32_1.0.200.202406191623/tools/bin/../lib/gcc/arm-none-eabi/12.3.1/thumb/v8-m.main+fp/hard/crtend.o
LOAD C:/ST/STM32CubeIDE_1.14.1/STM32CubeIDE/plugins/com.st.stm32cube.ide.mcu.externaltools.gnu-tools-for-stm32.12.3.rel1.win32_1.0.200.202406191623/tools/bin/../lib/gcc/arm-none-eabi/12.3.1/thumb/v8-m.main+fp/hard/crtn.o
                0x202f0000                        _estack = (ORIGIN (RAM) + LENGTH (RAM))
                0x00000400                        _Min_Heap_Size = 0x400
                0x00000800                        _Min_Stack_Size = 0x800

.isr_vector     0x08000000      0x274
                0x08000000                        . = ALIGN (0x4)
 *(.isr_vector)
 .isr_vector    0x08000000      0x274 ./Core/Startup/startup_stm32u5g9zjtxq.o
                0x08000000                g_pfnVectors
                0x08000274                        . = ALIGN (0x4)

.text           0x08000274    0x110c4
                0x08000274                        . = ALIGN (0x4)
 *(.text)
 .text          0x08000274       0x40 C:/ST/STM32CubeIDE_1.14.1/STM32CubeIDE/plugins/com.st.stm32cube.ide.mcu.externaltools.gnu-tools-for-stm32.12.3.rel1.win32_1.0.200.202406191623/tools/bin/../lib/gcc/arm-none-eabi/12.3.1/thumb/v8-m.main+fp/hard/crtbegin.o
 .text          0x080002b4       0x30 C:/ST/STM32CubeIDE_1.14.1/STM32CubeIDE/plugins/com.st.stm32cube.ide.mcu.externaltools.gnu-tools-for-stm32.12.3.rel1.win32_1.0.200.202406191623/tools/bin/../lib/gcc/arm-none-eabi/12.3.1/thumb/v8-m.main+fp/hard\libgcc.a(_aeabi_uldivmod.o)
                0x080002b4                __aeabi_uldivmod
 .text          0x080002e4      0x2e4 C:/ST/STM32CubeIDE_1.14.1/STM32CubeIDE/plugins/com.st.stm32cube.ide.mcu.externaltools.gnu-tools-for-stm32.12.3.rel1.win32_1.0.200.202406191623/tools/bin/../lib/gcc/arm-none-eabi/12.3.1/thumb/v8-m.main+fp/hard\libgcc.a(_udivmoddi4.o)
                0x080002e4                __udivmoddi4
 .text          0x080005c8        0x4 C:/ST/STM32CubeIDE_1.14.1/STM32CubeIDE/plugins/com.st.stm32cube.ide.mcu.externaltools.gnu-tools-for-stm32.12.3.rel1.win32_1.0.200.202406191623/tools/bin/../lib/gcc/arm-none-eabi/12.3.1/thumb/v8-m.main+fp/hard\libgcc.a(_dvmd_tls.o)
                0x080005c8                __aeabi_idiv0
                0x080005c8                __aeabi_ldiv0
 *(.text*)
 .text.main     0x080005cc      0x1cc ./Core/Src/main.o
                0x080005cc                main
 .text.SystemClock_Config
                0x08000798       0xd8 ./Core/Src/main.o
                0x08000798                SystemClock_Config
 .text.PeriphCommonClock_Config
                0x08000870       0x6e ./Core/Src/main.o
                0x08000870                PeriphCommonClock_Config
 .text.SystemPower_Config
                0x080008de       0x1c ./Core/Src/main.o
 *fill*         0x080008fa        0x2 
 .text.MX_ADC1_Init
                0x080008fc      0x274 ./Core/Src/main.o
 .text.MX_ADC4_Init
                0x08000b70       0xf4 ./Core/Src/main.o
 .text.MX_DMA2D_Init
                0x08000c64       0x7c ./Core/Src/main.o
 .text.MX_GPDMA1_Init
                0x08000ce0       0x70 ./Core/Src/main.o
 .text.MX_HSPI1_Init
                0x08000d50       0x7c ./Core/Src/main.o
 .text.MX_I2C1_Init
                0x08000dcc       0x80 ./Core/Src/main.o
 .text.MX_I2C2_Init
                0x08000e4c       0x80 ./Core/Src/main.o
 .text.MX_ICACHE_Init
                0x08000ecc       0x26 ./Core/Src/main.o
 *fill*         0x08000ef2        0x2 
 .text.MX_LTDC_Init
                0x08000ef4      0x100 ./Core/Src/main.o
 .text.MX_RTC_Init
                0x08000ff4       0x9c ./Core/Src/main.o
 .text.MX_SAI2_Init
                0x08001090       0xd8 ./Core/Src/main.o
 .text.MX_TIM3_Init
                0x08001168       0xc4 ./Core/Src/main.o
 .text.MX_TIM15_Init
                0x0800122c       0xa0 ./Core/Src/main.o
 .text.MX_USART1_UART_Init
                0x080012cc       0x98 ./Core/Src/main.o
 .text.MX_USB_OTG_HS_PCD_Init
                0x08001364       0x5c ./Core/Src/main.o
 .text.MX_GPIO_Init
                0x080013c0      0x26c ./Core/Src/main.o
 .text.HAL_ADC_ConvHalfCpltCallback
                0x0800162c       0x98 ./Core/Src/main.o
                0x0800162c                HAL_ADC_ConvHalfCpltCallback
 .text.HAL_ADC_ConvCpltCallback
                0x080016c4       0x98 ./Core/Src/main.o
                0x080016c4                HAL_ADC_ConvCpltCallback
 .text.Error_Handler
                0x0800175c        0xc ./Core/Src/main.o
                0x0800175c                Error_Handler
 .text.HAL_MspInit
                0x08001768       0x34 ./Core/Src/stm32u5xx_hal_msp.o
                0x08001768                HAL_MspInit
 .text.HAL_ADC_MspInit
                0x0800179c      0x468 ./Core/Src/stm32u5xx_hal_msp.o
                0x0800179c                HAL_ADC_MspInit
 .text.HAL_DMA2D_MspInit
                0x08001c04       0x44 ./Core/Src/stm32u5xx_hal_msp.o
                0x08001c04                HAL_DMA2D_MspInit
 .text.HAL_XSPI_MspInit
                0x08001c48       0xd8 ./Core/Src/stm32u5xx_hal_msp.o
                0x08001c48                HAL_XSPI_MspInit
 .text.HAL_I2C_MspInit
                0x08001d20      0x1dc ./Core/Src/stm32u5xx_hal_msp.o
                0x08001d20                HAL_I2C_MspInit
 .text.HAL_LTDC_MspInit
                0x08001efc      0x29c ./Core/Src/stm32u5xx_hal_msp.o
                0x08001efc                HAL_LTDC_MspInit
 .text.HAL_RTC_MspInit
                0x08002198       0x98 ./Core/Src/stm32u5xx_hal_msp.o
                0x08002198                HAL_RTC_MspInit
 .text.HAL_TIM_PWM_MspInit
                0x08002230       0x44 ./Core/Src/stm32u5xx_hal_msp.o
                0x08002230                HAL_TIM_PWM_MspInit
 .text.HAL_TIM_Base_MspInit
                0x08002274       0x44 ./Core/Src/stm32u5xx_hal_msp.o
                0x08002274                HAL_TIM_Base_MspInit
 .text.HAL_TIM_MspPostInit
                0x080022b8       0x74 ./Core/Src/stm32u5xx_hal_msp.o
                0x080022b8                HAL_TIM_MspPostInit
 .text.HAL_UART_MspInit
                0x0800232c      0x104 ./Core/Src/stm32u5xx_hal_msp.o
                0x0800232c                HAL_UART_MspInit
 .text.HAL_PCD_MspInit
                0x08002430      0x10c ./Core/Src/stm32u5xx_hal_msp.o
                0x08002430                HAL_PCD_MspInit
 .text.HAL_SAI_MspInit
                0x0800253c      0x39c ./Core/Src/stm32u5xx_hal_msp.o
                0x0800253c                HAL_SAI_MspInit
 .text.NMI_Handler
                0x080028d8        0x8 ./Core/Src/stm32u5xx_it.o
                0x080028d8                NMI_Handler
 .text.HardFault_Handler
                0x080028e0        0x8 ./Core/Src/stm32u5xx_it.o
                0x080028e0                HardFault_Handler
 .text.MemManage_Handler
                0x080028e8        0x8 ./Core/Src/stm32u5xx_it.o
                0x080028e8                MemManage_Handler
 .text.BusFault_Handler
                0x080028f0        0x8 ./Core/Src/stm32u5xx_it.o
                0x080028f0                BusFault_Handler
 .text.UsageFault_Handler
                0x080028f8        0x8 ./Core/Src/stm32u5xx_it.o
                0x080028f8                UsageFault_Handler
 .text.SVC_Handler
                0x08002900        0xe ./Core/Src/stm32u5xx_it.o
                0x08002900                SVC_Handler
 .text.DebugMon_Handler
                0x0800290e        0xe ./Core/Src/stm32u5xx_it.o
                0x0800290e                DebugMon_Handler
 .text.PendSV_Handler
                0x0800291c        0xe ./Core/Src/stm32u5xx_it.o
                0x0800291c                PendSV_Handler
 .text.SysTick_Handler
                0x0800292a        0xc ./Core/Src/stm32u5xx_it.o
                0x0800292a                SysTick_Handler
 .text.EXTI1_IRQHandler
                0x08002936        0xe ./Core/Src/stm32u5xx_it.o
                0x08002936                EXTI1_IRQHandler
 .text.EXTI4_IRQHandler
                0x08002944        0xe ./Core/Src/stm32u5xx_it.o
                0x08002944                EXTI4_IRQHandler
 .text.EXTI5_IRQHandler
                0x08002952        0xe ./Core/Src/stm32u5xx_it.o
                0x08002952                EXTI5_IRQHandler
 .text.GPDMA1_Channel0_IRQHandler
                0x08002960       0x14 ./Core/Src/stm32u5xx_it.o
                0x08002960                GPDMA1_Channel0_IRQHandler
 .text.GPDMA1_Channel1_IRQHandler
                0x08002974       0x14 ./Core/Src/stm32u5xx_it.o
                0x08002974                GPDMA1_Channel1_IRQHandler
 .text.GPDMA1_Channel2_IRQHandler
                0x08002988       0x14 ./Core/Src/stm32u5xx_it.o
                0x08002988                GPDMA1_Channel2_IRQHandler
 .text.GPDMA1_Channel3_IRQHandler
                0x0800299c       0x14 ./Core/Src/stm32u5xx_it.o
                0x0800299c                GPDMA1_Channel3_IRQHandler
 .text.ADC1_2_IRQHandler
                0x080029b0       0x14 ./Core/Src/stm32u5xx_it.o
                0x080029b0                ADC1_2_IRQHandler
 .text.I2C2_EV_IRQHandler
                0x080029c4       0x14 ./Core/Src/stm32u5xx_it.o
                0x080029c4                I2C2_EV_IRQHandler
 .text.I2C2_ER_IRQHandler
                0x080029d8       0x14 ./Core/Src/stm32u5xx_it.o
                0x080029d8                I2C2_ER_IRQHandler
 .text.USART1_IRQHandler
                0x080029ec       0x14 ./Core/Src/stm32u5xx_it.o
                0x080029ec                USART1_IRQHandler
 .text.LTDC_IRQHandler
                0x08002a00       0x14 ./Core/Src/stm32u5xx_it.o
                0x08002a00                LTDC_IRQHandler
 .text.SystemInit
                0x08002a14       0x70 ./Core/Src/system_stm32u5xx.o
                0x08002a14                SystemInit
 .text.Reset_Handler
                0x08002a84       0x50 ./Core/Startup/startup_stm32u5g9zjtxq.o
                0x08002a84                Reset_Handler
 .text.Default_Handler
                0x08002ad4        0x2 ./Core/Startup/startup_stm32u5g9zjtxq.o
                0x08002ad4                EXTI2_IRQHandler
                0x08002ad4                TIM8_TRG_COM_IRQHandler
                0x08002ad4                TIM8_CC_IRQHandler
                0x08002ad4                FLASH_S_IRQHandler
                0x08002ad4                EXTI13_IRQHandler
                0x08002ad4                DCACHE2_IRQHandler
                0x08002ad4                TIM1_CC_IRQHandler
                0x08002ad4                TSC_IRQHandler
                0x08002ad4                JPEG_IRQHandler
                0x08002ad4                TAMP_IRQHandler
                0x08002ad4                TIM6_IRQHandler
                0x08002ad4                EXTI12_IRQHandler
                0x08002ad4                CORDIC_IRQHandler
                0x08002ad4                GFXTIM_IRQHandler
                0x08002ad4                EXTI3_IRQHandler
                0x08002ad4                LPTIM4_IRQHandler
                0x08002ad4                GPDMA1_Channel5_IRQHandler
                0x08002ad4                EXTI8_IRQHandler
                0x08002ad4                LPTIM2_IRQHandler
                0x08002ad4                GFXMMU_IRQHandler
                0x08002ad4                I2C3_ER_IRQHandler
                0x08002ad4                I2C5_EV_IRQHandler
                0x08002ad4                PWR_S3WU_IRQHandler
                0x08002ad4                MDF1_FLT2_IRQHandler
                0x08002ad4                LPDMA1_Channel3_IRQHandler
                0x08002ad4                LPTIM3_IRQHandler
                0x08002ad4                EXTI0_IRQHandler
                0x08002ad4                GPU2D_IRQHandler
                0x08002ad4                FPU_IRQHandler
                0x08002ad4                GPDMA1_Channel7_IRQHandler
                0x08002ad4                MDF1_FLT4_IRQHandler
                0x08002ad4                FDCAN1_IT1_IRQHandler
                0x08002ad4                RAMCFG_IRQHandler
                0x08002ad4                LTDC_ER_IRQHandler
                0x08002ad4                GPDMA1_Channel9_IRQHandler
                0x08002ad4                DCACHE1_IRQHandler
                0x08002ad4                SPI1_IRQHandler
                0x08002ad4                OCTOSPI1_IRQHandler
                0x08002ad4                TIM8_UP_IRQHandler
                0x08002ad4                RCC_S_IRQHandler
                0x08002ad4                OCTOSPI2_IRQHandler
                0x08002ad4                SAI2_IRQHandler
                0x08002ad4                MDF1_FLT1_IRQHandler
                0x08002ad4                PKA_IRQHandler
                0x08002ad4                USART6_IRQHandler
                0x08002ad4                MDF1_FLT5_IRQHandler
                0x08002ad4                EXTI15_IRQHandler
                0x08002ad4                TIM17_IRQHandler
                0x08002ad4                USART3_IRQHandler
                0x08002ad4                RTC_IRQHandler
                0x08002ad4                EXTI9_IRQHandler
                0x08002ad4                HSPI1_IRQHandler
                0x08002ad4                UART5_IRQHandler
                0x08002ad4                TIM4_IRQHandler
                0x08002ad4                I2C1_EV_IRQHandler
                0x08002ad4                GPDMA1_Channel12_IRQHandler
                0x08002ad4                TIM16_IRQHandler
                0x08002ad4                GPDMA1_Channel15_IRQHandler
                0x08002ad4                UART4_IRQHandler
                0x08002ad4                SecureFault_Handler
                0x08002ad4                TIM3_IRQHandler
                0x08002ad4                RCC_IRQHandler
                0x08002ad4                TIM1_TRG_COM_IRQHandler
                0x08002ad4                Default_Handler
                0x08002ad4                GPDMA1_Channel8_IRQHandler
                0x08002ad4                FMAC_IRQHandler
                0x08002ad4                I2C5_ER_IRQHandler
                0x08002ad4                OTFDEC1_IRQHandler
                0x08002ad4                GPDMA1_Channel11_IRQHandler
                0x08002ad4                GPU2D_ER_IRQHandler
                0x08002ad4                TIM7_IRQHandler
                0x08002ad4                SDMMC1_IRQHandler
                0x08002ad4                SAES_IRQHandler
                0x08002ad4                TIM5_IRQHandler
                0x08002ad4                UCPD1_IRQHandler
                0x08002ad4                TIM15_IRQHandler
                0x08002ad4                I2C3_EV_IRQHandler
                0x08002ad4                LPDMA1_Channel0_IRQHandler
                0x08002ad4                PVD_PVM_IRQHandler
                0x08002ad4                SPI2_IRQHandler
                0x08002ad4                LPDMA1_Channel1_IRQHandler
                0x08002ad4                EXTI14_IRQHandler
                0x08002ad4                EXTI11_IRQHandler
                0x08002ad4                OTFDEC2_IRQHandler
                0x08002ad4                CRS_IRQHandler
                0x08002ad4                GPDMA1_Channel14_IRQHandler
                0x08002ad4                LSECSSD_IRQHandler
                0x08002ad4                RTC_S_IRQHandler
                0x08002ad4                GPDMA1_Channel13_IRQHandler
                0x08002ad4                RNG_IRQHandler
                0x08002ad4                COMP_IRQHandler
                0x08002ad4                DSI_IRQHandler
                0x08002ad4                TIM1_UP_IRQHandler
                0x08002ad4                ADC4_IRQHandler
                0x08002ad4                WWDG_IRQHandler
                0x08002ad4                I2C4_EV_IRQHandler
                0x08002ad4                ADF1_IRQHandler
                0x08002ad4                IWDG_IRQHandler
                0x08002ad4                I2C6_ER_IRQHandler
                0x08002ad4                LPUART1_IRQHandler
                0x08002ad4                MDF1_FLT0_IRQHandler
                0x08002ad4                FDCAN1_IT0_IRQHandler
                0x08002ad4                TIM2_IRQHandler
                0x08002ad4                GPDMA1_Channel4_IRQHandler
                0x08002ad4                OTG_HS_IRQHandler
                0x08002ad4                EXTI7_IRQHandler
                0x08002ad4                DMA2D_IRQHandler
                0x08002ad4                TIM1_BRK_IRQHandler
                0x08002ad4                SDMMC2_IRQHandler
                0x08002ad4                AES_IRQHandler
                0x08002ad4                DAC1_IRQHandler
                0x08002ad4                GTZC_IRQHandler
                0x08002ad4                MDF1_FLT3_IRQHandler
                0x08002ad4                USART2_IRQHandler
                0x08002ad4                I2C6_EV_IRQHandler
                0x08002ad4                GPDMA1_Channel6_IRQHandler
                0x08002ad4                TIM8_BRK_IRQHandler
                0x08002ad4                FLASH_IRQHandler
                0x08002ad4                EXTI10_IRQHandler
                0x08002ad4                SPI3_IRQHandler
                0x08002ad4                LPDMA1_Channel2_IRQHandler
                0x08002ad4                I2C1_ER_IRQHandler
                0x08002ad4                FMC_IRQHandler
                0x08002ad4                EXTI6_IRQHandler
                0x08002ad4                LPTIM1_IRQHandler
                0x08002ad4                DCMI_PSSI_IRQHandler
                0x08002ad4                I2C4_ER_IRQHandler
                0x08002ad4                GPDMA1_Channel10_IRQHandler
                0x08002ad4                ICACHE_IRQHandler
                0x08002ad4                SAI1_IRQHandler
                0x08002ad4                HASH_IRQHandler
 *fill*         0x08002ad6        0x2 
 .text.HAL_Init
                0x08002ad8       0x60 ./Drivers/STM32U5xx_HAL_Driver/Src/stm32u5xx_hal.o
                0x08002ad8                HAL_Init
 .text.HAL_InitTick
                0x08002b38       0xec ./Drivers/STM32U5xx_HAL_Driver/Src/stm32u5xx_hal.o
                0x08002b38                HAL_InitTick
 .text.HAL_IncTick
                0x08002c24       0x28 ./Drivers/STM32U5xx_HAL_Driver/Src/stm32u5xx_hal.o
                0x08002c24                HAL_IncTick
 .text.HAL_GetTick
                0x08002c4c       0x18 ./Drivers/STM32U5xx_HAL_Driver/Src/stm32u5xx_hal.o
                0x08002c4c                HAL_GetTick
 .text.HAL_Delay
                0x08002c64       0x48 ./Drivers/STM32U5xx_HAL_Driver/Src/stm32u5xx_hal.o
                0x08002c64                HAL_Delay
 .text.HAL_SYSCFG_EnableOTGPHY
                0x08002cac       0x28 ./Drivers/STM32U5xx_HAL_Driver/Src/stm32u5xx_hal.o
                0x08002cac                HAL_SYSCFG_EnableOTGPHY
 .text.HAL_SYSCFG_SetOTGPHYReferenceClockSelection
                0x08002cd4       0x28 ./Drivers/STM32U5xx_HAL_Driver/Src/stm32u5xx_hal.o
                0x08002cd4                HAL_SYSCFG_SetOTGPHYReferenceClockSelection
 .text.LL_ADC_SetCommonClock
                0x08002cfc       0x26 ./Drivers/STM32U5xx_HAL_Driver/Src/stm32u5xx_hal_adc.o
 .text.LL_ADC_SetCommonPathInternalCh
                0x08002d22       0x26 ./Drivers/STM32U5xx_HAL_Driver/Src/stm32u5xx_hal_adc.o
 .text.LL_ADC_GetCommonPathInternalCh
                0x08002d48       0x1c ./Drivers/STM32U5xx_HAL_Driver/Src/stm32u5xx_hal_adc.o
 .text.LL_ADC_SetResolution
                0x08002d64       0x40 ./Drivers/STM32U5xx_HAL_Driver/Src/stm32u5xx_hal_adc.o
 .text.LL_ADC_SetOffset
                0x08002da4       0x42 ./Drivers/STM32U5xx_HAL_Driver/Src/stm32u5xx_hal_adc.o
 .text.LL_ADC_GetOffsetChannel
                0x08002de6       0x2c ./Drivers/STM32U5xx_HAL_Driver/Src/stm32u5xx_hal_adc.o
 .text.LL_ADC_SetOffsetSign
                0x08002e12       0x36 ./Drivers/STM32U5xx_HAL_Driver/Src/stm32u5xx_hal_adc.o
 .text.LL_ADC_SetOffsetSignedSaturation
                0x08002e48       0x36 ./Drivers/STM32U5xx_HAL_Driver/Src/stm32u5xx_hal_adc.o
 .text.LL_ADC_SetOffsetUnsignedSaturation
                0x08002e7e       0x36 ./Drivers/STM32U5xx_HAL_Driver/Src/stm32u5xx_hal_adc.o
 .text.LL_ADC_SetGainCompensation
                0x08002eb4       0x46 ./Drivers/STM32U5xx_HAL_Driver/Src/stm32u5xx_hal_adc.o
 .text.LL_ADC_SetSamplingTimeCommonChannels
                0x08002efa       0x3e ./Drivers/STM32U5xx_HAL_Driver/Src/stm32u5xx_hal_adc.o
 .text.LL_ADC_REG_IsTriggerSourceSWStart
                0x08002f38       0x26 ./Drivers/STM32U5xx_HAL_Driver/Src/stm32u5xx_hal_adc.o
 *fill*         0x08002f5e        0x2 
 .text.LL_ADC_REG_SetSequencerRanks
                0x08002f60       0xc0 ./Drivers/STM32U5xx_HAL_Driver/Src/stm32u5xx_hal_adc.o
 .text.LL_ADC_REG_SetSequencerChAdd
                0x08003020       0x66 ./Drivers/STM32U5xx_HAL_Driver/Src/stm32u5xx_hal_adc.o
 .text.LL_ADC_REG_SetSequencerChRem
                0x08003086       0x30 ./Drivers/STM32U5xx_HAL_Driver/Src/stm32u5xx_hal_adc.o
 .text.LL_ADC_REG_GetDMATransfer
                0x080030b6       0x1c ./Drivers/STM32U5xx_HAL_Driver/Src/stm32u5xx_hal_adc.o
 .text.LL_ADC_INJ_IsTriggerSourceSWStart
                0x080030d2       0x26 ./Drivers/STM32U5xx_HAL_Driver/Src/stm32u5xx_hal_adc.o
 .text.LL_ADC_SetChannelSamplingTime
                0x080030f8       0xc8 ./Drivers/STM32U5xx_HAL_Driver/Src/stm32u5xx_hal_adc.o
 .text.LL_ADC_SetChannelSingleDiff
                0x080031c0       0x48 ./Drivers/STM32U5xx_HAL_Driver/Src/stm32u5xx_hal_adc.o
 .text.LL_ADC_GetMultimode
                0x08003208       0x1c ./Drivers/STM32U5xx_HAL_Driver/Src/stm32u5xx_hal_adc.o
 .text.LL_ADC_GetMultiDMATransfer
                0x08003224       0x1c ./Drivers/STM32U5xx_HAL_Driver/Src/stm32u5xx_hal_adc.o
 .text.LL_ADC_DisableDeepPowerDown
                0x08003240       0x24 ./Drivers/STM32U5xx_HAL_Driver/Src/stm32u5xx_hal_adc.o
 .text.LL_ADC_IsDeepPowerDownEnabled
                0x08003264       0x28 ./Drivers/STM32U5xx_HAL_Driver/Src/stm32u5xx_hal_adc.o
 .text.LL_ADC_EnableInternalRegulator
                0x0800328c       0x28 ./Drivers/STM32U5xx_HAL_Driver/Src/stm32u5xx_hal_adc.o
 .text.LL_ADC_IsInternalRegulatorEnabled
                0x080032b4       0x28 ./Drivers/STM32U5xx_HAL_Driver/Src/stm32u5xx_hal_adc.o
 .text.LL_ADC_Enable
                0x080032dc       0x28 ./Drivers/STM32U5xx_HAL_Driver/Src/stm32u5xx_hal_adc.o
 .text.LL_ADC_IsEnabled
                0x08003304       0x26 ./Drivers/STM32U5xx_HAL_Driver/Src/stm32u5xx_hal_adc.o
 .text.LL_ADC_REG_StartConversion
                0x0800332a       0x28 ./Drivers/STM32U5xx_HAL_Driver/Src/stm32u5xx_hal_adc.o
 .text.LL_ADC_REG_IsConversionOngoing
                0x08003352       0x26 ./Drivers/STM32U5xx_HAL_Driver/Src/stm32u5xx_hal_adc.o
 .text.LL_ADC_INJ_IsConversionOngoing
                0x08003378       0x26 ./Drivers/STM32U5xx_HAL_Driver/Src/stm32u5xx_hal_adc.o
 *fill*         0x0800339e        0x2 
 .text.HAL_ADC_Init
                0x080033a0      0x5d0 ./Drivers/STM32U5xx_HAL_Driver/Src/stm32u5xx_hal_adc.o
                0x080033a0                HAL_ADC_Init
 .text.HAL_ADC_Start_DMA
                0x08003970      0x294 ./Drivers/STM32U5xx_HAL_Driver/Src/stm32u5xx_hal_adc.o
                0x08003970                HAL_ADC_Start_DMA
 .text.HAL_ADC_IRQHandler
                0x08003c04      0x56c ./Drivers/STM32U5xx_HAL_Driver/Src/stm32u5xx_hal_adc.o
                0x08003c04                HAL_ADC_IRQHandler
 .text.HAL_ADC_LevelOutOfWindowCallback
                0x08004170       0x14 ./Drivers/STM32U5xx_HAL_Driver/Src/stm32u5xx_hal_adc.o
                0x08004170                HAL_ADC_LevelOutOfWindowCallback
 .text.HAL_ADC_ErrorCallback
                0x08004184       0x14 ./Drivers/STM32U5xx_HAL_Driver/Src/stm32u5xx_hal_adc.o
                0x08004184                HAL_ADC_ErrorCallback
 .text.HAL_ADC_CalibrationCpltCallback
                0x08004198       0x14 ./Drivers/STM32U5xx_HAL_Driver/Src/stm32u5xx_hal_adc.o
                0x08004198                HAL_ADC_CalibrationCpltCallback
 .text.HAL_ADC_VoltageRegulatorCallback
                0x080041ac       0x14 ./Drivers/STM32U5xx_HAL_Driver/Src/stm32u5xx_hal_adc.o
                0x080041ac                HAL_ADC_VoltageRegulatorCallback
 .text.HAL_ADC_ADCReadyCallback
                0x080041c0       0x14 ./Drivers/STM32U5xx_HAL_Driver/Src/stm32u5xx_hal_adc.o
                0x080041c0                HAL_ADC_ADCReadyCallback
 .text.HAL_ADC_ConfigChannel
                0x080041d4      0xc3c ./Drivers/STM32U5xx_HAL_Driver/Src/stm32u5xx_hal_adc.o
                0x080041d4                HAL_ADC_ConfigChannel
 .text.ADC_Enable
                0x08004e10      0x134 ./Drivers/STM32U5xx_HAL_Driver/Src/stm32u5xx_hal_adc.o
                0x08004e10                ADC_Enable
 .text.ADC_DMAConvCplt
                0x08004f44       0xd8 ./Drivers/STM32U5xx_HAL_Driver/Src/stm32u5xx_hal_adc.o
                0x08004f44                ADC_DMAConvCplt
 .text.ADC_DMAHalfConvCplt
                0x0800501c       0x1c ./Drivers/STM32U5xx_HAL_Driver/Src/stm32u5xx_hal_adc.o
                0x0800501c                ADC_DMAHalfConvCplt
 .text.ADC_DMAError
                0x08005038       0x34 ./Drivers/STM32U5xx_HAL_Driver/Src/stm32u5xx_hal_adc.o
                0x08005038                ADC_DMAError
 .text.HAL_ADCEx_InjectedConvCpltCallback
                0x0800506c       0x14 ./Drivers/STM32U5xx_HAL_Driver/Src/stm32u5xx_hal_adc_ex.o
                0x0800506c                HAL_ADCEx_InjectedConvCpltCallback
 .text.HAL_ADCEx_LevelOutOfWindow2Callback
                0x08005080       0x14 ./Drivers/STM32U5xx_HAL_Driver/Src/stm32u5xx_hal_adc_ex.o
                0x08005080                HAL_ADCEx_LevelOutOfWindow2Callback
 .text.HAL_ADCEx_LevelOutOfWindow3Callback
                0x08005094       0x14 ./Drivers/STM32U5xx_HAL_Driver/Src/stm32u5xx_hal_adc_ex.o
                0x08005094                HAL_ADCEx_LevelOutOfWindow3Callback
 .text.HAL_ADCEx_EndOfSamplingCallback
                0x080050a8       0x14 ./Drivers/STM32U5xx_HAL_Driver/Src/stm32u5xx_hal_adc_ex.o
                0x080050a8                HAL_ADCEx_EndOfSamplingCallback
 .text.__NVIC_SetPriorityGrouping
                0x080050bc       0x48 ./Drivers/STM32U5xx_HAL_Driver/Src/stm32u5xx_hal_cortex.o
 .text.__NVIC_GetPriorityGrouping
                0x08005104       0x1c ./Drivers/STM32U5xx_HAL_Driver/Src/stm32u5xx_hal_cortex.o
 .text.__NVIC_EnableIRQ
                0x08005120       0x3c ./Drivers/STM32U5xx_HAL_Driver/Src/stm32u5xx_hal_cortex.o
 .text.__NVIC_SetPriority
                0x0800515c       0x54 ./Drivers/STM32U5xx_HAL_Driver/Src/stm32u5xx_hal_cortex.o
 .text.NVIC_EncodePriority
                0x080051b0       0x66 ./Drivers/STM32U5xx_HAL_Driver/Src/stm32u5xx_hal_cortex.o
 .text.HAL_NVIC_SetPriorityGrouping
                0x08005216       0x16 ./Drivers/STM32U5xx_HAL_Driver/Src/stm32u5xx_hal_cortex.o
                0x08005216                HAL_NVIC_SetPriorityGrouping
 .text.HAL_NVIC_SetPriority
                0x0800522c       0x34 ./Drivers/STM32U5xx_HAL_Driver/Src/stm32u5xx_hal_cortex.o
                0x0800522c                HAL_NVIC_SetPriority
 .text.HAL_NVIC_EnableIRQ
                0x08005260       0x1c ./Drivers/STM32U5xx_HAL_Driver/Src/stm32u5xx_hal_cortex.o
                0x08005260                HAL_NVIC_EnableIRQ
 .text.HAL_SYSTICK_Config
                0x0800527c       0x44 ./Drivers/STM32U5xx_HAL_Driver/Src/stm32u5xx_hal_cortex.o
                0x0800527c                HAL_SYSTICK_Config
 .text.HAL_SYSTICK_CLKSourceConfig
                0x080052c0       0xb0 ./Drivers/STM32U5xx_HAL_Driver/Src/stm32u5xx_hal_cortex.o
                0x080052c0                HAL_SYSTICK_CLKSourceConfig
 .text.HAL_SYSTICK_GetCLKSourceConfig
                0x08005370       0x74 ./Drivers/STM32U5xx_HAL_Driver/Src/stm32u5xx_hal_cortex.o
                0x08005370                HAL_SYSTICK_GetCLKSourceConfig
 .text.HAL_DMA_Init
                0x080053e4      0x258 ./Drivers/STM32U5xx_HAL_Driver/Src/stm32u5xx_hal_dma.o
                0x080053e4                HAL_DMA_Init
 .text.HAL_DMA_Start_IT
                0x0800563c       0xc0 ./Drivers/STM32U5xx_HAL_Driver/Src/stm32u5xx_hal_dma.o
                0x0800563c                HAL_DMA_Start_IT
 .text.HAL_DMA_Abort
                0x080056fc       0xf8 ./Drivers/STM32U5xx_HAL_Driver/Src/stm32u5xx_hal_dma.o
                0x080056fc                HAL_DMA_Abort
 .text.HAL_DMA_Abort_IT
                0x080057f4       0x52 ./Drivers/STM32U5xx_HAL_Driver/Src/stm32u5xx_hal_dma.o
                0x080057f4                HAL_DMA_Abort_IT
 .text.HAL_DMA_IRQHandler
                0x08005846      0x2c2 ./Drivers/STM32U5xx_HAL_Driver/Src/stm32u5xx_hal_dma.o
                0x08005846                HAL_DMA_IRQHandler
 .text.HAL_DMA_GetState
                0x08005b08       0x1c ./Drivers/STM32U5xx_HAL_Driver/Src/stm32u5xx_hal_dma.o
                0x08005b08                HAL_DMA_GetState
 .text.HAL_DMA_ConfigChannelAttributes
                0x08005b24       0x78 ./Drivers/STM32U5xx_HAL_Driver/Src/stm32u5xx_hal_dma.o
                0x08005b24                HAL_DMA_ConfigChannelAttributes
 .text.DMA_SetConfig
                0x08005b9c       0x4a ./Drivers/STM32U5xx_HAL_Driver/Src/stm32u5xx_hal_dma.o
 *fill*         0x08005be6        0x2 
 .text.DMA_Init
                0x08005be8      0x500 ./Drivers/STM32U5xx_HAL_Driver/Src/stm32u5xx_hal_dma.o
 .text.HAL_DMA2D_Init
                0x080060e8       0xc2 ./Drivers/STM32U5xx_HAL_Driver/Src/stm32u5xx_hal_dma2d.o
                0x080060e8                HAL_DMA2D_Init
 *fill*         0x080061aa        0x2 
 .text.HAL_DMA2D_ConfigLayer
                0x080061ac      0x15c ./Drivers/STM32U5xx_HAL_Driver/Src/stm32u5xx_hal_dma2d.o
                0x080061ac                HAL_DMA2D_ConfigLayer
 .text.HAL_DMAEx_List_Init
                0x08006308      0x258 ./Drivers/STM32U5xx_HAL_Driver/Src/stm32u5xx_hal_dma_ex.o
                0x08006308                HAL_DMAEx_List_Init
 .text.HAL_DMAEx_List_Start_IT
                0x08006560      0x128 ./Drivers/STM32U5xx_HAL_Driver/Src/stm32u5xx_hal_dma_ex.o
                0x08006560                HAL_DMAEx_List_Start_IT
 .text.HAL_DMAEx_List_BuildNode
                0x08006688       0x2c ./Drivers/STM32U5xx_HAL_Driver/Src/stm32u5xx_hal_dma_ex.o
                0x08006688                HAL_DMAEx_List_BuildNode
 .text.HAL_DMAEx_List_GetNodeConfig
                0x080066b4       0x2c ./Drivers/STM32U5xx_HAL_Driver/Src/stm32u5xx_hal_dma_ex.o
                0x080066b4                HAL_DMAEx_List_GetNodeConfig
 .text.HAL_DMAEx_List_InsertNode
                0x080066e0      0x192 ./Drivers/STM32U5xx_HAL_Driver/Src/stm32u5xx_hal_dma_ex.o
                0x080066e0                HAL_DMAEx_List_InsertNode
 .text.HAL_DMAEx_List_SetCircularMode
                0x08006872       0xc0 ./Drivers/STM32U5xx_HAL_Driver/Src/stm32u5xx_hal_dma_ex.o
                0x08006872                HAL_DMAEx_List_SetCircularMode
 *fill*         0x08006932        0x2 
 .text.HAL_DMAEx_List_LinkQ
                0x08006934      0x12c ./Drivers/STM32U5xx_HAL_Driver/Src/stm32u5xx_hal_dma_ex.o
                0x08006934                HAL_DMAEx_List_LinkQ
 .text.HAL_DMAEx_GetFifoLevel
                0x08006a60       0x1e ./Drivers/STM32U5xx_HAL_Driver/Src/stm32u5xx_hal_dma_ex.o
                0x08006a60                HAL_DMAEx_GetFifoLevel
 *fill*         0x08006a7e        0x2 
 .text.DMA_List_Init
                0x08006a80      0x2b0 ./Drivers/STM32U5xx_HAL_Driver/Src/stm32u5xx_hal_dma_ex.o
 .text.DMA_List_BuildNode
                0x08006d30      0x2a4 ./Drivers/STM32U5xx_HAL_Driver/Src/stm32u5xx_hal_dma_ex.o
 .text.DMA_List_GetNodeConfig
                0x08006fd4      0x214 ./Drivers/STM32U5xx_HAL_Driver/Src/stm32u5xx_hal_dma_ex.o
 .text.DMA_List_CheckNodesBaseAddresses
                0x080071e8       0x60 ./Drivers/STM32U5xx_HAL_Driver/Src/stm32u5xx_hal_dma_ex.o
 .text.DMA_List_CheckNodesTypes
                0x08007248       0x78 ./Drivers/STM32U5xx_HAL_Driver/Src/stm32u5xx_hal_dma_ex.o
 .text.DMA_List_GetCLLRNodeInfo
                0x080072c0       0x60 ./Drivers/STM32U5xx_HAL_Driver/Src/stm32u5xx_hal_dma_ex.o
 .text.DMA_List_FindNode
                0x08007320      0x13e ./Drivers/STM32U5xx_HAL_Driver/Src/stm32u5xx_hal_dma_ex.o
 *fill*         0x0800745e        0x2 
 .text.HAL_GPIO_Init
                0x08007460      0x3b0 ./Drivers/STM32U5xx_HAL_Driver/Src/stm32u5xx_hal_gpio.o
                0x08007460                HAL_GPIO_Init
 .text.HAL_GPIO_WritePin
                0x08007810       0x30 ./Drivers/STM32U5xx_HAL_Driver/Src/stm32u5xx_hal_gpio.o
                0x08007810                HAL_GPIO_WritePin
 .text.HAL_GPIO_EXTI_IRQHandler
                0x08007840       0x4c ./Drivers/STM32U5xx_HAL_Driver/Src/stm32u5xx_hal_gpio.o
                0x08007840                HAL_GPIO_EXTI_IRQHandler
 .text.HAL_GPIO_EXTI_Rising_Callback
                0x0800788c       0x16 ./Drivers/STM32U5xx_HAL_Driver/Src/stm32u5xx_hal_gpio.o
                0x0800788c                HAL_GPIO_EXTI_Rising_Callback
 .text.HAL_GPIO_EXTI_Falling_Callback
                0x080078a2       0x16 ./Drivers/STM32U5xx_HAL_Driver/Src/stm32u5xx_hal_gpio.o
                0x080078a2                HAL_GPIO_EXTI_Falling_Callback
 .text.HAL_I2C_Init
                0x080078b8      0x136 ./Drivers/STM32U5xx_HAL_Driver/Src/stm32u5xx_hal_i2c.o
                0x080078b8                HAL_I2C_Init
 .text.HAL_I2C_EV_IRQHandler
                0x080079ee       0x34 ./Drivers/STM32U5xx_HAL_Driver/Src/stm32u5xx_hal_i2c.o
                0x080079ee                HAL_I2C_EV_IRQHandler
 .text.HAL_I2C_ER_IRQHandler
                0x08007a22       0xb6 ./Drivers/STM32U5xx_HAL_Driver/Src/stm32u5xx_hal_i2c.o
                0x08007a22                HAL_I2C_ER_IRQHandler
 .text.HAL_I2C_SlaveTxCpltCallback
                0x08007ad8       0x14 ./Drivers/STM32U5xx_HAL_Driver/Src/stm32u5xx_hal_i2c.o
                0x08007ad8                HAL_I2C_SlaveTxCpltCallback
 .text.HAL_I2C_SlaveRxCpltCallback
                0x08007aec       0x14 ./Drivers/STM32U5xx_HAL_Driver/Src/stm32u5xx_hal_i2c.o
                0x08007aec                HAL_I2C_SlaveRxCpltCallback
 .text.HAL_I2C_AddrCallback
                0x08007b00       0x1c ./Drivers/STM32U5xx_HAL_Driver/Src/stm32u5xx_hal_i2c.o
                0x08007b00                HAL_I2C_AddrCallback
 .text.HAL_I2C_ListenCpltCallback
                0x08007b1c       0x14 ./Drivers/STM32U5xx_HAL_Driver/Src/stm32u5xx_hal_i2c.o
                0x08007b1c                HAL_I2C_ListenCpltCallback
 .text.HAL_I2C_ErrorCallback
                0x08007b30       0x14 ./Drivers/STM32U5xx_HAL_Driver/Src/stm32u5xx_hal_i2c.o
                0x08007b30                HAL_I2C_ErrorCallback
 .text.HAL_I2C_AbortCpltCallback
                0x08007b44       0x14 ./Drivers/STM32U5xx_HAL_Driver/Src/stm32u5xx_hal_i2c.o
                0x08007b44                HAL_I2C_AbortCpltCallback
 .text.I2C_Slave_ISR_IT
                0x08007b58      0x1f2 ./Drivers/STM32U5xx_HAL_Driver/Src/stm32u5xx_hal_i2c.o
 .text.I2C_ITAddrCplt
                0x08007d4a      0x108 ./Drivers/STM32U5xx_HAL_Driver/Src/stm32u5xx_hal_i2c.o
 .text.I2C_ITSlaveSeqCplt
                0x08007e52       0xb8 ./Drivers/STM32U5xx_HAL_Driver/Src/stm32u5xx_hal_i2c.o
 *fill*         0x08007f0a        0x2 
 .text.I2C_ITSlaveCplt
                0x08007f0c      0x2ec ./Drivers/STM32U5xx_HAL_Driver/Src/stm32u5xx_hal_i2c.o
 .text.I2C_ITListenCplt
                0x080081f8       0xa8 ./Drivers/STM32U5xx_HAL_Driver/Src/stm32u5xx_hal_i2c.o
 .text.I2C_ITError
                0x080082a0      0x1e0 ./Drivers/STM32U5xx_HAL_Driver/Src/stm32u5xx_hal_i2c.o
 .text.I2C_TreatErrorCallback
                0x08008480       0x4e ./Drivers/STM32U5xx_HAL_Driver/Src/stm32u5xx_hal_i2c.o
 .text.I2C_Flush_TXDR
                0x080084ce       0x48 ./Drivers/STM32U5xx_HAL_Driver/Src/stm32u5xx_hal_i2c.o
 .text.I2C_DMAAbort
                0x08008516       0x3c ./Drivers/STM32U5xx_HAL_Driver/Src/stm32u5xx_hal_i2c.o
 .text.I2C_Disable_IRQ
                0x08008552       0xbc ./Drivers/STM32U5xx_HAL_Driver/Src/stm32u5xx_hal_i2c.o
 .text.HAL_I2CEx_ConfigAnalogFilter
                0x0800860e       0x96 ./Drivers/STM32U5xx_HAL_Driver/Src/stm32u5xx_hal_i2c_ex.o
                0x0800860e                HAL_I2CEx_ConfigAnalogFilter
 .text.HAL_I2CEx_ConfigDigitalFilter
                0x080086a4       0x98 ./Drivers/STM32U5xx_HAL_Driver/Src/stm32u5xx_hal_i2c_ex.o
                0x080086a4                HAL_I2CEx_ConfigDigitalFilter
 .text.HAL_ICACHE_ConfigAssociativityMode
                0x0800873c       0x40 ./Drivers/STM32U5xx_HAL_Driver/Src/stm32u5xx_hal_icache.o
                0x0800873c                HAL_ICACHE_ConfigAssociativityMode
 .text.HAL_ICACHE_Enable
                0x0800877c       0x20 ./Drivers/STM32U5xx_HAL_Driver/Src/stm32u5xx_hal_icache.o
                0x0800877c                HAL_ICACHE_Enable
 .text.HAL_LTDC_Init
                0x0800879c      0x1a0 ./Drivers/STM32U5xx_HAL_Driver/Src/stm32u5xx_hal_ltdc.o
                0x0800879c                HAL_LTDC_Init
 .text.HAL_LTDC_IRQHandler
                0x0800893c      0x148 ./Drivers/STM32U5xx_HAL_Driver/Src/stm32u5xx_hal_ltdc.o
                0x0800893c                HAL_LTDC_IRQHandler
 .text.HAL_LTDC_ErrorCallback
                0x08008a84       0x14 ./Drivers/STM32U5xx_HAL_Driver/Src/stm32u5xx_hal_ltdc.o
                0x08008a84                HAL_LTDC_ErrorCallback
 .text.HAL_LTDC_LineEventCallback
                0x08008a98       0x14 ./Drivers/STM32U5xx_HAL_Driver/Src/stm32u5xx_hal_ltdc.o
                0x08008a98                HAL_LTDC_LineEventCallback
 .text.HAL_LTDC_ReloadEventCallback
                0x08008aac       0x14 ./Drivers/STM32U5xx_HAL_Driver/Src/stm32u5xx_hal_ltdc.o
                0x08008aac                HAL_LTDC_ReloadEventCallback
 .text.HAL_LTDC_ConfigLayer
                0x08008ac0       0x7c ./Drivers/STM32U5xx_HAL_Driver/Src/stm32u5xx_hal_ltdc.o
                0x08008ac0                HAL_LTDC_ConfigLayer
 .text.LTDC_SetConfig
                0x08008b3c      0x2e6 ./Drivers/STM32U5xx_HAL_Driver/Src/stm32u5xx_hal_ltdc.o
 .text.HAL_PCD_Init
                0x08008e22      0x218 ./Drivers/STM32U5xx_HAL_Driver/Src/stm32u5xx_hal_pcd.o
                0x08008e22                HAL_PCD_Init
 .text.HAL_PCDEx_ActivateLPM
                0x0800903a       0x48 ./Drivers/STM32U5xx_HAL_Driver/Src/stm32u5xx_hal_pcd_ex.o
                0x0800903a                HAL_PCDEx_ActivateLPM
 *fill*         0x08009082        0x2 
 .text.HAL_PWR_EnableBkUpAccess
                0x08009084       0x20 ./Drivers/STM32U5xx_HAL_Driver/Src/stm32u5xx_hal_pwr.o
                0x08009084                HAL_PWR_EnableBkUpAccess
 .text.HAL_PWREx_ControlVoltageScaling
                0x080090a4       0xfc ./Drivers/STM32U5xx_HAL_Driver/Src/stm32u5xx_hal_pwr_ex.o
                0x080090a4                HAL_PWREx_ControlVoltageScaling
 .text.HAL_PWREx_GetVoltageRange
                0x080091a0       0x1c ./Drivers/STM32U5xx_HAL_Driver/Src/stm32u5xx_hal_pwr_ex.o
                0x080091a0                HAL_PWREx_GetVoltageRange
 .text.HAL_PWREx_ConfigSupply
                0x080091bc       0xa0 ./Drivers/STM32U5xx_HAL_Driver/Src/stm32u5xx_hal_pwr_ex.o
                0x080091bc                HAL_PWREx_ConfigSupply
 .text.HAL_PWREx_EnableVddUSB
                0x0800925c       0x20 ./Drivers/STM32U5xx_HAL_Driver/Src/stm32u5xx_hal_pwr_ex.o
                0x0800925c                HAL_PWREx_EnableVddUSB
 .text.HAL_PWREx_EnableVddIO2
                0x0800927c       0x20 ./Drivers/STM32U5xx_HAL_Driver/Src/stm32u5xx_hal_pwr_ex.o
                0x0800927c                HAL_PWREx_EnableVddIO2
 .text.HAL_PWREx_EnableVddA
                0x0800929c       0x20 ./Drivers/STM32U5xx_HAL_Driver/Src/stm32u5xx_hal_pwr_ex.o
                0x0800929c                HAL_PWREx_EnableVddA
 .text.HAL_PWREx_EnableUSBHSTranceiverSupply
                0x080092bc       0x3c ./Drivers/STM32U5xx_HAL_Driver/Src/stm32u5xx_hal_pwr_ex.o
                0x080092bc                HAL_PWREx_EnableUSBHSTranceiverSupply
 .text.HAL_RCC_OscConfig
                0x080092f8      0xdb8 ./Drivers/STM32U5xx_HAL_Driver/Src/stm32u5xx_hal_rcc.o
                0x080092f8                HAL_RCC_OscConfig
 .text.HAL_RCC_ClockConfig
                0x0800a0b0      0x3e4 ./Drivers/STM32U5xx_HAL_Driver/Src/stm32u5xx_hal_rcc.o
                0x0800a0b0                HAL_RCC_ClockConfig
 .text.HAL_RCC_GetSysClockFreq
                0x0800a494      0x204 ./Drivers/STM32U5xx_HAL_Driver/Src/stm32u5xx_hal_rcc.o
                0x0800a494                HAL_RCC_GetSysClockFreq
 .text.HAL_RCC_GetHCLKFreq
                0x0800a698       0x34 ./Drivers/STM32U5xx_HAL_Driver/Src/stm32u5xx_hal_rcc.o
                0x0800a698                HAL_RCC_GetHCLKFreq
 .text.HAL_RCC_GetPCLK1Freq
                0x0800a6cc       0x28 ./Drivers/STM32U5xx_HAL_Driver/Src/stm32u5xx_hal_rcc.o
                0x0800a6cc                HAL_RCC_GetPCLK1Freq
 .text.HAL_RCC_GetPCLK2Freq
                0x0800a6f4       0x28 ./Drivers/STM32U5xx_HAL_Driver/Src/stm32u5xx_hal_rcc.o
                0x0800a6f4                HAL_RCC_GetPCLK2Freq
 .text.HAL_RCC_GetPCLK3Freq
                0x0800a71c       0x28 ./Drivers/STM32U5xx_HAL_Driver/Src/stm32u5xx_hal_rcc.o
                0x0800a71c                HAL_RCC_GetPCLK3Freq
 .text.RCC_SetFlashLatencyFromMSIRange
                0x0800a744      0x10c ./Drivers/STM32U5xx_HAL_Driver/Src/stm32u5xx_hal_rcc.o
 .text.HAL_RCCEx_PeriphCLKConfig
                0x0800a850      0xe70 ./Drivers/STM32U5xx_HAL_Driver/Src/stm32u5xx_hal_rcc_ex.o
                0x0800a850                HAL_RCCEx_PeriphCLKConfig
 .text.HAL_RCCEx_GetPLL1ClockFreq
                0x0800b6c0      0x2b4 ./Drivers/STM32U5xx_HAL_Driver/Src/stm32u5xx_hal_rcc_ex.o
                0x0800b6c0                HAL_RCCEx_GetPLL1ClockFreq
 .text.HAL_RCCEx_GetPLL2ClockFreq
                0x0800b974      0x2b4 ./Drivers/STM32U5xx_HAL_Driver/Src/stm32u5xx_hal_rcc_ex.o
                0x0800b974                HAL_RCCEx_GetPLL2ClockFreq
 .text.HAL_RCCEx_GetPLL3ClockFreq
                0x0800bc28      0x2b4 ./Drivers/STM32U5xx_HAL_Driver/Src/stm32u5xx_hal_rcc_ex.o
                0x0800bc28                HAL_RCCEx_GetPLL3ClockFreq
 .text.HAL_RCCEx_GetPeriphCLKFreq
                0x0800bedc     0x170c ./Drivers/STM32U5xx_HAL_Driver/Src/stm32u5xx_hal_rcc_ex.o
                0x0800bedc                HAL_RCCEx_GetPeriphCLKFreq
 .text.RCCEx_PLL2_Config
                0x0800d5e8      0x130 ./Drivers/STM32U5xx_HAL_Driver/Src/stm32u5xx_hal_rcc_ex.o
 .text.RCCEx_PLL3_Config
                0x0800d718      0x130 ./Drivers/STM32U5xx_HAL_Driver/Src/stm32u5xx_hal_rcc_ex.o
 .text.HAL_RTC_Init
                0x0800d848      0x104 ./Drivers/STM32U5xx_HAL_Driver/Src/stm32u5xx_hal_rtc.o
                0x0800d848                HAL_RTC_Init
 .text.HAL_RTC_WaitForSynchro
                0x0800d94c       0x64 ./Drivers/STM32U5xx_HAL_Driver/Src/stm32u5xx_hal_rtc.o
                0x0800d94c                HAL_RTC_WaitForSynchro
 .text.RTC_EnterInitMode
                0x0800d9b0       0x78 ./Drivers/STM32U5xx_HAL_Driver/Src/stm32u5xx_hal_rtc.o
                0x0800d9b0                RTC_EnterInitMode
 .text.RTC_ExitInitMode
                0x0800da28       0x7c ./Drivers/STM32U5xx_HAL_Driver/Src/stm32u5xx_hal_rtc.o
                0x0800da28                RTC_ExitInitMode
 .text.HAL_RTCEx_PrivilegeModeSet
                0x0800daa4       0x5c ./Drivers/STM32U5xx_HAL_Driver/Src/stm32u5xx_hal_rtc_ex.o
                0x0800daa4                HAL_RTCEx_PrivilegeModeSet
 .text.HAL_SAI_InitProtocol
                0x0800db00       0x62 ./Drivers/STM32U5xx_HAL_Driver/Src/stm32u5xx_hal_sai.o
                0x0800db00                HAL_SAI_InitProtocol
 *fill*         0x0800db62        0x2 
 .text.HAL_SAI_Init
                0x0800db64      0x3c8 ./Drivers/STM32U5xx_HAL_Driver/Src/stm32u5xx_hal_sai.o
                0x0800db64                HAL_SAI_Init
 .text.HAL_SAI_Transmit_DMA
                0x0800df2c      0x204 ./Drivers/STM32U5xx_HAL_Driver/Src/stm32u5xx_hal_sai.o
                0x0800df2c                HAL_SAI_Transmit_DMA
 .text.HAL_SAI_TxCpltCallback
                0x0800e130       0x14 ./Drivers/STM32U5xx_HAL_Driver/Src/stm32u5xx_hal_sai.o
                0x0800e130                HAL_SAI_TxCpltCallback
 .text.HAL_SAI_TxHalfCpltCallback
                0x0800e144       0x14 ./Drivers/STM32U5xx_HAL_Driver/Src/stm32u5xx_hal_sai.o
                0x0800e144                HAL_SAI_TxHalfCpltCallback
 .text.HAL_SAI_ErrorCallback
                0x0800e158       0x14 ./Drivers/STM32U5xx_HAL_Driver/Src/stm32u5xx_hal_sai.o
                0x0800e158                HAL_SAI_ErrorCallback
 .text.SAI_InitI2S
                0x0800e16c      0x164 ./Drivers/STM32U5xx_HAL_Driver/Src/stm32u5xx_hal_sai.o
 .text.SAI_InitPCM
                0x0800e2d0      0x104 ./Drivers/STM32U5xx_HAL_Driver/Src/stm32u5xx_hal_sai.o
 .text.SAI_InterruptFlag
                0x0800e3d4       0x6e ./Drivers/STM32U5xx_HAL_Driver/Src/stm32u5xx_hal_sai.o
 *fill*         0x0800e442        0x2 
 .text.SAI_Disable
                0x0800e444       0x74 ./Drivers/STM32U5xx_HAL_Driver/Src/stm32u5xx_hal_sai.o
 .text.SAI_DMATxCplt
                0x0800e4b8       0x5e ./Drivers/STM32U5xx_HAL_Driver/Src/stm32u5xx_hal_sai.o
 .text.SAI_DMATxHalfCplt
                0x0800e516       0x1c ./Drivers/STM32U5xx_HAL_Driver/Src/stm32u5xx_hal_sai.o
 .text.SAI_DMAError
                0x0800e532       0x52 ./Drivers/STM32U5xx_HAL_Driver/Src/stm32u5xx_hal_sai.o
 .text.HAL_TIM_Base_Init
                0x0800e584       0xae ./Drivers/STM32U5xx_HAL_Driver/Src/stm32u5xx_hal_tim.o
                0x0800e584                HAL_TIM_Base_Init
 *fill*         0x0800e632        0x2 
 .text.HAL_TIM_Base_Start
                0x0800e634      0x130 ./Drivers/STM32U5xx_HAL_Driver/Src/stm32u5xx_hal_tim.o
                0x0800e634                HAL_TIM_Base_Start
 .text.HAL_TIM_PWM_Init
                0x0800e764       0xae ./Drivers/STM32U5xx_HAL_Driver/Src/stm32u5xx_hal_tim.o
                0x0800e764                HAL_TIM_PWM_Init
 *fill*         0x0800e812        0x2 
 .text.HAL_TIM_PWM_ConfigChannel
                0x0800e814      0x228 ./Drivers/STM32U5xx_HAL_Driver/Src/stm32u5xx_hal_tim.o
                0x0800e814                HAL_TIM_PWM_ConfigChannel
 .text.HAL_TIM_ConfigClockSource
                0x0800ea3c      0x204 ./Drivers/STM32U5xx_HAL_Driver/Src/stm32u5xx_hal_tim.o
                0x0800ea3c                HAL_TIM_ConfigClockSource
 .text.TIM_Base_SetConfig
                0x0800ec40      0x20c ./Drivers/STM32U5xx_HAL_Driver/Src/stm32u5xx_hal_tim.o
                0x0800ec40                TIM_Base_SetConfig
 .text.TIM_OC1_SetConfig
                0x0800ee4c      0x184 ./Drivers/STM32U5xx_HAL_Driver/Src/stm32u5xx_hal_tim.o
 .text.TIM_OC2_SetConfig
                0x0800efd0      0x160 ./Drivers/STM32U5xx_HAL_Driver/Src/stm32u5xx_hal_tim.o
                0x0800efd0                TIM_OC2_SetConfig
 .text.TIM_OC3_SetConfig
                0x0800f130      0x15c ./Drivers/STM32U5xx_HAL_Driver/Src/stm32u5xx_hal_tim.o
 .text.TIM_OC4_SetConfig
                0x0800f28c      0x160 ./Drivers/STM32U5xx_HAL_Driver/Src/stm32u5xx_hal_tim.o
 .text.TIM_OC5_SetConfig
                0x0800f3ec      0x104 ./Drivers/STM32U5xx_HAL_Driver/Src/stm32u5xx_hal_tim.o
 .text.TIM_OC6_SetConfig
                0x0800f4f0      0x108 ./Drivers/STM32U5xx_HAL_Driver/Src/stm32u5xx_hal_tim.o
 .text.TIM_TI1_ConfigInputStage
                0x0800f5f8       0x5e ./Drivers/STM32U5xx_HAL_Driver/Src/stm32u5xx_hal_tim.o
 .text.TIM_TI2_ConfigInputStage
                0x0800f656       0x60 ./Drivers/STM32U5xx_HAL_Driver/Src/stm32u5xx_hal_tim.o
 .text.TIM_ITRx_SetConfig
                0x0800f6b6       0x3a ./Drivers/STM32U5xx_HAL_Driver/Src/stm32u5xx_hal_tim.o
 .text.TIM_ETR_SetConfig
                0x0800f6f0       0x40 ./Drivers/STM32U5xx_HAL_Driver/Src/stm32u5xx_hal_tim.o
                0x0800f6f0                TIM_ETR_SetConfig
 .text.HAL_TIMEx_MasterConfigSynchronization
                0x0800f730      0x184 ./Drivers/STM32U5xx_HAL_Driver/Src/stm32u5xx_hal_tim_ex.o
                0x0800f730                HAL_TIMEx_MasterConfigSynchronization
 .text.HAL_UART_Init
                0x0800f8b4       0xa0 ./Drivers/STM32U5xx_HAL_Driver/Src/stm32u5xx_hal_uart.o
                0x0800f8b4                HAL_UART_Init
 .text.HAL_UART_IRQHandler
                0x0800f954      0x618 ./Drivers/STM32U5xx_HAL_Driver/Src/stm32u5xx_hal_uart.o
                0x0800f954                HAL_UART_IRQHandler
 .text.HAL_UART_TxCpltCallback
                0x0800ff6c       0x14 ./Drivers/STM32U5xx_HAL_Driver/Src/stm32u5xx_hal_uart.o
                0x0800ff6c                HAL_UART_TxCpltCallback
 .text.HAL_UART_ErrorCallback
                0x0800ff80       0x14 ./Drivers/STM32U5xx_HAL_Driver/Src/stm32u5xx_hal_uart.o
                0x0800ff80                HAL_UART_ErrorCallback
 .text.HAL_UARTEx_RxEventCallback
                0x0800ff94       0x18 ./Drivers/STM32U5xx_HAL_Driver/Src/stm32u5xx_hal_uart.o
                0x0800ff94                HAL_UARTEx_RxEventCallback
 .text.UART_SetConfig
                0x0800ffac      0x35c ./Drivers/STM32U5xx_HAL_Driver/Src/stm32u5xx_hal_uart.o
                0x0800ffac                UART_SetConfig
 .text.UART_AdvFeatureConfig
                0x08010308      0x144 ./Drivers/STM32U5xx_HAL_Driver/Src/stm32u5xx_hal_uart.o
                0x08010308                UART_AdvFeatureConfig
 .text.UART_CheckIdleState
                0x0801044c      0x154 ./Drivers/STM32U5xx_HAL_Driver/Src/stm32u5xx_hal_uart.o
                0x0801044c                UART_CheckIdleState
 .text.UART_WaitOnFlagUntilTimeout
                0x080105a0       0xda ./Drivers/STM32U5xx_HAL_Driver/Src/stm32u5xx_hal_uart.o
                0x080105a0                UART_WaitOnFlagUntilTimeout
 .text.UART_EndRxTransfer
                0x0801067a       0xcc ./Drivers/STM32U5xx_HAL_Driver/Src/stm32u5xx_hal_uart.o
 .text.UART_DMAAbortOnError
                0x08010746       0x2c ./Drivers/STM32U5xx_HAL_Driver/Src/stm32u5xx_hal_uart.o
 .text.UART_EndTransmit_IT
                0x08010772       0x56 ./Drivers/STM32U5xx_HAL_Driver/Src/stm32u5xx_hal_uart.o
 .text.HAL_UARTEx_RxFifoFullCallback
                0x080107c8       0x14 ./Drivers/STM32U5xx_HAL_Driver/Src/stm32u5xx_hal_uart_ex.o
                0x080107c8                HAL_UARTEx_RxFifoFullCallback
 .text.HAL_UARTEx_TxFifoEmptyCallback
                0x080107dc       0x14 ./Drivers/STM32U5xx_HAL_Driver/Src/stm32u5xx_hal_uart_ex.o
                0x080107dc                HAL_UARTEx_TxFifoEmptyCallback
 .text.HAL_UARTEx_DisableFifoMode
                0x080107f0       0x72 ./Drivers/STM32U5xx_HAL_Driver/Src/stm32u5xx_hal_uart_ex.o
                0x080107f0                HAL_UARTEx_DisableFifoMode
 .text.HAL_UARTEx_SetTxFifoThreshold
                0x08010862       0x7c ./Drivers/STM32U5xx_HAL_Driver/Src/stm32u5xx_hal_uart_ex.o
                0x08010862                HAL_UARTEx_SetTxFifoThreshold
 .text.HAL_UARTEx_SetRxFifoThreshold
                0x080108de       0x7c ./Drivers/STM32U5xx_HAL_Driver/Src/stm32u5xx_hal_uart_ex.o
                0x080108de                HAL_UARTEx_SetRxFifoThreshold
 *fill*         0x0801095a        0x2 
 .text.UARTEx_SetNbDataToProcess
                0x0801095c       0x9c ./Drivers/STM32U5xx_HAL_Driver/Src/stm32u5xx_hal_uart_ex.o
 .text.HAL_XSPI_Init
                0x080109f8      0x298 ./Drivers/STM32U5xx_HAL_Driver/Src/stm32u5xx_hal_xspi.o
                0x080109f8                HAL_XSPI_Init
 .text.HAL_XSPI_SetTimeout
                0x08010c90       0x1e ./Drivers/STM32U5xx_HAL_Driver/Src/stm32u5xx_hal_xspi.o
                0x08010c90                HAL_XSPI_SetTimeout
 .text.XSPI_WaitFlagStateUntilTimeout
                0x08010cae       0x6e ./Drivers/STM32U5xx_HAL_Driver/Src/stm32u5xx_hal_xspi.o
 .text.USB_CoreInit
                0x08010d1c       0x5e ./Drivers/STM32U5xx_HAL_Driver/Src/stm32u5xx_ll_usb.o
                0x08010d1c                USB_CoreInit
 .text.USB_DisableGlobalInt
                0x08010d7a       0x22 ./Drivers/STM32U5xx_HAL_Driver/Src/stm32u5xx_ll_usb.o
                0x08010d7a                USB_DisableGlobalInt
 .text.USB_SetCurrentMode
                0x08010d9c       0x98 ./Drivers/STM32U5xx_HAL_Driver/Src/stm32u5xx_ll_usb.o
                0x08010d9c                USB_SetCurrentMode
 .text.USB_DevInit
                0x08010e34      0x2e0 ./Drivers/STM32U5xx_HAL_Driver/Src/stm32u5xx_ll_usb.o
                0x08010e34                USB_DevInit
 .text.USB_FlushTxFifo
                0x08011114       0x64 ./Drivers/STM32U5xx_HAL_Driver/Src/stm32u5xx_ll_usb.o
                0x08011114                USB_FlushTxFifo
 .text.USB_FlushRxFifo
                0x08011178       0x5c ./Drivers/STM32U5xx_HAL_Driver/Src/stm32u5xx_ll_usb.o
                0x08011178                USB_FlushRxFifo
 .text.USB_SetDevSpeed
                0x080111d4       0x32 ./Drivers/STM32U5xx_HAL_Driver/Src/stm32u5xx_ll_usb.o
                0x080111d4                USB_SetDevSpeed
 .text.USB_DevDisconnect
                0x08011206       0x42 ./Drivers/STM32U5xx_HAL_Driver/Src/stm32u5xx_ll_usb.o
                0x08011206                USB_DevDisconnect
 .text.USB_GetMode
                0x08011248       0x1c ./Drivers/STM32U5xx_HAL_Driver/Src/stm32u5xx_ll_usb.o
                0x08011248                USB_GetMode
 .text.USB_CoreReset
                0x08011264       0x62 ./Drivers/STM32U5xx_HAL_Driver/Src/stm32u5xx_ll_usb.o
 .text.memset   0x080112c6       0x10 C:/ST/STM32CubeIDE_1.14.1/STM32CubeIDE/plugins/com.st.stm32cube.ide.mcu.externaltools.gnu-tools-for-stm32.12.3.rel1.win32_1.0.200.202406191623/tools/bin/../lib/gcc/arm-none-eabi/12.3.1/../../../../arm-none-eabi/lib/thumb/v8-m.main+fp/hard\libc_nano.a(libc_a-memset.o)
                0x080112c6                memset
 *fill*         0x080112d6        0x2 
 .text.__libc_init_array
                0x080112d8       0x48 C:/ST/STM32CubeIDE_1.14.1/STM32CubeIDE/plugins/com.st.stm32cube.ide.mcu.externaltools.gnu-tools-for-stm32.12.3.rel1.win32_1.0.200.202406191623/tools/bin/../lib/gcc/arm-none-eabi/12.3.1/../../../../arm-none-eabi/lib/thumb/v8-m.main+fp/hard\libc_nano.a(libc_a-init.o)
                0x080112d8                __libc_init_array
 *(.glue_7)
 .glue_7        0x08011320        0x0 linker stubs
 *(.glue_7t)
 .glue_7t       0x08011320        0x0 linker stubs
 *(.eh_frame)
 .eh_frame      0x08011320        0x0 C:/ST/STM32CubeIDE_1.14.1/STM32CubeIDE/plugins/com.st.stm32cube.ide.mcu.externaltools.gnu-tools-for-stm32.12.3.rel1.win32_1.0.200.202406191623/tools/bin/../lib/gcc/arm-none-eabi/12.3.1/thumb/v8-m.main+fp/hard/crtbegin.o
 *(.init)
 .init          0x08011320        0x4 C:/ST/STM32CubeIDE_1.14.1/STM32CubeIDE/plugins/com.st.stm32cube.ide.mcu.externaltools.gnu-tools-for-stm32.12.3.rel1.win32_1.0.200.202406191623/tools/bin/../lib/gcc/arm-none-eabi/12.3.1/thumb/v8-m.main+fp/hard/crti.o
                0x08011320                _init
 .init          0x08011324        0x8 C:/ST/STM32CubeIDE_1.14.1/STM32CubeIDE/plugins/com.st.stm32cube.ide.mcu.externaltools.gnu-tools-for-stm32.12.3.rel1.win32_1.0.200.202406191623/tools/bin/../lib/gcc/arm-none-eabi/12.3.1/thumb/v8-m.main+fp/hard/crtn.o
 *(.fini)
 .fini          0x0801132c        0x4 C:/ST/STM32CubeIDE_1.14.1/STM32CubeIDE/plugins/com.st.stm32cube.ide.mcu.externaltools.gnu-tools-for-stm32.12.3.rel1.win32_1.0.200.202406191623/tools/bin/../lib/gcc/arm-none-eabi/12.3.1/thumb/v8-m.main+fp/hard/crti.o
                0x0801132c                _fini
 .fini          0x08011330        0x8 C:/ST/STM32CubeIDE_1.14.1/STM32CubeIDE/plugins/com.st.stm32cube.ide.mcu.externaltools.gnu-tools-for-stm32.12.3.rel1.win32_1.0.200.202406191623/tools/bin/../lib/gcc/arm-none-eabi/12.3.1/thumb/v8-m.main+fp/hard/crtn.o
                0x08011338                        . = ALIGN (0x4)
                0x08011338                        _etext = .

.vfp11_veneer   0x08011338        0x0
 .vfp11_veneer  0x08011338        0x0 linker stubs

.v4_bx          0x08011338        0x0
 .v4_bx         0x08011338        0x0 linker stubs

.iplt           0x08011338        0x0
 .iplt          0x08011338        0x0 C:/ST/STM32CubeIDE_1.14.1/STM32CubeIDE/plugins/com.st.stm32cube.ide.mcu.externaltools.gnu-tools-for-stm32.12.3.rel1.win32_1.0.200.202406191623/tools/bin/../lib/gcc/arm-none-eabi/12.3.1/thumb/v8-m.main+fp/hard/crtbegin.o

.rodata         0x08011338      0x100
                0x08011338                        . = ALIGN (0x4)
 *(.rodata)
 *(.rodata*)
 .rodata.AHBPrescTable
                0x08011338       0x10 ./Core/Src/system_stm32u5xx.o
                0x08011338                AHBPrescTable
 .rodata.APBPrescTable
                0x08011348        0x8 ./Core/Src/system_stm32u5xx.o
                0x08011348                APBPrescTable
 .rodata.MSIRangeTable
                0x08011350       0x40 ./Core/Src/system_stm32u5xx.o
                0x08011350                MSIRangeTable
 .rodata.LPGPIO_Map
                0x08011390       0x80 ./Drivers/STM32U5xx_HAL_Driver/Src/stm32u5xx_hal_gpio.o
 .rodata.UARTPrescTable
                0x08011410       0x18 ./Drivers/STM32U5xx_HAL_Driver/Src/stm32u5xx_hal_uart.o
                0x08011410                UARTPrescTable
 .rodata.numerator.1
                0x08011428        0x8 ./Drivers/STM32U5xx_HAL_Driver/Src/stm32u5xx_hal_uart_ex.o
 .rodata.denominator.0
                0x08011430        0x8 ./Drivers/STM32U5xx_HAL_Driver/Src/stm32u5xx_hal_uart_ex.o
                0x08011438                        . = ALIGN (0x4)

.ARM.extab      0x08011438        0x0
                0x08011438                        . = ALIGN (0x4)
 *(.ARM.extab* .gnu.linkonce.armextab.*)
                0x08011438                        . = ALIGN (0x4)

.ARM            0x08011438        0x8
                0x08011438                        . = ALIGN (0x4)
                0x08011438                        __exidx_start = .
 *(.ARM.exidx*)
 .ARM.exidx     0x08011438        0x8 C:/ST/STM32CubeIDE_1.14.1/STM32CubeIDE/plugins/com.st.stm32cube.ide.mcu.externaltools.gnu-tools-for-stm32.12.3.rel1.win32_1.0.200.202406191623/tools/bin/../lib/gcc/arm-none-eabi/12.3.1/thumb/v8-m.main+fp/hard\libgcc.a(_udivmoddi4.o)
                0x08011440                        __exidx_end = .
                0x08011440                        . = ALIGN (0x4)

.preinit_array  0x08011440        0x0
                0x08011440                        . = ALIGN (0x4)
                0x08011440                        PROVIDE (__preinit_array_start = .)
 *(.preinit_array*)
                0x08011440                        PROVIDE (__preinit_array_end = .)
                0x08011440                        . = ALIGN (0x4)

.init_array     0x08011440        0x4
                0x08011440                        . = ALIGN (0x4)
                0x08011440                        PROVIDE (__init_array_start = .)
 *(SORT_BY_NAME(.init_array.*))
 *(.init_array*)
 .init_array    0x08011440        0x4 C:/ST/STM32CubeIDE_1.14.1/STM32CubeIDE/plugins/com.st.stm32cube.ide.mcu.externaltools.gnu-tools-for-stm32.12.3.rel1.win32_1.0.200.202406191623/tools/bin/../lib/gcc/arm-none-eabi/12.3.1/thumb/v8-m.main+fp/hard/crtbegin.o
                0x08011444                        PROVIDE (__init_array_end = .)
                0x08011444                        . = ALIGN (0x4)

.fini_array     0x08011444        0x4
                0x08011444                        . = ALIGN (0x4)
                [!provide]                        PROVIDE (__fini_array_start = .)
 *(SORT_BY_NAME(.fini_array.*))
 *(.fini_array*)
 .fini_array    0x08011444        0x4 C:/ST/STM32CubeIDE_1.14.1/STM32CubeIDE/plugins/com.st.stm32cube.ide.mcu.externaltools.gnu-tools-for-stm32.12.3.rel1.win32_1.0.200.202406191623/tools/bin/../lib/gcc/arm-none-eabi/12.3.1/thumb/v8-m.main+fp/hard/crtbegin.o
                [!provide]                        PROVIDE (__fini_array_end = .)
                0x08011448                        . = ALIGN (0x4)
                0x08011448                        _sidata = LOADADDR (.data)

.rel.dyn        0x08011448        0x0
 .rel.iplt      0x08011448        0x0 C:/ST/STM32CubeIDE_1.14.1/STM32CubeIDE/plugins/com.st.stm32cube.ide.mcu.externaltools.gnu-tools-for-stm32.12.3.rel1.win32_1.0.200.202406191623/tools/bin/../lib/gcc/arm-none-eabi/12.3.1/thumb/v8-m.main+fp/hard/crtbegin.o

.data           0x20000000        0xc load address 0x08011448
                0x20000000                        . = ALIGN (0x4)
                0x20000000                        _sdata = .
 *(.data)
 *(.data*)
 .data.SystemCoreClock
                0x20000000        0x4 ./Core/Src/system_stm32u5xx.o
                0x20000000                SystemCoreClock
 .data.uwTickPrio
                0x20000004        0x4 ./Drivers/STM32U5xx_HAL_Driver/Src/stm32u5xx_hal.o
                0x20000004                uwTickPrio
 .data.uwTickFreq
                0x20000008        0x1 ./Drivers/STM32U5xx_HAL_Driver/Src/stm32u5xx_hal.o
                0x20000008                uwTickFreq
 *(.RamFunc)
 *(.RamFunc*)
                0x2000000c                        . = ALIGN (0x4)
 *fill*         0x20000009        0x3 
                0x2000000c                        _edata = .

.igot.plt       0x2000000c        0x0 load address 0x08011454
 .igot.plt      0x2000000c        0x0 C:/ST/STM32CubeIDE_1.14.1/STM32CubeIDE/plugins/com.st.stm32cube.ide.mcu.externaltools.gnu-tools-for-stm32.12.3.rel1.win32_1.0.200.202406191623/tools/bin/../lib/gcc/arm-none-eabi/12.3.1/thumb/v8-m.main+fp/hard/crtbegin.o
                0x2000000c                        . = ALIGN (0x4)

.bss            0x2000000c     0x2964 load address 0x08011454
                0x2000000c                        _sbss = .
                0x2000000c                        __bss_start__ = _sbss
 *(.bss)
 .bss           0x2000000c       0x1c C:/ST/STM32CubeIDE_1.14.1/STM32CubeIDE/plugins/com.st.stm32cube.ide.mcu.externaltools.gnu-tools-for-stm32.12.3.rel1.win32_1.0.200.202406191623/tools/bin/../lib/gcc/arm-none-eabi/12.3.1/thumb/v8-m.main+fp/hard/crtbegin.o
 *(.bss*)
 .bss.hadc1     0x20000028       0x8c ./Core/Src/main.o
                0x20000028                hadc1
 .bss.hadc4     0x200000b4       0x8c ./Core/Src/main.o
                0x200000b4                hadc4
 .bss.Node_GPDMA1_Channel0
                0x20000140       0x24 ./Core/Src/main.o
                0x20000140                Node_GPDMA1_Channel0
 .bss.List_GPDMA1_Channel0
                0x20000164       0x18 ./Core/Src/main.o
                0x20000164                List_GPDMA1_Channel0
 .bss.handle_GPDMA1_Channel0
                0x2000017c       0x78 ./Core/Src/main.o
                0x2000017c                handle_GPDMA1_Channel0
 .bss.handle_GPDMA1_Channel2
                0x200001f4       0x78 ./Core/Src/main.o
                0x200001f4                handle_GPDMA1_Channel2
 .bss.hdma2d    0x2000026c       0x68 ./Core/Src/main.o
                0x2000026c                hdma2d
 .bss.hxspi1    0x200002d4       0x60 ./Core/Src/main.o
                0x200002d4                hxspi1
 .bss.hi2c1     0x20000334       0x54 ./Core/Src/main.o
                0x20000334                hi2c1
 .bss.hi2c2     0x20000388       0x54 ./Core/Src/main.o
                0x20000388                hi2c2
 .bss.hltdc     0x200003dc       0xa8 ./Core/Src/main.o
                0x200003dc                hltdc
 .bss.hrtc      0x20000484       0x30 ./Core/Src/main.o
                0x20000484                hrtc
 .bss.hsai_BlockA2
                0x200004b4       0x98 ./Core/Src/main.o
                0x200004b4                hsai_BlockA2
 .bss.hsai_BlockB2
                0x2000054c       0x98 ./Core/Src/main.o
                0x2000054c                hsai_BlockB2
 .bss.Node_GPDMA1_Channel3
                0x200005e4       0x24 ./Core/Src/main.o
                0x200005e4                Node_GPDMA1_Channel3
 .bss.List_GPDMA1_Channel3
                0x20000608       0x18 ./Core/Src/main.o
                0x20000608                List_GPDMA1_Channel3
 .bss.handle_GPDMA1_Channel3
                0x20000620       0x78 ./Core/Src/main.o
                0x20000620                handle_GPDMA1_Channel3
 .bss.Node_GPDMA1_Channel1
                0x20000698       0x24 ./Core/Src/main.o
                0x20000698                Node_GPDMA1_Channel1
 .bss.List_GPDMA1_Channel1
                0x200006bc       0x18 ./Core/Src/main.o
                0x200006bc                List_GPDMA1_Channel1
 .bss.handle_GPDMA1_Channel1
                0x200006d4       0x78 ./Core/Src/main.o
                0x200006d4                handle_GPDMA1_Channel1
 .bss.htim3     0x2000074c       0x4c ./Core/Src/main.o
                0x2000074c                htim3
 .bss.htim15    0x20000798       0x4c ./Core/Src/main.o
                0x20000798                htim15
 .bss.huart1    0x200007e4       0x94 ./Core/Src/main.o
                0x200007e4                huart1
 .bss.hpcd_USB_OTG_HS
                0x20000878      0x4e4 ./Core/Src/main.o
                0x20000878                hpcd_USB_OTG_HS
 .bss.adcGroup1
                0x20000d5c      0xd00 ./Core/Src/main.o
                0x20000d5c                adcGroup1
 .bss.adcGroup4
                0x20001a5c        0x4 ./Core/Src/main.o
                0x20001a5c                adcGroup4
 .bss.dacData   0x20001a60      0x200 ./Core/Src/main.o
                0x20001a60                dacData
 .bss.channels  0x20001c60      0xd08 ./Core/Src/main.o
                0x20001c60                channels
 .bss.SAI2_client
                0x20002968        0x4 ./Core/Src/stm32u5xx_hal_msp.o
 .bss.uwTick    0x2000296c        0x4 ./Drivers/STM32U5xx_HAL_Driver/Src/stm32u5xx_hal.o
                0x2000296c                uwTick
 *(COMMON)
                0x20002970                        . = ALIGN (0x4)
                0x20002970                        _ebss = .
                0x20002970                        __bss_end__ = _ebss

._user_heap_stack
                0x20002970      0xc00 load address 0x08011454
                0x20002970                        . = ALIGN (0x8)
                [!provide]                        PROVIDE (end = .)
                0x20002970                        PROVIDE (_end = .)
                0x20002d70                        . = (. + _Min_Heap_Size)
 *fill*         0x20002970      0x400 
                0x20003570                        . = (. + _Min_Stack_Size)
 *fill*         0x20002d70      0x800 
                0x20003570                        . = ALIGN (0x8)

/DISCARD/
 libc.a(*)
 libm.a(*)
 libgcc.a(*)

.ARM.attributes
                0x00000000       0x36
 *(.ARM.attributes)
 .ARM.attributes
                0x00000000       0x26 C:/ST/STM32CubeIDE_1.14.1/STM32CubeIDE/plugins/com.st.stm32cube.ide.mcu.externaltools.gnu-tools-for-stm32.12.3.rel1.win32_1.0.200.202406191623/tools/bin/../lib/gcc/arm-none-eabi/12.3.1/thumb/v8-m.main+fp/hard/crti.o
 .ARM.attributes
                0x00000026       0x38 C:/ST/STM32CubeIDE_1.14.1/STM32CubeIDE/plugins/com.st.stm32cube.ide.mcu.externaltools.gnu-tools-for-stm32.12.3.rel1.win32_1.0.200.202406191623/tools/bin/../lib/gcc/arm-none-eabi/12.3.1/thumb/v8-m.main+fp/hard/crtbegin.o
 .ARM.attributes
                0x0000005e       0x3a ./Core/Src/main.o
 .ARM.attributes
                0x00000098       0x3a ./Core/Src/stm32u5xx_hal_msp.o
 .ARM.attributes
                0x000000d2       0x3a ./Core/Src/stm32u5xx_it.o
 .ARM.attributes
                0x0000010c       0x3a ./Core/Src/system_stm32u5xx.o
 .ARM.attributes
                0x00000146       0x24 ./Core/Startup/startup_stm32u5g9zjtxq.o
 .ARM.attributes
                0x0000016a       0x3a ./Drivers/STM32U5xx_HAL_Driver/Src/stm32u5xx_hal.o
 .ARM.attributes
                0x000001a4       0x3a ./Drivers/STM32U5xx_HAL_Driver/Src/stm32u5xx_hal_adc.o
 .ARM.attributes
                0x000001de       0x3a ./Drivers/STM32U5xx_HAL_Driver/Src/stm32u5xx_hal_adc_ex.o
 .ARM.attributes
                0x00000218       0x3a ./Drivers/STM32U5xx_HAL_Driver/Src/stm32u5xx_hal_cortex.o
 .ARM.attributes
                0x00000252       0x3a ./Drivers/STM32U5xx_HAL_Driver/Src/stm32u5xx_hal_dma.o
 .ARM.attributes
                0x0000028c       0x3a ./Drivers/STM32U5xx_HAL_Driver/Src/stm32u5xx_hal_dma2d.o
 .ARM.attributes
                0x000002c6       0x3a ./Drivers/STM32U5xx_HAL_Driver/Src/stm32u5xx_hal_dma_ex.o
 .ARM.attributes
                0x00000300       0x3a ./Drivers/STM32U5xx_HAL_Driver/Src/stm32u5xx_hal_gpio.o
 .ARM.attributes
                0x0000033a       0x3a ./Drivers/STM32U5xx_HAL_Driver/Src/stm32u5xx_hal_i2c.o
 .ARM.attributes
                0x00000374       0x3a ./Drivers/STM32U5xx_HAL_Driver/Src/stm32u5xx_hal_i2c_ex.o
 .ARM.attributes
                0x000003ae       0x3a ./Drivers/STM32U5xx_HAL_Driver/Src/stm32u5xx_hal_icache.o
 .ARM.attributes
                0x000003e8       0x3a ./Drivers/STM32U5xx_HAL_Driver/Src/stm32u5xx_hal_ltdc.o
 .ARM.attributes
                0x00000422       0x3a ./Drivers/STM32U5xx_HAL_Driver/Src/stm32u5xx_hal_pcd.o
 .ARM.attributes
                0x0000045c       0x3a ./Drivers/STM32U5xx_HAL_Driver/Src/stm32u5xx_hal_pcd_ex.o
 .ARM.attributes
                0x00000496       0x3a ./Drivers/STM32U5xx_HAL_Driver/Src/stm32u5xx_hal_pwr.o
 .ARM.attributes
                0x000004d0       0x3a ./Drivers/STM32U5xx_HAL_Driver/Src/stm32u5xx_hal_pwr_ex.o
 .ARM.attributes
                0x0000050a       0x3a ./Drivers/STM32U5xx_HAL_Driver/Src/stm32u5xx_hal_rcc.o
 .ARM.attributes
                0x00000544       0x3a ./Drivers/STM32U5xx_HAL_Driver/Src/stm32u5xx_hal_rcc_ex.o
 .ARM.attributes
                0x0000057e       0x3a ./Drivers/STM32U5xx_HAL_Driver/Src/stm32u5xx_hal_rtc.o
 .ARM.attributes
                0x000005b8       0x3a ./Drivers/STM32U5xx_HAL_Driver/Src/stm32u5xx_hal_rtc_ex.o
 .ARM.attributes
                0x000005f2       0x3a ./Drivers/STM32U5xx_HAL_Driver/Src/stm32u5xx_hal_sai.o
 .ARM.attributes
                0x0000062c       0x3a ./Drivers/STM32U5xx_HAL_Driver/Src/stm32u5xx_hal_tim.o
 .ARM.attributes
                0x00000666       0x3a ./Drivers/STM32U5xx_HAL_Driver/Src/stm32u5xx_hal_tim_ex.o
 .ARM.attributes
                0x000006a0       0x3a ./Drivers/STM32U5xx_HAL_Driver/Src/stm32u5xx_hal_uart.o
 .ARM.attributes
                0x000006da       0x3a ./Drivers/STM32U5xx_HAL_Driver/Src/stm32u5xx_hal_uart_ex.o
 .ARM.attributes
                0x00000714       0x3a ./Drivers/STM32U5xx_HAL_Driver/Src/stm32u5xx_hal_xspi.o
 .ARM.attributes
                0x0000074e       0x3a ./Drivers/STM32U5xx_HAL_Driver/Src/stm32u5xx_ll_usb.o
 .ARM.attributes
                0x00000788       0x38 C:/ST/STM32CubeIDE_1.14.1/STM32CubeIDE/plugins/com.st.stm32cube.ide.mcu.externaltools.gnu-tools-for-stm32.12.3.rel1.win32_1.0.200.202406191623/tools/bin/../lib/gcc/arm-none-eabi/12.3.1/../../../../arm-none-eabi/lib/thumb/v8-m.main+fp/hard\libc_nano.a(libc_a-memset.o)
 .ARM.attributes
                0x000007c0       0x38 C:/ST/STM32CubeIDE_1.14.1/STM32CubeIDE/plugins/com.st.stm32cube.ide.mcu.externaltools.gnu-tools-for-stm32.12.3.rel1.win32_1.0.200.202406191623/tools/bin/../lib/gcc/arm-none-eabi/12.3.1/../../../../arm-none-eabi/lib/thumb/v8-m.main+fp/hard\libc_nano.a(libc_a-init.o)
 .ARM.attributes
                0x000007f8       0x26 C:/ST/STM32CubeIDE_1.14.1/STM32CubeIDE/plugins/com.st.stm32cube.ide.mcu.externaltools.gnu-tools-for-stm32.12.3.rel1.win32_1.0.200.202406191623/tools/bin/../lib/gcc/arm-none-eabi/12.3.1/thumb/v8-m.main+fp/hard\libgcc.a(_aeabi_uldivmod.o)
 .ARM.attributes
                0x0000081e       0x38 C:/ST/STM32CubeIDE_1.14.1/STM32CubeIDE/plugins/com.st.stm32cube.ide.mcu.externaltools.gnu-tools-for-stm32.12.3.rel1.win32_1.0.200.202406191623/tools/bin/../lib/gcc/arm-none-eabi/12.3.1/thumb/v8-m.main+fp/hard\libgcc.a(_udivmoddi4.o)
 .ARM.attributes
                0x00000856       0x26 C:/ST/STM32CubeIDE_1.14.1/STM32CubeIDE/plugins/com.st.stm32cube.ide.mcu.externaltools.gnu-tools-for-stm32.12.3.rel1.win32_1.0.200.202406191623/tools/bin/../lib/gcc/arm-none-eabi/12.3.1/thumb/v8-m.main+fp/hard\libgcc.a(_dvmd_tls.o)
 .ARM.attributes
                0x0000087c       0x26 C:/ST/STM32CubeIDE_1.14.1/STM32CubeIDE/plugins/com.st.stm32cube.ide.mcu.externaltools.gnu-tools-for-stm32.12.3.rel1.win32_1.0.200.202406191623/tools/bin/../lib/gcc/arm-none-eabi/12.3.1/thumb/v8-m.main+fp/hard/crtn.o
OUTPUT(Prototype V2.elf elf32-littlearm)
LOAD linker stubs
LOAD C:/ST/STM32CubeIDE_1.14.1/STM32CubeIDE/plugins/com.st.stm32cube.ide.mcu.externaltools.gnu-tools-for-stm32.12.3.rel1.win32_1.0.200.202406191623/tools/bin/../lib/gcc/arm-none-eabi/12.3.1/../../../../arm-none-eabi/lib/thumb/v8-m.main+fp/hard\libc.a
LOAD C:/ST/STM32CubeIDE_1.14.1/STM32CubeIDE/plugins/com.st.stm32cube.ide.mcu.externaltools.gnu-tools-for-stm32.12.3.rel1.win32_1.0.200.202406191623/tools/bin/../lib/gcc/arm-none-eabi/12.3.1/../../../../arm-none-eabi/lib/thumb/v8-m.main+fp/hard\libm.a
LOAD C:/ST/STM32CubeIDE_1.14.1/STM32CubeIDE/plugins/com.st.stm32cube.ide.mcu.externaltools.gnu-tools-for-stm32.12.3.rel1.win32_1.0.200.202406191623/tools/bin/../lib/gcc/arm-none-eabi/12.3.1/thumb/v8-m.main+fp/hard\libgcc.a

.debug_info     0x00000000    0x31ba0
 .debug_info    0x00000000     0x4813 ./Core/Src/main.o
 .debug_info    0x00004813     0x42e1 ./Core/Src/stm32u5xx_hal_msp.o
 .debug_info    0x00008af4     0x16a0 ./Core/Src/stm32u5xx_it.o
 .debug_info    0x0000a194      0x929 ./Core/Src/system_stm32u5xx.o
 .debug_info    0x0000aabd       0x30 ./Core/Startup/startup_stm32u5g9zjtxq.o
 .debug_info    0x0000aaed     0x1468 ./Drivers/STM32U5xx_HAL_Driver/Src/stm32u5xx_hal.o
 .debug_info    0x0000bf55     0x2706 ./Drivers/STM32U5xx_HAL_Driver/Src/stm32u5xx_hal_adc.o
 .debug_info    0x0000e65b     0x2347 ./Drivers/STM32U5xx_HAL_Driver/Src/stm32u5xx_hal_adc_ex.o
 .debug_info    0x000109a2     0x16b2 ./Drivers/STM32U5xx_HAL_Driver/Src/stm32u5xx_hal_cortex.o
 .debug_info    0x00012054      0xadc ./Drivers/STM32U5xx_HAL_Driver/Src/stm32u5xx_hal_dma.o
 .debug_info    0x00012b30     0x105f ./Drivers/STM32U5xx_HAL_Driver/Src/stm32u5xx_hal_dma2d.o
 .debug_info    0x00013b8f     0x1902 ./Drivers/STM32U5xx_HAL_Driver/Src/stm32u5xx_hal_dma_ex.o
 .debug_info    0x00015491      0x859 ./Drivers/STM32U5xx_HAL_Driver/Src/stm32u5xx_hal_gpio.o
 .debug_info    0x00015cea     0x231f ./Drivers/STM32U5xx_HAL_Driver/Src/stm32u5xx_hal_i2c.o
 .debug_info    0x00018009      0x9ff ./Drivers/STM32U5xx_HAL_Driver/Src/stm32u5xx_hal_i2c_ex.o
 .debug_info    0x00018a08      0x4d6 ./Drivers/STM32U5xx_HAL_Driver/Src/stm32u5xx_hal_icache.o
 .debug_info    0x00018ede     0x1047 ./Drivers/STM32U5xx_HAL_Driver/Src/stm32u5xx_hal_ltdc.o
 .debug_info    0x00019f25     0x153b ./Drivers/STM32U5xx_HAL_Driver/Src/stm32u5xx_hal_pcd.o
 .debug_info    0x0001b460      0x8bd ./Drivers/STM32U5xx_HAL_Driver/Src/stm32u5xx_hal_pcd_ex.o
 .debug_info    0x0001bd1d      0xab4 ./Drivers/STM32U5xx_HAL_Driver/Src/stm32u5xx_hal_pwr.o
 .debug_info    0x0001c7d1      0xf1a ./Drivers/STM32U5xx_HAL_Driver/Src/stm32u5xx_hal_pwr_ex.o
 .debug_info    0x0001d6eb     0x12bc ./Drivers/STM32U5xx_HAL_Driver/Src/stm32u5xx_hal_rcc.o
 .debug_info    0x0001e9a7     0x1639 ./Drivers/STM32U5xx_HAL_Driver/Src/stm32u5xx_hal_rcc_ex.o
 .debug_info    0x0001ffe0      0xe18 ./Drivers/STM32U5xx_HAL_Driver/Src/stm32u5xx_hal_rtc.o
 .debug_info    0x00020df8     0x1a91 ./Drivers/STM32U5xx_HAL_Driver/Src/stm32u5xx_hal_rtc_ex.o
 .debug_info    0x00022889     0x1508 ./Drivers/STM32U5xx_HAL_Driver/Src/stm32u5xx_hal_sai.o
 .debug_info    0x00023d91     0x2e54 ./Drivers/STM32U5xx_HAL_Driver/Src/stm32u5xx_hal_tim.o
 .debug_info    0x00026be5     0x1efe ./Drivers/STM32U5xx_HAL_Driver/Src/stm32u5xx_hal_tim_ex.o
 .debug_info    0x00028ae3     0x456e ./Drivers/STM32U5xx_HAL_Driver/Src/stm32u5xx_hal_uart.o
 .debug_info    0x0002d051     0x11f0 ./Drivers/STM32U5xx_HAL_Driver/Src/stm32u5xx_hal_uart_ex.o
 .debug_info    0x0002e241     0x1ebd ./Drivers/STM32U5xx_HAL_Driver/Src/stm32u5xx_hal_xspi.o
 .debug_info    0x000300fe     0x1aa2 ./Drivers/STM32U5xx_HAL_Driver/Src/stm32u5xx_ll_usb.o

.debug_abbrev   0x00000000     0x4d25
 .debug_abbrev  0x00000000      0x3a4 ./Core/Src/main.o
 .debug_abbrev  0x000003a4      0x31b ./Core/Src/stm32u5xx_hal_msp.o
 .debug_abbrev  0x000006bf      0x1bb ./Core/Src/stm32u5xx_it.o
 .debug_abbrev  0x0000087a      0x129 ./Core/Src/system_stm32u5xx.o
 .debug_abbrev  0x000009a3       0x24 ./Core/Startup/startup_stm32u5g9zjtxq.o
 .debug_abbrev  0x000009c7      0x2b9 ./Drivers/STM32U5xx_HAL_Driver/Src/stm32u5xx_hal.o
 .debug_abbrev  0x00000c80      0x2cc ./Drivers/STM32U5xx_HAL_Driver/Src/stm32u5xx_hal_adc.o
 .debug_abbrev  0x00000f4c      0x30c ./Drivers/STM32U5xx_HAL_Driver/Src/stm32u5xx_hal_adc_ex.o
 .debug_abbrev  0x00001258      0x311 ./Drivers/STM32U5xx_HAL_Driver/Src/stm32u5xx_hal_cortex.o
 .debug_abbrev  0x00001569      0x1ff ./Drivers/STM32U5xx_HAL_Driver/Src/stm32u5xx_hal_dma.o
 .debug_abbrev  0x00001768      0x228 ./Drivers/STM32U5xx_HAL_Driver/Src/stm32u5xx_hal_dma2d.o
 .debug_abbrev  0x00001990      0x21d ./Drivers/STM32U5xx_HAL_Driver/Src/stm32u5xx_hal_dma_ex.o
 .debug_abbrev  0x00001bad      0x25a ./Drivers/STM32U5xx_HAL_Driver/Src/stm32u5xx_hal_gpio.o
 .debug_abbrev  0x00001e07      0x271 ./Drivers/STM32U5xx_HAL_Driver/Src/stm32u5xx_hal_i2c.o
 .debug_abbrev  0x00002078      0x1c0 ./Drivers/STM32U5xx_HAL_Driver/Src/stm32u5xx_hal_i2c_ex.o
 .debug_abbrev  0x00002238      0x228 ./Drivers/STM32U5xx_HAL_Driver/Src/stm32u5xx_hal_icache.o
 .debug_abbrev  0x00002460      0x23a ./Drivers/STM32U5xx_HAL_Driver/Src/stm32u5xx_hal_ltdc.o
 .debug_abbrev  0x0000269a      0x2bc ./Drivers/STM32U5xx_HAL_Driver/Src/stm32u5xx_hal_pcd.o
 .debug_abbrev  0x00002956      0x25a ./Drivers/STM32U5xx_HAL_Driver/Src/stm32u5xx_hal_pcd_ex.o
 .debug_abbrev  0x00002bb0      0x235 ./Drivers/STM32U5xx_HAL_Driver/Src/stm32u5xx_hal_pwr.o
 .debug_abbrev  0x00002de5      0x243 ./Drivers/STM32U5xx_HAL_Driver/Src/stm32u5xx_hal_pwr_ex.o
 .debug_abbrev  0x00003028      0x2cb ./Drivers/STM32U5xx_HAL_Driver/Src/stm32u5xx_hal_rcc.o
 .debug_abbrev  0x000032f3      0x23d ./Drivers/STM32U5xx_HAL_Driver/Src/stm32u5xx_hal_rcc_ex.o
 .debug_abbrev  0x00003530      0x206 ./Drivers/STM32U5xx_HAL_Driver/Src/stm32u5xx_hal_rtc.o
 .debug_abbrev  0x00003736      0x253 ./Drivers/STM32U5xx_HAL_Driver/Src/stm32u5xx_hal_rtc_ex.o
 .debug_abbrev  0x00003989      0x28d ./Drivers/STM32U5xx_HAL_Driver/Src/stm32u5xx_hal_sai.o
 .debug_abbrev  0x00003c16      0x2bd ./Drivers/STM32U5xx_HAL_Driver/Src/stm32u5xx_hal_tim.o
 .debug_abbrev  0x00003ed3      0x2c7 ./Drivers/STM32U5xx_HAL_Driver/Src/stm32u5xx_hal_tim_ex.o
 .debug_abbrev  0x0000419a      0x305 ./Drivers/STM32U5xx_HAL_Driver/Src/stm32u5xx_hal_uart.o
 .debug_abbrev  0x0000449f      0x2d4 ./Drivers/STM32U5xx_HAL_Driver/Src/stm32u5xx_hal_uart_ex.o
 .debug_abbrev  0x00004773      0x302 ./Drivers/STM32U5xx_HAL_Driver/Src/stm32u5xx_hal_xspi.o
 .debug_abbrev  0x00004a75      0x2b0 ./Drivers/STM32U5xx_HAL_Driver/Src/stm32u5xx_ll_usb.o

.debug_aranges  0x00000000     0x2aa0
 .debug_aranges
                0x00000000       0xd8 ./Core/Src/main.o
 .debug_aranges
                0x000000d8       0xd8 ./Core/Src/stm32u5xx_hal_msp.o
 .debug_aranges
                0x000001b0       0xc0 ./Core/Src/stm32u5xx_it.o
 .debug_aranges
                0x00000270       0x28 ./Core/Src/system_stm32u5xx.o
 .debug_aranges
                0x00000298       0x28 ./Core/Startup/startup_stm32u5g9zjtxq.o
 .debug_aranges
                0x000002c0      0x198 ./Drivers/STM32U5xx_HAL_Driver/Src/stm32u5xx_hal.o
 .debug_aranges
                0x00000458      0x280 ./Drivers/STM32U5xx_HAL_Driver/Src/stm32u5xx_hal_adc.o
 .debug_aranges
                0x000006d8      0x1c0 ./Drivers/STM32U5xx_HAL_Driver/Src/stm32u5xx_hal_adc_ex.o
 .debug_aranges
                0x00000898      0x140 ./Drivers/STM32U5xx_HAL_Driver/Src/stm32u5xx_hal_cortex.o
 .debug_aranges
                0x000009d8       0xa0 ./Drivers/STM32U5xx_HAL_Driver/Src/stm32u5xx_hal_dma.o
 .debug_aranges
                0x00000a78      0x118 ./Drivers/STM32U5xx_HAL_Driver/Src/stm32u5xx_hal_dma2d.o
 .debug_aranges
                0x00000b90      0x1a0 ./Drivers/STM32U5xx_HAL_Driver/Src/stm32u5xx_hal_dma_ex.o
 .debug_aranges
                0x00000d30       0x78 ./Drivers/STM32U5xx_HAL_Driver/Src/stm32u5xx_hal_gpio.o
 .debug_aranges
                0x00000da8      0x2a0 ./Drivers/STM32U5xx_HAL_Driver/Src/stm32u5xx_hal_i2c.o
 .debug_aranges
                0x00001048       0x58 ./Drivers/STM32U5xx_HAL_Driver/Src/stm32u5xx_hal_i2c_ex.o
 .debug_aranges
                0x000010a0       0xa8 ./Drivers/STM32U5xx_HAL_Driver/Src/stm32u5xx_hal_icache.o
 .debug_aranges
                0x00001148      0x158 ./Drivers/STM32U5xx_HAL_Driver/Src/stm32u5xx_hal_ltdc.o
 .debug_aranges
                0x000012a0      0x140 ./Drivers/STM32U5xx_HAL_Driver/Src/stm32u5xx_hal_pcd.o
 .debug_aranges
                0x000013e0       0x60 ./Drivers/STM32U5xx_HAL_Driver/Src/stm32u5xx_hal_pcd_ex.o
 .debug_aranges
                0x00001440       0xb0 ./Drivers/STM32U5xx_HAL_Driver/Src/stm32u5xx_hal_pwr.o
 .debug_aranges
                0x000014f0      0x230 ./Drivers/STM32U5xx_HAL_Driver/Src/stm32u5xx_hal_pwr_ex.o
 .debug_aranges
                0x00001720       0xa8 ./Drivers/STM32U5xx_HAL_Driver/Src/stm32u5xx_hal_rcc.o
 .debug_aranges
                0x000017c8      0x160 ./Drivers/STM32U5xx_HAL_Driver/Src/stm32u5xx_hal_rcc_ex.o
 .debug_aranges
                0x00001928       0xe8 ./Drivers/STM32U5xx_HAL_Driver/Src/stm32u5xx_hal_rtc.o
 .debug_aranges
                0x00001a10      0x280 ./Drivers/STM32U5xx_HAL_Driver/Src/stm32u5xx_hal_rtc_ex.o
 .debug_aranges
                0x00001c90      0x178 ./Drivers/STM32U5xx_HAL_Driver/Src/stm32u5xx_hal_sai.o
 .debug_aranges
                0x00001e08      0x3e8 ./Drivers/STM32U5xx_HAL_Driver/Src/stm32u5xx_hal_tim.o
 .debug_aranges
                0x000021f0      0x250 ./Drivers/STM32U5xx_HAL_Driver/Src/stm32u5xx_hal_tim_ex.o
 .debug_aranges
                0x00002440      0x248 ./Drivers/STM32U5xx_HAL_Driver/Src/stm32u5xx_hal_uart.o
 .debug_aranges
                0x00002688       0xb8 ./Drivers/STM32U5xx_HAL_Driver/Src/stm32u5xx_hal_uart_ex.o
 .debug_aranges
                0x00002740      0x1c0 ./Drivers/STM32U5xx_HAL_Driver/Src/stm32u5xx_hal_xspi.o
 .debug_aranges
                0x00002900      0x1a0 ./Drivers/STM32U5xx_HAL_Driver/Src/stm32u5xx_ll_usb.o

.debug_rnglists
                0x00000000     0x2171
 .debug_rnglists
                0x00000000       0xac ./Core/Src/main.o
 .debug_rnglists
                0x000000ac       0xa8 ./Core/Src/stm32u5xx_hal_msp.o
 .debug_rnglists
                0x00000154       0x8b ./Core/Src/stm32u5xx_it.o
 .debug_rnglists
                0x000001df       0x1a ./Core/Src/system_stm32u5xx.o
 .debug_rnglists
                0x000001f9       0x19 ./Core/Startup/startup_stm32u5g9zjtxq.o
 .debug_rnglists
                0x00000212      0x12f ./Drivers/STM32U5xx_HAL_Driver/Src/stm32u5xx_hal.o
 .debug_rnglists
                0x00000341      0x1ee ./Drivers/STM32U5xx_HAL_Driver/Src/stm32u5xx_hal_adc.o
 .debug_rnglists
                0x0000052f      0x15f ./Drivers/STM32U5xx_HAL_Driver/Src/stm32u5xx_hal_adc_ex.o
 .debug_rnglists
                0x0000068e       0xec ./Drivers/STM32U5xx_HAL_Driver/Src/stm32u5xx_hal_cortex.o
 .debug_rnglists
                0x0000077a       0x7e ./Drivers/STM32U5xx_HAL_Driver/Src/stm32u5xx_hal_dma.o
 .debug_rnglists
                0x000007f8       0xde ./Drivers/STM32U5xx_HAL_Driver/Src/stm32u5xx_hal_dma2d.o
 .debug_rnglists
                0x000008d6      0x155 ./Drivers/STM32U5xx_HAL_Driver/Src/stm32u5xx_hal_dma_ex.o
 .debug_rnglists
                0x00000a2b       0x5a ./Drivers/STM32U5xx_HAL_Driver/Src/stm32u5xx_hal_gpio.o
 .debug_rnglists
                0x00000a85      0x228 ./Drivers/STM32U5xx_HAL_Driver/Src/stm32u5xx_hal_i2c.o
 .debug_rnglists
                0x00000cad       0x43 ./Drivers/STM32U5xx_HAL_Driver/Src/stm32u5xx_hal_i2c_ex.o
 .debug_rnglists
                0x00000cf0       0x7a ./Drivers/STM32U5xx_HAL_Driver/Src/stm32u5xx_hal_icache.o
 .debug_rnglists
                0x00000d6a      0x10a ./Drivers/STM32U5xx_HAL_Driver/Src/stm32u5xx_hal_ltdc.o
 .debug_rnglists
                0x00000e74       0xf4 ./Drivers/STM32U5xx_HAL_Driver/Src/stm32u5xx_hal_pcd.o
 .debug_rnglists
                0x00000f68       0x45 ./Drivers/STM32U5xx_HAL_Driver/Src/stm32u5xx_hal_pcd_ex.o
 .debug_rnglists
                0x00000fad       0x80 ./Drivers/STM32U5xx_HAL_Driver/Src/stm32u5xx_hal_pwr.o
 .debug_rnglists
                0x0000102d      0x1aa ./Drivers/STM32U5xx_HAL_Driver/Src/stm32u5xx_hal_pwr_ex.o
 .debug_rnglists
                0x000011d7       0x7f ./Drivers/STM32U5xx_HAL_Driver/Src/stm32u5xx_hal_rcc.o
 .debug_rnglists
                0x00001256      0x113 ./Drivers/STM32U5xx_HAL_Driver/Src/stm32u5xx_hal_rcc_ex.o
 .debug_rnglists
                0x00001369       0xb3 ./Drivers/STM32U5xx_HAL_Driver/Src/stm32u5xx_hal_rtc.o
 .debug_rnglists
                0x0000141c      0x1e9 ./Drivers/STM32U5xx_HAL_Driver/Src/stm32u5xx_hal_rtc_ex.o
 .debug_rnglists
                0x00001605      0x136 ./Drivers/STM32U5xx_HAL_Driver/Src/stm32u5xx_hal_sai.o
 .debug_rnglists
                0x0000173b      0x32e ./Drivers/STM32U5xx_HAL_Driver/Src/stm32u5xx_hal_tim.o
 .debug_rnglists
                0x00001a69      0x1d6 ./Drivers/STM32U5xx_HAL_Driver/Src/stm32u5xx_hal_tim_ex.o
 .debug_rnglists
                0x00001c3f      0x1fc ./Drivers/STM32U5xx_HAL_Driver/Src/stm32u5xx_hal_uart.o
 .debug_rnglists
                0x00001e3b       0x8c ./Drivers/STM32U5xx_HAL_Driver/Src/stm32u5xx_hal_uart_ex.o
 .debug_rnglists
                0x00001ec7      0x164 ./Drivers/STM32U5xx_HAL_Driver/Src/stm32u5xx_hal_xspi.o
 .debug_rnglists
                0x0000202b      0x146 ./Drivers/STM32U5xx_HAL_Driver/Src/stm32u5xx_ll_usb.o

.debug_macro    0x00000000    0x47314
 .debug_macro   0x00000000      0x3cd ./Core/Src/main.o
 .debug_macro   0x000003cd      0xaba ./Core/Src/main.o
 .debug_macro   0x00000e87      0x21c ./Core/Src/main.o
 .debug_macro   0x000010a3       0x2e ./Core/Src/main.o
 .debug_macro   0x000010d1       0x42 ./Core/Src/main.o
 .debug_macro   0x00001113       0x22 ./Core/Src/main.o
 .debug_macro   0x00001135       0x8e ./Core/Src/main.o
 .debug_macro   0x000011c3       0x51 ./Core/Src/main.o
 .debug_macro   0x00001214      0x103 ./Core/Src/main.o
 .debug_macro   0x00001317       0x6a ./Core/Src/main.o
 .debug_macro   0x00001381      0x1df ./Core/Src/main.o
 .debug_macro   0x00001560       0x1c ./Core/Src/main.o
 .debug_macro   0x0000157c       0x29 ./Core/Src/main.o
 .debug_macro   0x000015a5       0xfb ./Core/Src/main.o
 .debug_macro   0x000016a0     0x1685 ./Core/Src/main.o
 .debug_macro   0x00002d25       0x5e ./Core/Src/main.o
 .debug_macro   0x00002d83    0x2dc99 ./Core/Src/main.o
 .debug_macro   0x00030a1c       0x6d ./Core/Src/main.o
 .debug_macro   0x00030a89     0x3873 ./Core/Src/main.o
 .debug_macro   0x000342fc      0x189 ./Core/Src/main.o
 .debug_macro   0x00034485       0x61 ./Core/Src/main.o
 .debug_macro   0x000344e6       0x2a ./Core/Src/main.o
 .debug_macro   0x00034510       0x43 ./Core/Src/main.o
 .debug_macro   0x00034553       0x34 ./Core/Src/main.o
 .debug_macro   0x00034587       0x16 ./Core/Src/main.o
 .debug_macro   0x0003459d       0x43 ./Core/Src/main.o
 .debug_macro   0x000345e0       0x34 ./Core/Src/main.o
 .debug_macro   0x00034614       0x10 ./Core/Src/main.o
 .debug_macro   0x00034624       0x58 ./Core/Src/main.o
 .debug_macro   0x0003467c       0x8e ./Core/Src/main.o
 .debug_macro   0x0003470a       0x1c ./Core/Src/main.o
 .debug_macro   0x00034726      0x177 ./Core/Src/main.o
 .debug_macro   0x0003489d      0x369 ./Core/Src/main.o
 .debug_macro   0x00034c06      0x19b ./Core/Src/main.o
 .debug_macro   0x00034da1       0x5d ./Core/Src/main.o
 .debug_macro   0x00034dfe     0x1ec7 ./Core/Src/main.o
 .debug_macro   0x00036cc5      0x948 ./Core/Src/main.o
 .debug_macro   0x0003760d      0x166 ./Core/Src/main.o