Archive member included to satisfy reference by file (symbol)

C:/ST/STM32CubeIDE_1.14.1/STM32CubeIDE/plugins/com.st.stm32cube.ide.mcu.externaltools.gnu-tools-for-stm32.12.3.rel1.win32_1.0.200.202406191623/tools/bin/../lib/gcc/arm-none-eabi/12.3.1/../../../../arm-none-eabi/lib/thumb/v8-m.main+fp/hard\libc_nano.a(libc_a-exit.o)
                              C:/ST/STM32CubeIDE_1.14.1/STM32CubeIDE/plugins/com.st.stm32cube.ide.mcu.externaltools.gnu-tools-for-stm32.12.3.rel1.win32_1.0.200.202406191623/tools/bin/../lib/gcc/arm-none-eabi/12.3.1/../../../../arm-none-eabi/lib/thumb/v8-m.main+fp/hard/crt0.o (exit)
C:/ST/STM32CubeIDE_1.14.1/STM32CubeIDE/plugins/com.st.stm32cube.ide.mcu.externaltools.gnu-tools-for-stm32.12.3.rel1.win32_1.0.200.202406191623/tools/bin/../lib/gcc/arm-none-eabi/12.3.1/../../../../arm-none-eabi/lib/thumb/v8-m.main+fp/hard\libc_nano.a(libc_a-findfp.o)
                              C:/ST/STM32CubeIDE_1.14.1/STM32CubeIDE/plugins/com.st.stm32cube.ide.mcu.externaltools.gnu-tools-for-stm32.12.3.rel1.win32_1.0.200.202406191623/tools/bin/../lib/gcc/arm-none-eabi/12.3.1/../../../../arm-none-eabi/lib/thumb/v8-m.main+fp/hard\libc_nano.a(libc_a-exit.o) (__stdio_exit_handler)
C:/ST/STM32CubeIDE_1.14.1/STM32CubeIDE/plugins/com.st.stm32cube.ide.mcu.externaltools.gnu-tools-for-stm32.12.3.rel1.win32_1.0.200.202406191623/tools/bin/../lib/gcc/arm-none-eabi/12.3.1/../../../../arm-none-eabi/lib/thumb/v8-m.main+fp/hard\libc_nano.a(libc_a-fwalk.o)
                              C:/ST/STM32CubeIDE_1.14.1/STM32CubeIDE/plugins/com.st.stm32cube.ide.mcu.externaltools.gnu-tools-for-stm32.12.3.rel1.win32_1.0.200.202406191623/tools/bin/../lib/gcc/arm-none-eabi/12.3.1/../../../../arm-none-eabi/lib/thumb/v8-m.main+fp/hard\libc_nano.a(libc_a-findfp.o) (_fwalk_sglue)
C:/ST/STM32CubeIDE_1.14.1/STM32CubeIDE/plugins/com.st.stm32cube.ide.mcu.externaltools.gnu-tools-for-stm32.12.3.rel1.win32_1.0.200.202406191623/tools/bin/../lib/gcc/arm-none-eabi/12.3.1/../../../../arm-none-eabi/lib/thumb/v8-m.main+fp/hard\libc_nano.a(libc_a-stdio.o)
                              C:/ST/STM32CubeIDE_1.14.1/STM32CubeIDE/plugins/com.st.stm32cube.ide.mcu.externaltools.gnu-tools-for-stm32.12.3.rel1.win32_1.0.200.202406191623/tools/bin/../lib/gcc/arm-none-eabi/12.3.1/../../../../arm-none-eabi/lib/thumb/v8-m.main+fp/hard\libc_nano.a(libc_a-findfp.o) (__sread)
C:/ST/STM32CubeIDE_1.14.1/STM32CubeIDE/plugins/com.st.stm32cube.ide.mcu.externaltools.gnu-tools-for-stm32.12.3.rel1.win32_1.0.200.202406191623/tools/bin/../lib/gcc/arm-none-eabi/12.3.1/../../../../arm-none-eabi/lib/thumb/v8-m.main+fp/hard\libc_nano.a(libc_a-memset.o)
                              C:/ST/STM32CubeIDE_1.14.1/STM32CubeIDE/plugins/com.st.stm32cube.ide.mcu.externaltools.gnu-tools-for-stm32.12.3.rel1.win32_1.0.200.202406191623/tools/bin/../lib/gcc/arm-none-eabi/12.3.1/../../../../arm-none-eabi/lib/thumb/v8-m.main+fp/hard/crt0.o (memset)
C:/ST/STM32CubeIDE_1.14.1/STM32CubeIDE/plugins/com.st.stm32cube.ide.mcu.externaltools.gnu-tools-for-stm32.12.3.rel1.win32_1.0.200.202406191623/tools/bin/../lib/gcc/arm-none-eabi/12.3.1/../../../../arm-none-eabi/lib/thumb/v8-m.main+fp/hard\libc_nano.a(libc_a-closer.o)
                              C:/ST/STM32CubeIDE_1.14.1/STM32CubeIDE/plugins/com.st.stm32cube.ide.mcu.externaltools.gnu-tools-for-stm32.12.3.rel1.win32_1.0.200.202406191623/tools/bin/../lib/gcc/arm-none-eabi/12.3.1/../../../../arm-none-eabi/lib/thumb/v8-m.main+fp/hard\libc_nano.a(libc_a-stdio.o) (_close_r)
C:/ST/STM32CubeIDE_1.14.1/STM32CubeIDE/plugins/com.st.stm32cube.ide.mcu.externaltools.gnu-tools-for-stm32.12.3.rel1.win32_1.0.200.202406191623/tools/bin/../lib/gcc/arm-none-eabi/12.3.1/../../../../arm-none-eabi/lib/thumb/v8-m.main+fp/hard\libc_nano.a(libc_a-reent.o)
                              C:/ST/STM32CubeIDE_1.14.1/STM32CubeIDE/plugins/com.st.stm32cube.ide.mcu.externaltools.gnu-tools-for-stm32.12.3.rel1.win32_1.0.200.202406191623/tools/bin/../lib/gcc/arm-none-eabi/12.3.1/../../../../arm-none-eabi/lib/thumb/v8-m.main+fp/hard\libc_nano.a(libc_a-closer.o) (errno)
C:/ST/STM32CubeIDE_1.14.1/STM32CubeIDE/plugins/com.st.stm32cube.ide.mcu.externaltools.gnu-tools-for-stm32.12.3.rel1.win32_1.0.200.202406191623/tools/bin/../lib/gcc/arm-none-eabi/12.3.1/../../../../arm-none-eabi/lib/thumb/v8-m.main+fp/hard\libc_nano.a(libc_a-impure.o)
                              C:/ST/STM32CubeIDE_1.14.1/STM32CubeIDE/plugins/com.st.stm32cube.ide.mcu.externaltools.gnu-tools-for-stm32.12.3.rel1.win32_1.0.200.202406191623/tools/bin/../lib/gcc/arm-none-eabi/12.3.1/../../../../arm-none-eabi/lib/thumb/v8-m.main+fp/hard\libc_nano.a(libc_a-reent.o) (_impure_ptr)
C:/ST/STM32CubeIDE_1.14.1/STM32CubeIDE/plugins/com.st.stm32cube.ide.mcu.externaltools.gnu-tools-for-stm32.12.3.rel1.win32_1.0.200.202406191623/tools/bin/../lib/gcc/arm-none-eabi/12.3.1/../../../../arm-none-eabi/lib/thumb/v8-m.main+fp/hard\libc_nano.a(libc_a-lseekr.o)
[...]
Memory Configuration

Name             Origin             Length             Attributes
RAM              0x20000000         0x002f0000         xrw
FLASH            0x08000000         0x00400000         xr
*default*        0x00000000         0xffffffff

Linker script and memory map

LOAD C:/ST/STM32CubeIDE_1.14.1/STM32CubeIDE/plugins/com.st.stm32cube.ide.mcu.externaltools.gnu-tools-for-stm32.12.3.rel1.win32_1.0.200.202406191623/tools/bin/../lib/gcc/arm-none-eabi/12.3.1/thumb/v8-m.main+fp/hard/crti.o
LOAD C:/ST/STM32CubeIDE_1.14.1/STM32CubeIDE/plugins/com.st.stm32cube.ide.mcu.externaltools.gnu-tools-for-stm32.12.3.rel1.win32_1.0.200.202406191623/tools/bin/../lib/gcc/arm-none-eabi/12.3.1/thumb/v8-m.main+fp/hard/crtbegin.o
LOAD C:/ST/STM32CubeIDE_1.14.1/STM32CubeIDE/plugins/com.st.stm32cube.ide.mcu.externaltools.gnu-tools-for-stm32.12.3.rel1.win32_1.0.200.202406191623/tools/bin/../lib/gcc/arm-none-eabi/12.3.1/../../../../arm-none-eabi/lib/thumb/v8-m.main+fp/hard/crt0.o
LOAD ./Core/Src/main.o
LOAD ./Core/Src/stm32u5xx_hal_msp.o
LOAD ./Core/Src/stm32u5xx_it.o
LOAD ./Core/Src/syscalls.o
LOAD ./Core/Src/sysmem.o
LOAD ./Core/Src/system_stm32u5xx.o
LOAD ./Core/Startup/startup_stm32u5g9zjtxq.o
LOAD ./Drivers/STM32U5xx_HAL_Driver/Src/stm32u5xx_hal.o
LOAD ./Drivers/STM32U5xx_HAL_Driver/Src/stm32u5xx_hal_adc.o
LOAD ./Drivers/STM32U5xx_HAL_Driver/Src/stm32u5xx_hal_adc_ex.o
LOAD ./Drivers/STM32U5xx_HAL_Driver/Src/stm32u5xx_hal_cortex.o
LOAD ./Drivers/STM32U5xx_HAL_Driver/Src/stm32u5xx_hal_dma.o
LOAD ./Drivers/STM32U5xx_HAL_Driver/Src/stm32u5xx_hal_dma2d.o
LOAD ./Drivers/STM32U5xx_HAL_Driver/Src/stm32u5xx_hal_dma_ex.o
LOAD ./Drivers/STM32U5xx_HAL_Driver/Src/stm32u5xx_hal_dsi.o
LOAD ./Drivers/STM32U5xx_HAL_Driver/Src/stm32u5xx_hal_exti.o
LOAD ./Drivers/STM32U5xx_HAL_Driver/Src/stm32u5xx_hal_flash.o
LOAD ./Drivers/STM32U5xx_HAL_Driver/Src/stm32u5xx_hal_flash_ex.o
LOAD ./Drivers/STM32U5xx_HAL_Driver/Src/stm32u5xx_hal_gpio.o
LOAD ./Drivers/STM32U5xx_HAL_Driver/Src/stm32u5xx_hal_gtzc.o
LOAD ./Drivers/STM32U5xx_HAL_Driver/Src/stm32u5xx_hal_i2c.o
LOAD ./Drivers/STM32U5xx_HAL_Driver/Src/stm32u5xx_hal_i2c_ex.o
LOAD ./Drivers/STM32U5xx_HAL_Driver/Src/stm32u5xx_hal_icache.o
LOAD ./Drivers/STM32U5xx_HAL_Driver/Src/stm32u5xx_hal_ltdc.o
LOAD ./Drivers/STM32U5xx_HAL_Driver/Src/stm32u5xx_hal_ltdc_ex.o
LOAD ./Drivers/STM32U5xx_HAL_Driver/Src/stm32u5xx_hal_pcd.o
LOAD ./Drivers/STM32U5xx_HAL_Driver/Src/stm32u5xx_hal_pcd_ex.o
LOAD ./Drivers/STM32U5xx_HAL_Driver/Src/stm32u5xx_hal_pwr.o
LOAD ./Drivers/STM32U5xx_HAL_Driver/Src/stm32u5xx_hal_pwr_ex.o
LOAD ./Drivers/STM32U5xx_HAL_Driver/Src/stm32u5xx_hal_rcc.o
LOAD ./Drivers/STM32U5xx_HAL_Driver/Src/stm32u5xx_hal_rcc_ex.o
LOAD ./Drivers/STM32U5xx_HAL_Driver/Src/stm32u5xx_hal_rtc.o
LOAD ./Drivers/STM32U5xx_HAL_Driver/Src/stm32u5xx_hal_rtc_ex.o
LOAD ./Drivers/STM32U5xx_HAL_Driver/Src/stm32u5xx_hal_sai.o
LOAD ./Drivers/STM32U5xx_HAL_Driver/Src/stm32u5xx_hal_sai_ex.o
LOAD ./Drivers/STM32U5xx_HAL_Driver/Src/stm32u5xx_hal_tim.o
LOAD ./Drivers/STM32U5xx_HAL_Driver/Src/stm32u5xx_hal_tim_ex.o
LOAD ./Drivers/STM32U5xx_HAL_Driver/Src/stm32u5xx_hal_uart.o
LOAD ./Drivers/STM32U5xx_HAL_Driver/Src/stm32u5xx_hal_uart_ex.o
LOAD ./Drivers/STM32U5xx_HAL_Driver/Src/stm32u5xx_hal_xspi.o
LOAD ./Drivers/STM32U5xx_HAL_Driver/Src/stm32u5xx_ll_dlyb.o
LOAD ./Drivers/STM32U5xx_HAL_Driver/Src/stm32u5xx_ll_usb.o
START GROUP
LOAD C:/ST/STM32CubeIDE_1.14.1/STM32CubeIDE/plugins/com.st.stm32cube.ide.mcu.externaltools.gnu-tools-for-stm32.12.3.rel1.win32_1.0.200.202406191623/tools/bin/../lib/gcc/arm-none-eabi/12.3.1/../../../../arm-none-eabi/lib/thumb/v8-m.main+fp/hard\libc_nano.a
LOAD C:/ST/STM32CubeIDE_1.14.1/STM32CubeIDE/plugins/com.st.stm32cube.ide.mcu.externaltools.gnu-tools-for-stm32.12.3.rel1.win32_1.0.200.202406191623/tools/bin/../lib/gcc/arm-none-eabi/12.3.1/../../../../arm-none-eabi/lib/thumb/v8-m.main+fp/hard\libm.a
END GROUP
START GROUP
LOAD C:/ST/STM32CubeIDE_1.14.1/STM32CubeIDE/plugins/com.st.stm32cube.ide.mcu.externaltools.gnu-tools-for-stm32.12.3.rel1.win32_1.0.200.202406191623/tools/bin/../lib/gcc/arm-none-eabi/12.3.1/thumb/v8-m.main+fp/hard\libgcc.a
LOAD C:/ST/STM32CubeIDE_1.14.1/STM32CubeIDE/plugins/com.st.stm32cube.ide.mcu.externaltools.gnu-tools-for-stm32.12.3.rel1.win32_1.0.200.202406191623/tools/bin/../lib/gcc/arm-none-eabi/12.3.1/../../../../arm-none-eabi/lib/thumb/v8-m.main+fp/hard\libc_nano.a
END GROUP
START GROUP
LOAD C:/ST/STM32CubeIDE_1.14.1/STM32CubeIDE/plugins/com.st.stm32cube.ide.mcu.externaltools.gnu-tools-for-stm32.12.3.rel1.win32_1.0.200.202406191623/tools/bin/../lib/gcc/arm-none-eabi/12.3.1/thumb/v8-m.main+fp/hard\libgcc.a
LOAD C:/ST/STM32CubeIDE_1.14.1/STM32CubeIDE/plugins/com.st.stm32cube.ide.mcu.externaltools.gnu-tools-for-stm32.12.3.rel1.win32_1.0.200.202406191623/tools/bin/../lib/gcc/arm-none-eabi/12.3.1/../../../../arm-none-eabi/lib/thumb/v8-m.main+fp/hard\libc_nano.a
LOAD C:/ST/STM32CubeIDE_1.14.1/STM32CubeIDE/plugins/com.st.stm32cube.ide.mcu.externaltools.gnu-tools-for-stm32.12.3.rel1.win32_1.0.200.202406191623/tools/bin/../lib/gcc/arm-none-eabi/12.3.1/../../../../arm-none-eabi/lib/thumb/v8-m.main+fp/hard\libnosys.a
END GROUP
START GROUP
LOAD C:/ST/STM32CubeIDE_1.14.1/STM32CubeIDE/plugins/com.st.stm32cube.ide.mcu.externaltools.gnu-tools-for-stm32.12.3.rel1.win32_1.0.200.202406191623/tools/bin/../lib/gcc/arm-none-eabi/12.3.1/thumb/v8-m.main+fp/hard\libgcc.a
LOAD C:/ST/STM32CubeIDE_1.14.1/STM32CubeIDE/plugins/com.st.stm32cube.ide.mcu.externaltools.gnu-tools-for-stm32.12.3.rel1.win32_1.0.200.202406191623/tools/bin/../lib/gcc/arm-none-eabi/12.3.1/../../../../arm-none-eabi/lib/thumb/v8-m.main+fp/hard\libc_nano.a
LOAD C:/ST/STM32CubeIDE_1.14.1/STM32CubeIDE/plugins/com.st.stm32cube.ide.mcu.externaltools.gnu-tools-for-stm32.12.3.rel1.win32_1.0.200.202406191623/tools/bin/../lib/gcc/arm-none-eabi/12.3.1/../../../../arm-none-eabi/lib/thumb/v8-m.main+fp/hard\libnosys.a
END GROUP
LOAD C:/ST/STM32CubeIDE_1.14.1/STM32CubeIDE/plugins/com.st.stm32cube.ide.mcu.externaltools.gnu-tools-for-stm32.12.3.rel1.win32_1.0.200.202406191623/tools/bin/../lib/gcc/arm-none-eabi/12.3.1/thumb/v8-m.main+fp/hard/crtend.o
LOAD C:/ST/STM32CubeIDE_1.14.1/STM32CubeIDE/plugins/com.st.stm32cube.ide.mcu.externaltools.gnu-tools-for-stm32.12.3.rel1.win32_1.0.200.202406191623/tools/bin/../lib/gcc/arm-none-eabi/12.3.1/thumb/v8-m.main+fp/hard/crtn.o
                0x202f0000                        _estack = (ORIGIN (RAM) + LENGTH (RAM))
                0x00000400                        _Min_Heap_Size = 0x400
                0x00000800                        _Min_Stack_Size = 0x800

.isr_vector     0x08000000      0x274
                0x08000000                        . = ALIGN (0x4)
 *(.isr_vector)
 .isr_vector    0x08000000      0x274 ./Core/Startup/startup_stm32u5g9zjtxq.o
                0x08000000                g_pfnVectors
                0x08000274                        . = ALIGN (0x4)

.text           0x08000278    0x12530
                0x08000278                        . = ALIGN (0x4)
 *(.text)
 .text          0x08000278       0x40 C:/ST/STM32CubeIDE_1.14.1/STM32CubeIDE/plugins/com.st.stm32cube.ide.mcu.externaltools.gnu-tools-for-stm32.12.3.rel1.win32_1.0.200.202406191623/tools/bin/../lib/gcc/arm-none-eabi/12.3.1/thumb/v8-m.main+fp/hard/crtbegin.o
 .text          0x080002b8      0x378 C:/ST/STM32CubeIDE_1.14.1/STM32CubeIDE/plugins/com.st.stm32cube.ide.mcu.externaltools.gnu-tools-for-stm32.12.3.rel1.win32_1.0.200.202406191623/tools/bin/../lib/gcc/arm-none-eabi/12.3.1/thumb/v8-m.main+fp/hard\libgcc.a(_arm_addsubdf3.o)
                0x080002b8                __aeabi_drsub
                0x080002c0                __aeabi_dsub
                0x080002c0                __subdf3
                0x080002c4                __aeabi_dadd
                0x080002c4                __adddf3
                0x0800053c                __floatunsidf
                0x0800053c                __aeabi_ui2d
                0x0800055c                __floatsidf
                0x0800055c                __aeabi_i2d
                0x08000580                __aeabi_f2d
                0x08000580                __extendsfdf2
                0x080005c4                __floatundidf
                0x080005c4                __aeabi_ul2d
                0x080005d4                __floatdidf
                0x080005d4                __aeabi_l2d
 .text          0x08000630      0x424 C:/ST/STM32CubeIDE_1.14.1/STM32CubeIDE/plugins/com.st.stm32cube.ide.mcu.externaltools.gnu-tools-for-stm32.12.3.rel1.win32_1.0.200.202406191623/tools/bin/../lib/gcc/arm-none-eabi/12.3.1/thumb/v8-m.main+fp/hard\libgcc.a(_arm_muldivdf3.o)
                0x08000630                __aeabi_dmul
                0x08000630                __muldf3
                0x08000884                __divdf3
                0x08000884                __aeabi_ddiv
 .text          0x08000a54      0x110 C:/ST/STM32CubeIDE_1.14.1/STM32CubeIDE/plugins/com.st.stm32cube.ide.mcu.externaltools.gnu-tools-for-stm32.12.3.rel1.win32_1.0.200.202406191623/tools/bin/../lib/gcc/arm-none-eabi/12.3.1/thumb/v8-m.main+fp/hard\libgcc.a(_arm_cmpdf2.o)
                0x08000a54                __gtdf2
                0x08000a54                __gedf2
                0x08000a5c                __ltdf2
                0x08000a5c                __ledf2
                0x08000a64                __nedf2
                0x08000a64                __eqdf2
                0x08000a64                __cmpdf2
                0x08000ae0                __aeabi_cdrcmple
                0x08000af0                __aeabi_cdcmpeq
                0x08000af0                __aeabi_cdcmple
                0x08000b00                __aeabi_dcmpeq
                0x08000b14                __aeabi_dcmplt
                0x08000b28                __aeabi_dcmple
                0x08000b3c                __aeabi_dcmpge
                0x08000b50                __aeabi_dcmpgt
 .text          0x08000b64       0xa0 C:/ST/STM32CubeIDE_1.14.1/STM32CubeIDE/plugins/com.st.stm32cube.ide.mcu.externaltools.gnu-tools-for-stm32.12.3.rel1.win32_1.0.200.202406191623/tools/bin/../lib/gcc/arm-none-eabi/12.3.1/thumb/v8-m.main+fp/hard\libgcc.a(_arm_truncdfsf2.o)
                0x08000b64                __truncdfsf2
                0x08000b64                __aeabi_d2f
 .text          0x08000c04       0x30 C:/ST/STM32CubeIDE_1.14.1/STM32CubeIDE/plugins/com.st.stm32cube.ide.mcu.externaltools.gnu-tools-for-stm32.12.3.rel1.win32_1.0.200.202406191623/tools/bin/../lib/gcc/arm-none-eabi/12.3.1/thumb/v8-m.main+fp/hard\libgcc.a(_aeabi_uldivmod.o)
                0x08000c04                __aeabi_uldivmod
 .text          0x08000c34      0x2e4 C:/ST/STM32CubeIDE_1.14.1/STM32CubeIDE/plugins/com.st.stm32cube.ide.mcu.externaltools.gnu-tools-for-stm32.12.3.rel1.win32_1.0.200.202406191623/tools/bin/../lib/gcc/arm-none-eabi/12.3.1/thumb/v8-m.main+fp/hard\libgcc.a(_udivmoddi4.o)
                0x08000c34                __udivmoddi4
 .text          0x08000f18        0x4 C:/ST/STM32CubeIDE_1.14.1/STM32CubeIDE/plugins/com.st.stm32cube.ide.mcu.externaltools.gnu-tools-for-stm32.12.3.rel1.win32_1.0.200.202406191623/tools/bin/../lib/gcc/arm-none-eabi/12.3.1/thumb/v8-m.main+fp/hard\libgcc.a(_dvmd_tls.o)
                0x08000f18                __aeabi_idiv0
                0x08000f18                __aeabi_ldiv0
 *(.text*)
 .text.main     0x08000f1c      0x2e8 ./Core/Src/main.o
                0x08000f1c                main
 .text.SystemClock_Config
                0x08001204       0xd8 ./Core/Src/main.o
                0x08001204                SystemClock_Config
 .text.PeriphCommonClock_Config
                0x080012dc       0x6e ./Core/Src/main.o
                0x080012dc                PeriphCommonClock_Config
 .text.SystemPower_Config
                0x0800134a       0x1c ./Core/Src/main.o
 *fill*         0x08001366        0x2 
 .text.MX_ADC1_Init
                0x08001368      0x274 ./Core/Src/main.o
 .text.MX_ADC4_Init
                0x080015dc       0xf4 ./Core/Src/main.o
 .text.MX_DMA2D_Init
                0x080016d0       0x7c ./Core/Src/main.o
 .text.MX_GPDMA1_Init
                0x0800174c       0x70 ./Core/Src/main.o
 .text.MX_HSPI1_Init
                0x080017bc       0x7c ./Core/Src/main.o
 .text.MX_I2C1_Init
                0x08001838       0x80 ./Core/Src/main.o
 .text.MX_I2C2_Init
                0x080018b8       0x80 ./Core/Src/main.o
 .text.MX_ICACHE_Init
                0x08001938       0x26 ./Core/Src/main.o
 *fill*         0x0800195e        0x2 
 .text.MX_LTDC_Init
                0x08001960      0x100 ./Core/Src/main.o
 .text.MX_RTC_Init
                0x08001a60       0x9c ./Core/Src/main.o
 .text.MX_SAI2_Init
                0x08001afc       0xd8 ./Core/Src/main.o
 .text.MX_TIM3_Init
                0x08001bd4       0xc4 ./Core/Src/main.o
 .text.MX_TIM15_Init
                0x08001c98       0xa0 ./Core/Src/main.o
 .text.MX_USART1_UART_Init
                0x08001d38       0x98 ./Core/Src/main.o
 .text.MX_USB_OTG_HS_PCD_Init
                0x08001dd0       0x5c ./Core/Src/main.o
 .text.MX_GPIO_Init
                0x08001e2c      0x26c ./Core/Src/main.o
 .text.HAL_SAI_RxHalfCpltCallback
                0x08002098       0xfc ./Core/Src/main.o
                0x08002098                HAL_SAI_RxHalfCpltCallback
 .text.HAL_SAI_RxCpltCallback
                0x08002194       0xfc ./Core/Src/main.o
                0x08002194                HAL_SAI_RxCpltCallback
 .text.Error_Handler
                0x08002290        0xc ./Core/Src/main.o
                0x08002290                Error_Handler
 .text.HAL_MspInit
                0x0800229c       0x34 ./Core/Src/stm32u5xx_hal_msp.o
                0x0800229c                HAL_MspInit
 .text.HAL_ADC_MspInit
                0x080022d0      0x468 ./Core/Src/stm32u5xx_hal_msp.o
                0x080022d0                HAL_ADC_MspInit
 .text.HAL_DMA2D_MspInit
                0x08002738       0x44 ./Core/Src/stm32u5xx_hal_msp.o
                0x08002738                HAL_DMA2D_MspInit
 .text.HAL_XSPI_MspInit
                0x0800277c       0xd8 ./Core/Src/stm32u5xx_hal_msp.o
                0x0800277c                HAL_XSPI_MspInit
 .text.HAL_I2C_MspInit
                0x08002854      0x1dc ./Core/Src/stm32u5xx_hal_msp.o
                0x08002854                HAL_I2C_MspInit
 .text.HAL_LTDC_MspInit
                0x08002a30      0x29c ./Core/Src/stm32u5xx_hal_msp.o
                0x08002a30                HAL_LTDC_MspInit
 .text.HAL_RTC_MspInit
                0x08002ccc       0x98 ./Core/Src/stm32u5xx_hal_msp.o
                0x08002ccc                HAL_RTC_MspInit
 .text.HAL_TIM_PWM_MspInit
                0x08002d64       0x44 ./Core/Src/stm32u5xx_hal_msp.o
                0x08002d64                HAL_TIM_PWM_MspInit
 .text.HAL_TIM_Base_MspInit
                0x08002da8       0x44 ./Core/Src/stm32u5xx_hal_msp.o
                0x08002da8                HAL_TIM_Base_MspInit
 .text.HAL_TIM_MspPostInit
                0x08002dec       0x74 ./Core/Src/stm32u5xx_hal_msp.o
                0x08002dec                HAL_TIM_MspPostInit
 .text.HAL_UART_MspInit
                0x08002e60      0x104 ./Core/Src/stm32u5xx_hal_msp.o
                0x08002e60                HAL_UART_MspInit
 .text.HAL_PCD_MspInit
                0x08002f64      0x10c ./Core/Src/stm32u5xx_hal_msp.o
                0x08002f64                HAL_PCD_MspInit
 .text.HAL_SAI_MspInit
                0x08003070      0x39c ./Core/Src/stm32u5xx_hal_msp.o
                0x08003070                HAL_SAI_MspInit
 .text.NMI_Handler
                0x0800340c        0x8 ./Core/Src/stm32u5xx_it.o
                0x0800340c                NMI_Handler
 .text.HardFault_Handler
                0x08003414        0x8 ./Core/Src/stm32u5xx_it.o
                0x08003414                HardFault_Handler
 .text.MemManage_Handler
                0x0800341c        0x8 ./Core/Src/stm32u5xx_it.o
                0x0800341c                MemManage_Handler
 .text.BusFault_Handler
                0x08003424        0x8 ./Core/Src/stm32u5xx_it.o
                0x08003424                BusFault_Handler
 .text.UsageFault_Handler
                0x0800342c        0x8 ./Core/Src/stm32u5xx_it.o
                0x0800342c                UsageFault_Handler
 .text.SVC_Handler
                0x08003434        0xe ./Core/Src/stm32u5xx_it.o
                0x08003434                SVC_Handler
 .text.DebugMon_Handler
                0x08003442        0xe ./Core/Src/stm32u5xx_it.o
                0x08003442                DebugMon_Handler
 .text.PendSV_Handler
                0x08003450        0xe ./Core/Src/stm32u5xx_it.o
                0x08003450                PendSV_Handler
 .text.SysTick_Handler
                0x0800345e        0xc ./Core/Src/stm32u5xx_it.o
                0x0800345e                SysTick_Handler
 .text.EXTI1_IRQHandler
                0x0800346a        0xe ./Core/Src/stm32u5xx_it.o
                0x0800346a                EXTI1_IRQHandler
 .text.EXTI4_IRQHandler
                0x08003478        0xe ./Core/Src/stm32u5xx_it.o
                0x08003478                EXTI4_IRQHandler
 .text.EXTI5_IRQHandler
                0x08003486        0xe ./Core/Src/stm32u5xx_it.o
                0x08003486                EXTI5_IRQHandler
 .text.GPDMA1_Channel0_IRQHandler
                0x08003494       0x14 ./Core/Src/stm32u5xx_it.o
                0x08003494                GPDMA1_Channel0_IRQHandler
 .text.GPDMA1_Channel1_IRQHandler
                0x080034a8       0x14 ./Core/Src/stm32u5xx_it.o
                0x080034a8                GPDMA1_Channel1_IRQHandler
 .text.GPDMA1_Channel2_IRQHandler
                0x080034bc       0x14 ./Core/Src/stm32u5xx_it.o
                0x080034bc                GPDMA1_Channel2_IRQHandler
 .text.GPDMA1_Channel3_IRQHandler
                0x080034d0       0x14 ./Core/Src/stm32u5xx_it.o
                0x080034d0                GPDMA1_Channel3_IRQHandler
 .text.ADC1_2_IRQHandler
                0x080034e4       0x14 ./Core/Src/stm32u5xx_it.o
                0x080034e4                ADC1_2_IRQHandler
 .text.I2C2_EV_IRQHandler
                0x080034f8       0x14 ./Core/Src/stm32u5xx_it.o
                0x080034f8                I2C2_EV_IRQHandler
 .text.I2C2_ER_IRQHandler
                0x0800350c       0x14 ./Core/Src/stm32u5xx_it.o
                0x0800350c                I2C2_ER_IRQHandler
 .text.USART1_IRQHandler
                0x08003520       0x14 ./Core/Src/stm32u5xx_it.o
                0x08003520                USART1_IRQHandler
 .text.LTDC_IRQHandler
                0x08003534       0x14 ./Core/Src/stm32u5xx_it.o
                0x08003534                LTDC_IRQHandler
 .text.SystemInit
                0x08003548       0x70 ./Core/Src/system_stm32u5xx.o
                0x08003548                SystemInit
 .text.Reset_Handler
                0x080035b8       0x50 ./Core/Startup/startup_stm32u5g9zjtxq.o
                0x080035b8                Reset_Handler
 .text.Default_Handler
                0x08003608        0x2 ./Core/Startup/startup_stm32u5g9zjtxq.o
                0x08003608                EXTI2_IRQHandler
                0x08003608                TIM8_TRG_COM_IRQHandler
                0x08003608                TIM8_CC_IRQHandler
                0x08003608                FLASH_S_IRQHandler
                0x08003608                EXTI13_IRQHandler
                0x08003608                DCACHE2_IRQHandler
                0x08003608                TIM1_CC_IRQHandler
                0x08003608                TSC_IRQHandler
                0x08003608                JPEG_IRQHandler
                0x08003608                TAMP_IRQHandler
                0x08003608                TIM6_IRQHandler
                0x08003608                EXTI12_IRQHandler
                0x08003608                CORDIC_IRQHandler
                0x08003608                GFXTIM_IRQHandler
                0x08003608                EXTI3_IRQHandler
                0x08003608                LPTIM4_IRQHandler
                0x08003608                GPDMA1_Channel5_IRQHandler
                0x08003608                EXTI8_IRQHandler
                0x08003608                LPTIM2_IRQHandler
                0x08003608                GFXMMU_IRQHandler
                0x08003608                I2C3_ER_IRQHandler
                0x08003608                I2C5_EV_IRQHandler
                0x08003608                PWR_S3WU_IRQHandler
                0x08003608                MDF1_FLT2_IRQHandler
                0x08003608                LPDMA1_Channel3_IRQHandler
                0x08003608                LPTIM3_IRQHandler
                0x08003608                EXTI0_IRQHandler
                0x08003608                GPU2D_IRQHandler
                0x08003608                FPU_IRQHandler
                0x08003608                GPDMA1_Channel7_IRQHandler
                0x08003608                MDF1_FLT4_IRQHandler
                0x08003608                FDCAN1_IT1_IRQHandler
                0x08003608                RAMCFG_IRQHandler
                0x08003608                LTDC_ER_IRQHandler
                0x08003608                GPDMA1_Channel9_IRQHandler
                0x08003608                DCACHE1_IRQHandler
                0x08003608                SPI1_IRQHandler
                0x08003608                OCTOSPI1_IRQHandler
                0x08003608                TIM8_UP_IRQHandler
                0x08003608                RCC_S_IRQHandler
                0x08003608                OCTOSPI2_IRQHandler
                0x08003608                SAI2_IRQHandler
                0x08003608                MDF1_FLT1_IRQHandler
                0x08003608                PKA_IRQHandler
                0x08003608                USART6_IRQHandler
                0x08003608                MDF1_FLT5_IRQHandler
                0x08003608                EXTI15_IRQHandler
                0x08003608                TIM17_IRQHandler
                0x08003608                USART3_IRQHandler
                0x08003608                RTC_IRQHandler
                0x08003608                EXTI9_IRQHandler
                0x08003608                HSPI1_IRQHandler
                0x08003608                UART5_IRQHandler
                0x08003608                TIM4_IRQHandler
                0x08003608                I2C1_EV_IRQHandler
                0x08003608                GPDMA1_Channel12_IRQHandler
                0x08003608                TIM16_IRQHandler
                0x08003608                GPDMA1_Channel15_IRQHandler
                0x08003608                UART4_IRQHandler
                0x08003608                SecureFault_Handler
                0x08003608                TIM3_IRQHandler
                0x08003608                RCC_IRQHandler
                0x08003608                TIM1_TRG_COM_IRQHandler
                0x08003608                Default_Handler
                0x08003608                GPDMA1_Channel8_IRQHandler
                0x08003608                FMAC_IRQHandler
                0x08003608                I2C5_ER_IRQHandler
                0x08003608                OTFDEC1_IRQHandler
                0x08003608                GPDMA1_Channel11_IRQHandler
                0x08003608                GPU2D_ER_IRQHandler
                0x08003608                TIM7_IRQHandler
                0x08003608                SDMMC1_IRQHandler
                0x08003608                SAES_IRQHandler
                0x08003608                TIM5_IRQHandler
                0x08003608                UCPD1_IRQHandler
                0x08003608                TIM15_IRQHandler
                0x08003608                I2C3_EV_IRQHandler
                0x08003608                LPDMA1_Channel0_IRQHandler
                0x08003608                PVD_PVM_IRQHandler
                0x08003608                SPI2_IRQHandler
                0x08003608                LPDMA1_Channel1_IRQHandler
                0x08003608                EXTI14_IRQHandler
                0x08003608                EXTI11_IRQHandler
                0x08003608                OTFDEC2_IRQHandler
                0x08003608                CRS_IRQHandler
                0x08003608                GPDMA1_Channel14_IRQHandler
                0x08003608                LSECSSD_IRQHandler
                0x08003608                RTC_S_IRQHandler
                0x08003608                GPDMA1_Channel13_IRQHandler
                0x08003608                RNG_IRQHandler
                0x08003608                COMP_IRQHandler
                0x08003608                DSI_IRQHandler
                0x08003608                TIM1_UP_IRQHandler
                0x08003608                ADC4_IRQHandler
                0x08003608                WWDG_IRQHandler
                0x08003608                I2C4_EV_IRQHandler
                0x08003608                ADF1_IRQHandler
                0x08003608                IWDG_IRQHandler
                0x08003608                I2C6_ER_IRQHandler
                0x08003608                LPUART1_IRQHandler
                0x08003608                MDF1_FLT0_IRQHandler
                0x08003608                FDCAN1_IT0_IRQHandler
                0x08003608                TIM2_IRQHandler
                0x08003608                GPDMA1_Channel4_IRQHandler
                0x08003608                OTG_HS_IRQHandler
                0x08003608                EXTI7_IRQHandler
                0x08003608                DMA2D_IRQHandler
                0x08003608                TIM1_BRK_IRQHandler
                0x08003608                SDMMC2_IRQHandler
                0x08003608                AES_IRQHandler
                0x08003608                DAC1_IRQHandler
                0x08003608                GTZC_IRQHandler
                0x08003608                MDF1_FLT3_IRQHandler
                0x08003608                USART2_IRQHandler
                0x08003608                I2C6_EV_IRQHandler
                0x08003608                GPDMA1_Channel6_IRQHandler
                0x08003608                TIM8_BRK_IRQHandler
                0x08003608                FLASH_IRQHandler
                0x08003608                EXTI10_IRQHandler
                0x08003608                SPI3_IRQHandler
                0x08003608                LPDMA1_Channel2_IRQHandler
                0x08003608                I2C1_ER_IRQHandler
                0x08003608                FMC_IRQHandler
                0x08003608                EXTI6_IRQHandler
                0x08003608                LPTIM1_IRQHandler
                0x08003608                DCMI_PSSI_IRQHandler
                0x08003608                I2C4_ER_IRQHandler
                0x08003608                GPDMA1_Channel10_IRQHandler
                0x08003608                ICACHE_IRQHandler
                0x08003608                SAI1_IRQHandler
                0x08003608                HASH_IRQHandler
 *fill*         0x0800360a        0x2 
 .text.HAL_Init
                0x0800360c       0x60 ./Drivers/STM32U5xx_HAL_Driver/Src/stm32u5xx_hal.o
                0x0800360c                HAL_Init
 .text.HAL_InitTick
                0x0800366c       0xec ./Drivers/STM32U5xx_HAL_Driver/Src/stm32u5xx_hal.o
                0x0800366c                HAL_InitTick
 .text.HAL_IncTick
                0x08003758       0x28 ./Drivers/STM32U5xx_HAL_Driver/Src/stm32u5xx_hal.o
                0x08003758                HAL_IncTick
 .text.HAL_GetTick
                0x08003780       0x18 ./Drivers/STM32U5xx_HAL_Driver/Src/stm32u5xx_hal.o
                0x08003780                HAL_GetTick
 .text.HAL_Delay
                0x08003798       0x48 ./Drivers/STM32U5xx_HAL_Driver/Src/stm32u5xx_hal.o
                0x08003798                HAL_Delay
 .text.HAL_SYSCFG_EnableOTGPHY
                0x080037e0       0x28 ./Drivers/STM32U5xx_HAL_Driver/Src/stm32u5xx_hal.o
                0x080037e0                HAL_SYSCFG_EnableOTGPHY
 .text.HAL_SYSCFG_SetOTGPHYReferenceClockSelection
                0x08003808       0x28 ./Drivers/STM32U5xx_HAL_Driver/Src/stm32u5xx_hal.o
                0x08003808                HAL_SYSCFG_SetOTGPHYReferenceClockSelection
 .text.LL_ADC_SetCommonClock
                0x08003830       0x26 ./Drivers/STM32U5xx_HAL_Driver/Src/stm32u5xx_hal_adc.o
 .text.LL_ADC_SetCommonPathInternalCh
                0x08003856       0x26 ./Drivers/STM32U5xx_HAL_Driver/Src/stm32u5xx_hal_adc.o
 .text.LL_ADC_GetCommonPathInternalCh
                0x0800387c       0x1c ./Drivers/STM32U5xx_HAL_Driver/Src/stm32u5xx_hal_adc.o
 .text.LL_ADC_SetResolution
                0x08003898       0x40 ./Drivers/STM32U5xx_HAL_Driver/Src/stm32u5xx_hal_adc.o
 .text.LL_ADC_SetOffset
                0x080038d8       0x42 ./Drivers/STM32U5xx_HAL_Driver/Src/stm32u5xx_hal_adc.o
 .text.LL_ADC_GetOffsetChannel
                0x0800391a       0x2c ./Drivers/STM32U5xx_HAL_Driver/Src/stm32u5xx_hal_adc.o
 .text.LL_ADC_SetOffsetSign
                0x08003946       0x36 ./Drivers/STM32U5xx_HAL_Driver/Src/stm32u5xx_hal_adc.o
 .text.LL_ADC_SetOffsetSignedSaturation
                0x0800397c       0x36 ./Drivers/STM32U5xx_HAL_Driver/Src/stm32u5xx_hal_adc.o
 .text.LL_ADC_SetOffsetUnsignedSaturation
                0x080039b2       0x36 ./Drivers/STM32U5xx_HAL_Driver/Src/stm32u5xx_hal_adc.o
 .text.LL_ADC_SetGainCompensation
                0x080039e8       0x46 ./Drivers/STM32U5xx_HAL_Driver/Src/stm32u5xx_hal_adc.o
 .text.LL_ADC_SetSamplingTimeCommonChannels
                0x08003a2e       0x3e ./Drivers/STM32U5xx_HAL_Driver/Src/stm32u5xx_hal_adc.o
 .text.LL_ADC_REG_IsTriggerSourceSWStart
                0x08003a6c       0x26 ./Drivers/STM32U5xx_HAL_Driver/Src/stm32u5xx_hal_adc.o
 *fill*         0x08003a92        0x2 
 .text.LL_ADC_REG_SetSequencerRanks
                0x08003a94       0xc0 ./Drivers/STM32U5xx_HAL_Driver/Src/stm32u5xx_hal_adc.o
 .text.LL_ADC_REG_SetSequencerChAdd
                0x08003b54       0x66 ./Drivers/STM32U5xx_HAL_Driver/Src/stm32u5xx_hal_adc.o
 .text.LL_ADC_REG_SetSequencerChRem
                0x08003bba       0x30 ./Drivers/STM32U5xx_HAL_Driver/Src/stm32u5xx_hal_adc.o
 .text.LL_ADC_REG_GetDMATransfer
                0x08003bea       0x1c ./Drivers/STM32U5xx_HAL_Driver/Src/stm32u5xx_hal_adc.o
 .text.LL_ADC_INJ_IsTriggerSourceSWStart
                0x08003c06       0x26 ./Drivers/STM32U5xx_HAL_Driver/Src/stm32u5xx_hal_adc.o
 .text.LL_ADC_SetChannelSamplingTime
                0x08003c2c       0xc8 ./Drivers/STM32U5xx_HAL_Driver/Src/stm32u5xx_hal_adc.o
 .text.LL_ADC_SetChannelSingleDiff
                0x08003cf4       0x48 ./Drivers/STM32U5xx_HAL_Driver/Src/stm32u5xx_hal_adc.o
 .text.LL_ADC_GetMultimode
                0x08003d3c       0x1c ./Drivers/STM32U5xx_HAL_Driver/Src/stm32u5xx_hal_adc.o
 .text.LL_ADC_GetMultiDMATransfer
                0x08003d58       0x1c ./Drivers/STM32U5xx_HAL_Driver/Src/stm32u5xx_hal_adc.o
 .text.LL_ADC_DisableDeepPowerDown
                0x08003d74       0x24 ./Drivers/STM32U5xx_HAL_Driver/Src/stm32u5xx_hal_adc.o
 .text.LL_ADC_IsDeepPowerDownEnabled
                0x08003d98       0x28 ./Drivers/STM32U5xx_HAL_Driver/Src/stm32u5xx_hal_adc.o
 .text.LL_ADC_EnableInternalRegulator
                0x08003dc0       0x28 ./Drivers/STM32U5xx_HAL_Driver/Src/stm32u5xx_hal_adc.o
 .text.LL_ADC_IsInternalRegulatorEnabled
                0x08003de8       0x28 ./Drivers/STM32U5xx_HAL_Driver/Src/stm32u5xx_hal_adc.o
 .text.LL_ADC_Enable
                0x08003e10       0x28 ./Drivers/STM32U5xx_HAL_Driver/Src/stm32u5xx_hal_adc.o
 .text.LL_ADC_IsEnabled
                0x08003e38       0x26 ./Drivers/STM32U5xx_HAL_Driver/Src/stm32u5xx_hal_adc.o
 .text.LL_ADC_REG_StartConversion
                0x08003e5e       0x28 ./Drivers/STM32U5xx_HAL_Driver/Src/stm32u5xx_hal_adc.o
 .text.LL_ADC_REG_IsConversionOngoing
                0x08003e86       0x26 ./Drivers/STM32U5xx_HAL_Driver/Src/stm32u5xx_hal_adc.o
 .text.LL_ADC_INJ_IsConversionOngoing
                0x08003eac       0x26 ./Drivers/STM32U5xx_HAL_Driver/Src/stm32u5xx_hal_adc.o
 *fill*         0x08003ed2        0x2 
 .text.HAL_ADC_Init
                0x08003ed4      0x5d0 ./Drivers/STM32U5xx_HAL_Driver/Src/stm32u5xx_hal_adc.o
                0x08003ed4                HAL_ADC_Init
 .text.HAL_ADC_Start_DMA
                0x080044a4      0x294 ./Drivers/STM32U5xx_HAL_Driver/Src/stm32u5xx_hal_adc.o
                0x080044a4                HAL_ADC_Start_DMA
 .text.HAL_ADC_IRQHandler
                0x08004738      0x56c ./Drivers/STM32U5xx_HAL_Driver/Src/stm32u5xx_hal_adc.o
                0x08004738                HAL_ADC_IRQHandler
 .text.HAL_ADC_ConvCpltCallback
                0x08004ca4       0x14 ./Drivers/STM32U5xx_HAL_Driver/Src/stm32u5xx_hal_adc.o
                0x08004ca4                HAL_ADC_ConvCpltCallback
 .text.HAL_ADC_ConvHalfCpltCallback
                0x08004cb8       0x14 ./Drivers/STM32U5xx_HAL_Driver/Src/stm32u5xx_hal_adc.o
                0x08004cb8                HAL_ADC_ConvHalfCpltCallback
 .text.HAL_ADC_LevelOutOfWindowCallback
                0x08004ccc       0x14 ./Drivers/STM32U5xx_HAL_Driver/Src/stm32u5xx_hal_adc.o
                0x08004ccc                HAL_ADC_LevelOutOfWindowCallback
 .text.HAL_ADC_ErrorCallback
                0x08004ce0       0x14 ./Drivers/STM32U5xx_HAL_Driver/Src/stm32u5xx_hal_adc.o
                0x08004ce0                HAL_ADC_ErrorCallback
 .text.HAL_ADC_CalibrationCpltCallback
                0x08004cf4       0x14 ./Drivers/STM32U5xx_HAL_Driver/Src/stm32u5xx_hal_adc.o
                0x08004cf4                HAL_ADC_CalibrationCpltCallback
 .text.HAL_ADC_VoltageRegulatorCallback
                0x08004d08       0x14 ./Drivers/STM32U5xx_HAL_Driver/Src/stm32u5xx_hal_adc.o
                0x08004d08                HAL_ADC_VoltageRegulatorCallback
 .text.HAL_ADC_ADCReadyCallback
                0x08004d1c       0x14 ./Drivers/STM32U5xx_HAL_Driver/Src/stm32u5xx_hal_adc.o
                0x08004d1c                HAL_ADC_ADCReadyCallback
 .text.HAL_ADC_ConfigChannel
                0x08004d30      0xc3c ./Drivers/STM32U5xx_HAL_Driver/Src/stm32u5xx_hal_adc.o
                0x08004d30                HAL_ADC_ConfigChannel
 .text.ADC_Enable
                0x0800596c      0x134 ./Drivers/STM32U5xx_HAL_Driver/Src/stm32u5xx_hal_adc.o
                0x0800596c                ADC_Enable
 .text.ADC_DMAConvCplt
                0x08005aa0       0xde ./Drivers/STM32U5xx_HAL_Driver/Src/stm32u5xx_hal_adc.o
                0x08005aa0                ADC_DMAConvCplt
 .text.ADC_DMAHalfConvCplt
                0x08005b7e       0x1c ./Drivers/STM32U5xx_HAL_Driver/Src/stm32u5xx_hal_adc.o
                0x08005b7e                ADC_DMAHalfConvCplt
 .text.ADC_DMAError
                0x08005b9a       0x34 ./Drivers/STM32U5xx_HAL_Driver/Src/stm32u5xx_hal_adc.o
                0x08005b9a                ADC_DMAError
 .text.HAL_ADCEx_InjectedConvCpltCallback
                0x08005bce       0x14 ./Drivers/STM32U5xx_HAL_Driver/Src/stm32u5xx_hal_adc_ex.o
                0x08005bce                HAL_ADCEx_InjectedConvCpltCallback
 .text.HAL_ADCEx_LevelOutOfWindow2Callback
                0x08005be2       0x14 ./Drivers/STM32U5xx_HAL_Driver/Src/stm32u5xx_hal_adc_ex.o
                0x08005be2                HAL_ADCEx_LevelOutOfWindow2Callback
 .text.HAL_ADCEx_LevelOutOfWindow3Callback
                0x08005bf6       0x14 ./Drivers/STM32U5xx_HAL_Driver/Src/stm32u5xx_hal_adc_ex.o
                0x08005bf6                HAL_ADCEx_LevelOutOfWindow3Callback
 .text.HAL_ADCEx_EndOfSamplingCallback
                0x08005c0a       0x14 ./Drivers/STM32U5xx_HAL_Driver/Src/stm32u5xx_hal_adc_ex.o
                0x08005c0a                HAL_ADCEx_EndOfSamplingCallback
 *fill*         0x08005c1e        0x2 
 .text.__NVIC_SetPriorityGrouping
                0x08005c20       0x48 ./Drivers/STM32U5xx_HAL_Driver/Src/stm32u5xx_hal_cortex.o
 .text.__NVIC_GetPriorityGrouping
                0x08005c68       0x1c ./Drivers/STM32U5xx_HAL_Driver/Src/stm32u5xx_hal_cortex.o
 .text.__NVIC_EnableIRQ
                0x08005c84       0x3c ./Drivers/STM32U5xx_HAL_Driver/Src/stm32u5xx_hal_cortex.o
 .text.__NVIC_SetPriority
                0x08005cc0       0x54 ./Drivers/STM32U5xx_HAL_Driver/Src/stm32u5xx_hal_cortex.o
 .text.NVIC_EncodePriority
                0x08005d14       0x66 ./Drivers/STM32U5xx_HAL_Driver/Src/stm32u5xx_hal_cortex.o
 .text.HAL_NVIC_SetPriorityGrouping
                0x08005d7a       0x16 ./Drivers/STM32U5xx_HAL_Driver/Src/stm32u5xx_hal_cortex.o
                0x08005d7a                HAL_NVIC_SetPriorityGrouping
 .text.HAL_NVIC_SetPriority
                0x08005d90       0x34 ./Drivers/STM32U5xx_HAL_Driver/Src/stm32u5xx_hal_cortex.o
                0x08005d90                HAL_NVIC_SetPriority
 .text.HAL_NVIC_EnableIRQ
                0x08005dc4       0x1c ./Drivers/STM32U5xx_HAL_Driver/Src/stm32u5xx_hal_cortex.o
                0x08005dc4                HAL_NVIC_EnableIRQ
 .text.HAL_SYSTICK_Config
                0x08005de0       0x44 ./Drivers/STM32U5xx_HAL_Driver/Src/stm32u5xx_hal_cortex.o
                0x08005de0                HAL_SYSTICK_Config
 .text.HAL_SYSTICK_CLKSourceConfig
                0x08005e24       0xb0 ./Drivers/STM32U5xx_HAL_Driver/Src/stm32u5xx_hal_cortex.o
                0x08005e24                HAL_SYSTICK_CLKSourceConfig
 .text.HAL_SYSTICK_GetCLKSourceConfig
                0x08005ed4       0x74 ./Drivers/STM32U5xx_HAL_Driver/Src/stm32u5xx_hal_cortex.o
                0x08005ed4                HAL_SYSTICK_GetCLKSourceConfig
 .text.HAL_DMA_Init
                0x08005f48      0x258 ./Drivers/STM32U5xx_HAL_Driver/Src/stm32u5xx_hal_dma.o
                0x08005f48                HAL_DMA_Init
 .text.HAL_DMA_Start_IT
                0x080061a0       0xc0 ./Drivers/STM32U5xx_HAL_Driver/Src/stm32u5xx_hal_dma.o
                0x080061a0                HAL_DMA_Start_IT
 .text.HAL_DMA_Abort
                0x08006260       0xf8 ./Drivers/STM32U5xx_HAL_Driver/Src/stm32u5xx_hal_dma.o
                0x08006260                HAL_DMA_Abort
 .text.HAL_DMA_Abort_IT
                0x08006358       0x52 ./Drivers/STM32U5xx_HAL_Driver/Src/stm32u5xx_hal_dma.o
                0x08006358                HAL_DMA_Abort_IT
 .text.HAL_DMA_IRQHandler
                0x080063aa      0x2c2 ./Drivers/STM32U5xx_HAL_Driver/Src/stm32u5xx_hal_dma.o
                0x080063aa                HAL_DMA_IRQHandler
 .text.HAL_DMA_GetState
                0x0800666c       0x1c ./Drivers/STM32U5xx_HAL_Driver/Src/stm32u5xx_hal_dma.o
                0x0800666c                HAL_DMA_GetState
 .text.HAL_DMA_ConfigChannelAttributes
                0x08006688       0x78 ./Drivers/STM32U5xx_HAL_Driver/Src/stm32u5xx_hal_dma.o
                0x08006688                HAL_DMA_ConfigChannelAttributes
 .text.DMA_SetConfig
                0x08006700       0x4a ./Drivers/STM32U5xx_HAL_Driver/Src/stm32u5xx_hal_dma.o
 *fill*         0x0800674a        0x2 
 .text.DMA_Init
                0x0800674c      0x500 ./Drivers/STM32U5xx_HAL_Driver/Src/stm32u5xx_hal_dma.o
 .text.HAL_DMA2D_Init
                0x08006c4c       0xc2 ./Drivers/STM32U5xx_HAL_Driver/Src/stm32u5xx_hal_dma2d.o
                0x08006c4c                HAL_DMA2D_Init
 *fill*         0x08006d0e        0x2 
 .text.HAL_DMA2D_ConfigLayer
                0x08006d10      0x15c ./Drivers/STM32U5xx_HAL_Driver/Src/stm32u5xx_hal_dma2d.o
                0x08006d10                HAL_DMA2D_ConfigLayer
 .text.HAL_DMAEx_List_Init
                0x08006e6c      0x258 ./Drivers/STM32U5xx_HAL_Driver/Src/stm32u5xx_hal_dma_ex.o
                0x08006e6c                HAL_DMAEx_List_Init
 .text.HAL_DMAEx_List_Start_IT
                0x080070c4      0x128 ./Drivers/STM32U5xx_HAL_Driver/Src/stm32u5xx_hal_dma_ex.o
                0x080070c4                HAL_DMAEx_List_Start_IT
 .text.HAL_DMAEx_List_BuildNode
                0x080071ec       0x2c ./Drivers/STM32U5xx_HAL_Driver/Src/stm32u5xx_hal_dma_ex.o
                0x080071ec                HAL_DMAEx_List_BuildNode
 .text.HAL_DMAEx_List_GetNodeConfig
                0x08007218       0x2c ./Drivers/STM32U5xx_HAL_Driver/Src/stm32u5xx_hal_dma_ex.o
                0x08007218                HAL_DMAEx_List_GetNodeConfig
 .text.HAL_DMAEx_List_InsertNode
                0x08007244      0x192 ./Drivers/STM32U5xx_HAL_Driver/Src/stm32u5xx_hal_dma_ex.o
                0x08007244                HAL_DMAEx_List_InsertNode
 .text.HAL_DMAEx_List_SetCircularMode
                0x080073d6       0xc0 ./Drivers/STM32U5xx_HAL_Driver/Src/stm32u5xx_hal_dma_ex.o
                0x080073d6                HAL_DMAEx_List_SetCircularMode
 *fill*         0x08007496        0x2 
 .text.HAL_DMAEx_List_LinkQ
                0x08007498      0x12c ./Drivers/STM32U5xx_HAL_Driver/Src/stm32u5xx_hal_dma_ex.o
                0x08007498                HAL_DMAEx_List_LinkQ
 .text.HAL_DMAEx_GetFifoLevel
                0x080075c4       0x1e ./Drivers/STM32U5xx_HAL_Driver/Src/stm32u5xx_hal_dma_ex.o
                0x080075c4                HAL_DMAEx_GetFifoLevel
 *fill*         0x080075e2        0x2 
 .text.DMA_List_Init
                0x080075e4      0x2b0 ./Drivers/STM32U5xx_HAL_Driver/Src/stm32u5xx_hal_dma_ex.o
 .text.DMA_List_BuildNode
                0x08007894      0x2a4 ./Drivers/STM32U5xx_HAL_Driver/Src/stm32u5xx_hal_dma_ex.o
 .text.DMA_List_GetNodeConfig
                0x08007b38      0x214 ./Drivers/STM32U5xx_HAL_Driver/Src/stm32u5xx_hal_dma_ex.o
 .text.DMA_List_CheckNodesBaseAddresses
                0x08007d4c       0x60 ./Drivers/STM32U5xx_HAL_Driver/Src/stm32u5xx_hal_dma_ex.o
 .text.DMA_List_CheckNodesTypes
                0x08007dac       0x78 ./Drivers/STM32U5xx_HAL_Driver/Src/stm32u5xx_hal_dma_ex.o
 .text.DMA_List_GetCLLRNodeInfo
                0x08007e24       0x60 ./Drivers/STM32U5xx_HAL_Driver/Src/stm32u5xx_hal_dma_ex.o
 .text.DMA_List_FindNode
                0x08007e84      0x13e ./Drivers/STM32U5xx_HAL_Driver/Src/stm32u5xx_hal_dma_ex.o
 *fill*         0x08007fc2        0x2 
 .text.HAL_GPIO_Init
                0x08007fc4      0x3b0 ./Drivers/STM32U5xx_HAL_Driver/Src/stm32u5xx_hal_gpio.o
                0x08007fc4                HAL_GPIO_Init
 .text.HAL_GPIO_WritePin
                0x08008374       0x30 ./Drivers/STM32U5xx_HAL_Driver/Src/stm32u5xx_hal_gpio.o
                0x08008374                HAL_GPIO_WritePin
 .text.HAL_GPIO_EXTI_IRQHandler
                0x080083a4       0x4c ./Drivers/STM32U5xx_HAL_Driver/Src/stm32u5xx_hal_gpio.o
                0x080083a4                HAL_GPIO_EXTI_IRQHandler
 .text.HAL_GPIO_EXTI_Rising_Callback
                0x080083f0       0x16 ./Drivers/STM32U5xx_HAL_Driver/Src/stm32u5xx_hal_gpio.o
                0x080083f0                HAL_GPIO_EXTI_Rising_Callback
 .text.HAL_GPIO_EXTI_Falling_Callback
                0x08008406       0x16 ./Drivers/STM32U5xx_HAL_Driver/Src/stm32u5xx_hal_gpio.o
                0x08008406                HAL_GPIO_EXTI_Falling_Callback
 .text.HAL_I2C_Init
                0x0800841c      0x136 ./Drivers/STM32U5xx_HAL_Driver/Src/stm32u5xx_hal_i2c.o
                0x0800841c                HAL_I2C_Init
 *fill*         0x08008552        0x2 
 .text.HAL_I2C_Master_Transmit
                0x08008554      0x1e8 ./Drivers/STM32U5xx_HAL_Driver/Src/stm32u5xx_hal_i2c.o
                0x08008554                HAL_I2C_Master_Transmit
 .text.HAL_I2C_EV_IRQHandler
                0x0800873c       0x34 ./Drivers/STM32U5xx_HAL_Driver/Src/stm32u5xx_hal_i2c.o
                0x0800873c                HAL_I2C_EV_IRQHandler
 .text.HAL_I2C_ER_IRQHandler
                0x08008770       0xb6 ./Drivers/STM32U5xx_HAL_Driver/Src/stm32u5xx_hal_i2c.o
                0x08008770                HAL_I2C_ER_IRQHandler
 .text.HAL_I2C_SlaveTxCpltCallback
                0x08008826       0x14 ./Drivers/STM32U5xx_HAL_Driver/Src/stm32u5xx_hal_i2c.o
                0x08008826                HAL_I2C_SlaveTxCpltCallback
 .text.HAL_I2C_SlaveRxCpltCallback
                0x0800883a       0x14 ./Drivers/STM32U5xx_HAL_Driver/Src/stm32u5xx_hal_i2c.o
                0x0800883a                HAL_I2C_SlaveRxCpltCallback
 .text.HAL_I2C_AddrCallback
                0x0800884e       0x1c ./Drivers/STM32U5xx_HAL_Driver/Src/stm32u5xx_hal_i2c.o
                0x0800884e                HAL_I2C_AddrCallback
 .text.HAL_I2C_ListenCpltCallback
                0x0800886a       0x14 ./Drivers/STM32U5xx_HAL_Driver/Src/stm32u5xx_hal_i2c.o
                0x0800886a                HAL_I2C_ListenCpltCallback
 .text.HAL_I2C_ErrorCallback
                0x0800887e       0x14 ./Drivers/STM32U5xx_HAL_Driver/Src/stm32u5xx_hal_i2c.o
                0x0800887e                HAL_I2C_ErrorCallback
 .text.HAL_I2C_AbortCpltCallback
                0x08008892       0x14 ./Drivers/STM32U5xx_HAL_Driver/Src/stm32u5xx_hal_i2c.o
                0x08008892                HAL_I2C_AbortCpltCallback
 .text.I2C_Slave_ISR_IT
                0x080088a6      0x1f2 ./Drivers/STM32U5xx_HAL_Driver/Src/stm32u5xx_hal_i2c.o
 .text.I2C_ITAddrCplt
                0x08008a98      0x108 ./Drivers/STM32U5xx_HAL_Driver/Src/stm32u5xx_hal_i2c.o
 .text.I2C_ITSlaveSeqCplt
                0x08008ba0       0xb8 ./Drivers/STM32U5xx_HAL_Driver/Src/stm32u5xx_hal_i2c.o
 .text.I2C_ITSlaveCplt
                0x08008c58      0x2ec ./Drivers/STM32U5xx_HAL_Driver/Src/stm32u5xx_hal_i2c.o
 .text.I2C_ITListenCplt
                0x08008f44       0xa8 ./Drivers/STM32U5xx_HAL_Driver/Src/stm32u5xx_hal_i2c.o
 .text.I2C_ITError
                0x08008fec      0x1e0 ./Drivers/STM32U5xx_HAL_Driver/Src/stm32u5xx_hal_i2c.o
 .text.I2C_TreatErrorCallback
                0x080091cc       0x4e ./Drivers/STM32U5xx_HAL_Driver/Src/stm32u5xx_hal_i2c.o
 .text.I2C_Flush_TXDR
                0x0800921a       0x48 ./Drivers/STM32U5xx_HAL_Driver/Src/stm32u5xx_hal_i2c.o
 .text.I2C_DMAAbort
                0x08009262       0x3c ./Drivers/STM32U5xx_HAL_Driver/Src/stm32u5xx_hal_i2c.o
 .text.I2C_WaitOnFlagUntilTimeout
                0x0800929e       0xb2 ./Drivers/STM32U5xx_HAL_Driver/Src/stm32u5xx_hal_i2c.o
 .text.I2C_WaitOnTXISFlagUntilTimeout
                0x08009350       0x8e ./Drivers/STM32U5xx_HAL_Driver/Src/stm32u5xx_hal_i2c.o
 .text.I2C_WaitOnSTOPFlagUntilTimeout
                0x080093de       0x86 ./Drivers/STM32U5xx_HAL_Driver/Src/stm32u5xx_hal_i2c.o
 .text.I2C_IsErrorOccurred
                0x08009464      0x1c0 ./Drivers/STM32U5xx_HAL_Driver/Src/stm32u5xx_hal_i2c.o
 .text.I2C_TransferConfig
                0x08009624       0x64 ./Drivers/STM32U5xx_HAL_Driver/Src/stm32u5xx_hal_i2c.o
 .text.I2C_Disable_IRQ
                0x08009688       0xbc ./Drivers/STM32U5xx_HAL_Driver/Src/stm32u5xx_hal_i2c.o
 .text.HAL_I2CEx_ConfigAnalogFilter
                0x08009744       0x96 ./Drivers/STM32U5xx_HAL_Driver/Src/stm32u5xx_hal_i2c_ex.o
                0x08009744                HAL_I2CEx_ConfigAnalogFilter
 .text.HAL_I2CEx_ConfigDigitalFilter
                0x080097da       0x98 ./Drivers/STM32U5xx_HAL_Driver/Src/stm32u5xx_hal_i2c_ex.o
                0x080097da                HAL_I2CEx_ConfigDigitalFilter
 *fill*         0x08009872        0x2 
 .text.HAL_ICACHE_ConfigAssociativityMode
                0x08009874       0x40 ./Drivers/STM32U5xx_HAL_Driver/Src/stm32u5xx_hal_icache.o
                0x08009874                HAL_ICACHE_ConfigAssociativityMode
 .text.HAL_ICACHE_Enable
                0x080098b4       0x20 ./Drivers/STM32U5xx_HAL_Driver/Src/stm32u5xx_hal_icache.o
                0x080098b4                HAL_ICACHE_Enable
 .text.HAL_LTDC_Init
                0x080098d4      0x1a0 ./Drivers/STM32U5xx_HAL_Driver/Src/stm32u5xx_hal_ltdc.o
                0x080098d4                HAL_LTDC_Init
 .text.HAL_LTDC_IRQHandler
                0x08009a74      0x148 ./Drivers/STM32U5xx_HAL_Driver/Src/stm32u5xx_hal_ltdc.o
                0x08009a74                HAL_LTDC_IRQHandler
 .text.HAL_LTDC_ErrorCallback
                0x08009bbc       0x14 ./Drivers/STM32U5xx_HAL_Driver/Src/stm32u5xx_hal_ltdc.o
                0x08009bbc                HAL_LTDC_ErrorCallback
 .text.HAL_LTDC_LineEventCallback
                0x08009bd0       0x14 ./Drivers/STM32U5xx_HAL_Driver/Src/stm32u5xx_hal_ltdc.o
                0x08009bd0                HAL_LTDC_LineEventCallback
 .text.HAL_LTDC_ReloadEventCallback
                0x08009be4       0x14 ./Drivers/STM32U5xx_HAL_Driver/Src/stm32u5xx_hal_ltdc.o
                0x08009be4                HAL_LTDC_ReloadEventCallback
 .text.HAL_LTDC_ConfigLayer
                0x08009bf8       0x7c ./Drivers/STM32U5xx_HAL_Driver/Src/stm32u5xx_hal_ltdc.o
                0x08009bf8                HAL_LTDC_ConfigLayer
 .text.LTDC_SetConfig
                0x08009c74      0x2e6 ./Drivers/STM32U5xx_HAL_Driver/Src/stm32u5xx_hal_ltdc.o
 .text.HAL_PCD_Init
                0x08009f5a      0x218 ./Drivers/STM32U5xx_HAL_Driver/Src/stm32u5xx_hal_pcd.o
                0x08009f5a                HAL_PCD_Init
 .text.HAL_PCDEx_ActivateLPM
                0x0800a172       0x48 ./Drivers/STM32U5xx_HAL_Driver/Src/stm32u5xx_hal_pcd_ex.o
                0x0800a172                HAL_PCDEx_ActivateLPM
 *fill*         0x0800a1ba        0x2 
 .text.HAL_PWR_EnableBkUpAccess
                0x0800a1bc       0x20 ./Drivers/STM32U5xx_HAL_Driver/Src/stm32u5xx_hal_pwr.o
                0x0800a1bc                HAL_PWR_EnableBkUpAccess
 .text.HAL_PWREx_ControlVoltageScaling
                0x0800a1dc       0xfc ./Drivers/STM32U5xx_HAL_Driver/Src/stm32u5xx_hal_pwr_ex.o
                0x0800a1dc                HAL_PWREx_ControlVoltageScaling
 .text.HAL_PWREx_GetVoltageRange
                0x0800a2d8       0x1c ./Drivers/STM32U5xx_HAL_Driver/Src/stm32u5xx_hal_pwr_ex.o
                0x0800a2d8                HAL_PWREx_GetVoltageRange
 .text.HAL_PWREx_ConfigSupply
                0x0800a2f4       0xa0 ./Drivers/STM32U5xx_HAL_Driver/Src/stm32u5xx_hal_pwr_ex.o
                0x0800a2f4                HAL_PWREx_ConfigSupply
 .text.HAL_PWREx_EnableVddUSB
                0x0800a394       0x20 ./Drivers/STM32U5xx_HAL_Driver/Src/stm32u5xx_hal_pwr_ex.o
                0x0800a394                HAL_PWREx_EnableVddUSB
 .text.HAL_PWREx_EnableVddIO2
                0x0800a3b4       0x20 ./Drivers/STM32U5xx_HAL_Driver/Src/stm32u5xx_hal_pwr_ex.o
                0x0800a3b4                HAL_PWREx_EnableVddIO2
 .text.HAL_PWREx_EnableVddA
                0x0800a3d4       0x20 ./Drivers/STM32U5xx_HAL_Driver/Src/stm32u5xx_hal_pwr_ex.o
                0x0800a3d4                HAL_PWREx_EnableVddA
 .text.HAL_PWREx_EnableUSBHSTranceiverSupply
                0x0800a3f4       0x3c ./Drivers/STM32U5xx_HAL_Driver/Src/stm32u5xx_hal_pwr_ex.o
                0x0800a3f4                HAL_PWREx_EnableUSBHSTranceiverSupply
 .text.HAL_RCC_OscConfig
                0x0800a430      0xdb8 ./Drivers/STM32U5xx_HAL_Driver/Src/stm32u5xx_hal_rcc.o
                0x0800a430                HAL_RCC_OscConfig
 .text.HAL_RCC_ClockConfig
                0x0800b1e8      0x3e4 ./Drivers/STM32U5xx_HAL_Driver/Src/stm32u5xx_hal_rcc.o
                0x0800b1e8                HAL_RCC_ClockConfig
 .text.HAL_RCC_GetSysClockFreq
                0x0800b5cc      0x204 ./Drivers/STM32U5xx_HAL_Driver/Src/stm32u5xx_hal_rcc.o
                0x0800b5cc                HAL_RCC_GetSysClockFreq
 .text.HAL_RCC_GetHCLKFreq
                0x0800b7d0       0x34 ./Drivers/STM32U5xx_HAL_Driver/Src/stm32u5xx_hal_rcc.o
                0x0800b7d0                HAL_RCC_GetHCLKFreq
 .text.HAL_RCC_GetPCLK1Freq
                0x0800b804       0x28 ./Drivers/STM32U5xx_HAL_Driver/Src/stm32u5xx_hal_rcc.o
                0x0800b804                HAL_RCC_GetPCLK1Freq
 .text.HAL_RCC_GetPCLK2Freq
                0x0800b82c       0x28 ./Drivers/STM32U5xx_HAL_Driver/Src/stm32u5xx_hal_rcc.o
                0x0800b82c                HAL_RCC_GetPCLK2Freq
 .text.HAL_RCC_GetPCLK3Freq
                0x0800b854       0x28 ./Drivers/STM32U5xx_HAL_Driver/Src/stm32u5xx_hal_rcc.o
                0x0800b854                HAL_RCC_GetPCLK3Freq
 .text.RCC_SetFlashLatencyFromMSIRange
                0x0800b87c      0x10c ./Drivers/STM32U5xx_HAL_Driver/Src/stm32u5xx_hal_rcc.o
 .text.HAL_RCCEx_PeriphCLKConfig
                0x0800b988      0xe70 ./Drivers/STM32U5xx_HAL_Driver/Src/stm32u5xx_hal_rcc_ex.o
                0x0800b988                HAL_RCCEx_PeriphCLKConfig
 .text.HAL_RCCEx_GetPLL1ClockFreq
                0x0800c7f8      0x2b4 ./Drivers/STM32U5xx_HAL_Driver/Src/stm32u5xx_hal_rcc_ex.o
                0x0800c7f8                HAL_RCCEx_GetPLL1ClockFreq
 .text.HAL_RCCEx_GetPLL2ClockFreq
                0x0800caac      0x2b4 ./Drivers/STM32U5xx_HAL_Driver/Src/stm32u5xx_hal_rcc_ex.o
                0x0800caac                HAL_RCCEx_GetPLL2ClockFreq
 .text.HAL_RCCEx_GetPLL3ClockFreq
                0x0800cd60      0x2b4 ./Drivers/STM32U5xx_HAL_Driver/Src/stm32u5xx_hal_rcc_ex.o
                0x0800cd60                HAL_RCCEx_GetPLL3ClockFreq
 .text.HAL_RCCEx_GetPeriphCLKFreq
                0x0800d014     0x170c ./Drivers/STM32U5xx_HAL_Driver/Src/stm32u5xx_hal_rcc_ex.o
                0x0800d014                HAL_RCCEx_GetPeriphCLKFreq
 .text.RCCEx_PLL2_Config
                0x0800e720      0x130 ./Drivers/STM32U5xx_HAL_Driver/Src/stm32u5xx_hal_rcc_ex.o
 .text.RCCEx_PLL3_Config
                0x0800e850      0x130 ./Drivers/STM32U5xx_HAL_Driver/Src/stm32u5xx_hal_rcc_ex.o
 .text.HAL_RTC_Init
                0x0800e980      0x104 ./Drivers/STM32U5xx_HAL_Driver/Src/stm32u5xx_hal_rtc.o
                0x0800e980                HAL_RTC_Init
 .text.HAL_RTC_WaitForSynchro
                0x0800ea84       0x64 ./Drivers/STM32U5xx_HAL_Driver/Src/stm32u5xx_hal_rtc.o
                0x0800ea84                HAL_RTC_WaitForSynchro
 .text.RTC_EnterInitMode
                0x0800eae8       0x78 ./Drivers/STM32U5xx_HAL_Driver/Src/stm32u5xx_hal_rtc.o
                0x0800eae8                RTC_EnterInitMode
 .text.RTC_ExitInitMode
                0x0800eb60       0x7c ./Drivers/STM32U5xx_HAL_Driver/Src/stm32u5xx_hal_rtc.o
                0x0800eb60                RTC_ExitInitMode
 .text.HAL_RTCEx_PrivilegeModeSet
                0x0800ebdc       0x5c ./Drivers/STM32U5xx_HAL_Driver/Src/stm32u5xx_hal_rtc_ex.o
                0x0800ebdc                HAL_RTCEx_PrivilegeModeSet
 .text.HAL_SAI_InitProtocol
                0x0800ec38       0x62 ./Drivers/STM32U5xx_HAL_Driver/Src/stm32u5xx_hal_sai.o
                0x0800ec38                HAL_SAI_InitProtocol
 *fill*         0x0800ec9a        0x2 
 .text.HAL_SAI_Init
                0x0800ec9c      0x3c8 ./Drivers/STM32U5xx_HAL_Driver/Src/stm32u5xx_hal_sai.o
                0x0800ec9c                HAL_SAI_Init
 .text.HAL_SAI_Transmit_DMA
                0x0800f064      0x204 ./Drivers/STM32U5xx_HAL_Driver/Src/stm32u5xx_hal_sai.o
                0x0800f064                HAL_SAI_Transmit_DMA
 .text.HAL_SAI_Receive_DMA
                0x0800f268      0x1c0 ./Drivers/STM32U5xx_HAL_Driver/Src/stm32u5xx_hal_sai.o
                0x0800f268                HAL_SAI_Receive_DMA
 .text.HAL_SAI_TxCpltCallback
                0x0800f428       0x14 ./Drivers/STM32U5xx_HAL_Driver/Src/stm32u5xx_hal_sai.o
                0x0800f428                HAL_SAI_TxCpltCallback
 .text.HAL_SAI_TxHalfCpltCallback
                0x0800f43c       0x14 ./Drivers/STM32U5xx_HAL_Driver/Src/stm32u5xx_hal_sai.o
                0x0800f43c                HAL_SAI_TxHalfCpltCallback
 .text.HAL_SAI_ErrorCallback
                0x0800f450       0x14 ./Drivers/STM32U5xx_HAL_Driver/Src/stm32u5xx_hal_sai.o
                0x0800f450                HAL_SAI_ErrorCallback
 .text.SAI_InitI2S
                0x0800f464      0x164 ./Drivers/STM32U5xx_HAL_Driver/Src/stm32u5xx_hal_sai.o
 .text.SAI_InitPCM
                0x0800f5c8      0x104 ./Drivers/STM32U5xx_HAL_Driver/Src/stm32u5xx_hal_sai.o
 .text.SAI_InterruptFlag
                0x0800f6cc       0x6e ./Drivers/STM32U5xx_HAL_Driver/Src/stm32u5xx_hal_sai.o
 *fill*         0x0800f73a        0x2 
 .text.SAI_Disable
                0x0800f73c       0x74 ./Drivers/STM32U5xx_HAL_Driver/Src/stm32u5xx_hal_sai.o
 .text.SAI_DMATxCplt
                0x0800f7b0       0x5e ./Drivers/STM32U5xx_HAL_Driver/Src/stm32u5xx_hal_sai.o
 .text.SAI_DMATxHalfCplt
                0x0800f80e       0x1c ./Drivers/STM32U5xx_HAL_Driver/Src/stm32u5xx_hal_sai.o
 .text.SAI_DMARxCplt
                0x0800f82a       0x5e ./Drivers/STM32U5xx_HAL_Driver/Src/stm32u5xx_hal_sai.o
 .text.SAI_DMARxHalfCplt
                0x0800f888       0x1c ./Drivers/STM32U5xx_HAL_Driver/Src/stm32u5xx_hal_sai.o
 .text.SAI_DMAError
                0x0800f8a4       0x52 ./Drivers/STM32U5xx_HAL_Driver/Src/stm32u5xx_hal_sai.o
 .text.HAL_TIM_Base_Init
                0x0800f8f6       0xae ./Drivers/STM32U5xx_HAL_Driver/Src/stm32u5xx_hal_tim.o
                0x0800f8f6                HAL_TIM_Base_Init
 .text.HAL_TIM_Base_Start
                0x0800f9a4      0x130 ./Drivers/STM32U5xx_HAL_Driver/Src/stm32u5xx_hal_tim.o
                0x0800f9a4                HAL_TIM_Base_Start
 .text.HAL_TIM_PWM_Init
                0x0800fad4       0xae ./Drivers/STM32U5xx_HAL_Driver/Src/stm32u5xx_hal_tim.o
                0x0800fad4                HAL_TIM_PWM_Init
 *fill*         0x0800fb82        0x2 
 .text.HAL_TIM_PWM_ConfigChannel
                0x0800fb84      0x228 ./Drivers/STM32U5xx_HAL_Driver/Src/stm32u5xx_hal_tim.o
                0x0800fb84                HAL_TIM_PWM_ConfigChannel
 .text.HAL_TIM_ConfigClockSource
                0x0800fdac      0x204 ./Drivers/STM32U5xx_HAL_Driver/Src/stm32u5xx_hal_tim.o
                0x0800fdac                HAL_TIM_ConfigClockSource
 .text.TIM_Base_SetConfig
                0x0800ffb0      0x20c ./Drivers/STM32U5xx_HAL_Driver/Src/stm32u5xx_hal_tim.o
                0x0800ffb0                TIM_Base_SetConfig
 .text.TIM_OC1_SetConfig
                0x080101bc      0x184 ./Drivers/STM32U5xx_HAL_Driver/Src/stm32u5xx_hal_tim.o
 .text.TIM_OC2_SetConfig
                0x08010340      0x160 ./Drivers/STM32U5xx_HAL_Driver/Src/stm32u5xx_hal_tim.o
                0x08010340                TIM_OC2_SetConfig
 .text.TIM_OC3_SetConfig
                0x080104a0      0x15c ./Drivers/STM32U5xx_HAL_Driver/Src/stm32u5xx_hal_tim.o
 .text.TIM_OC4_SetConfig
                0x080105fc      0x160 ./Drivers/STM32U5xx_HAL_Driver/Src/stm32u5xx_hal_tim.o
 .text.TIM_OC5_SetConfig
                0x0801075c      0x104 ./Drivers/STM32U5xx_HAL_Driver/Src/stm32u5xx_hal_tim.o
 .text.TIM_OC6_SetConfig
                0x08010860      0x108 ./Drivers/STM32U5xx_HAL_Driver/Src/stm32u5xx_hal_tim.o
 .text.TIM_TI1_ConfigInputStage
                0x08010968       0x5e ./Drivers/STM32U5xx_HAL_Driver/Src/stm32u5xx_hal_tim.o
 .text.TIM_TI2_ConfigInputStage
                0x080109c6       0x60 ./Drivers/STM32U5xx_HAL_Driver/Src/stm32u5xx_hal_tim.o
 .text.TIM_ITRx_SetConfig
                0x08010a26       0x3a ./Drivers/STM32U5xx_HAL_Driver/Src/stm32u5xx_hal_tim.o
 .text.TIM_ETR_SetConfig
                0x08010a60       0x40 ./Drivers/STM32U5xx_HAL_Driver/Src/stm32u5xx_hal_tim.o
                0x08010a60                TIM_ETR_SetConfig
 .text.HAL_TIMEx_MasterConfigSynchronization
                0x08010aa0      0x184 ./Drivers/STM32U5xx_HAL_Driver/Src/stm32u5xx_hal_tim_ex.o
                0x08010aa0                HAL_TIMEx_MasterConfigSynchronization
 .text.HAL_UART_Init
                0x08010c24       0xa0 ./Drivers/STM32U5xx_HAL_Driver/Src/stm32u5xx_hal_uart.o
                0x08010c24                HAL_UART_Init
 .text.HAL_UART_IRQHandler
                0x08010cc4      0x618 ./Drivers/STM32U5xx_HAL_Driver/Src/stm32u5xx_hal_uart.o
                0x08010cc4                HAL_UART_IRQHandler
 .text.HAL_UART_TxCpltCallback
                0x080112dc       0x14 ./Drivers/STM32U5xx_HAL_Driver/Src/stm32u5xx_hal_uart.o
                0x080112dc                HAL_UART_TxCpltCallback
 .text.HAL_UART_ErrorCallback
                0x080112f0       0x14 ./Drivers/STM32U5xx_HAL_Driver/Src/stm32u5xx_hal_uart.o
                0x080112f0                HAL_UART_ErrorCallback
 .text.HAL_UARTEx_RxEventCallback
                0x08011304       0x18 ./Drivers/STM32U5xx_HAL_Driver/Src/stm32u5xx_hal_uart.o
                0x08011304                HAL_UARTEx_RxEventCallback
 .text.UART_SetConfig
                0x0801131c      0x35c ./Drivers/STM32U5xx_HAL_Driver/Src/stm32u5xx_hal_uart.o
                0x0801131c                UART_SetConfig
 .text.UART_AdvFeatureConfig
                0x08011678      0x144 ./Drivers/STM32U5xx_HAL_Driver/Src/stm32u5xx_hal_uart.o
                0x08011678                UART_AdvFeatureConfig
 .text.UART_CheckIdleState
                0x080117bc      0x154 ./Drivers/STM32U5xx_HAL_Driver/Src/stm32u5xx_hal_uart.o
                0x080117bc                UART_CheckIdleState
 .text.UART_WaitOnFlagUntilTimeout
                0x08011910       0xda ./Drivers/STM32U5xx_HAL_Driver/Src/stm32u5xx_hal_uart.o
                0x08011910                UART_WaitOnFlagUntilTimeout
 .text.UART_EndRxTransfer
                0x080119ea       0xcc ./Drivers/STM32U5xx_HAL_Driver/Src/stm32u5xx_hal_uart.o
 .text.UART_DMAAbortOnError
                0x08011ab6       0x2c ./Drivers/STM32U5xx_HAL_Driver/Src/stm32u5xx_hal_uart.o
 .text.UART_EndTransmit_IT
                0x08011ae2       0x56 ./Drivers/STM32U5xx_HAL_Driver/Src/stm32u5xx_hal_uart.o
 .text.HAL_UARTEx_RxFifoFullCallback
                0x08011b38       0x14 ./Drivers/STM32U5xx_HAL_Driver/Src/stm32u5xx_hal_uart_ex.o
                0x08011b38                HAL_UARTEx_RxFifoFullCallback
 .text.HAL_UARTEx_TxFifoEmptyCallback
                0x08011b4c       0x14 ./Drivers/STM32U5xx_HAL_Driver/Src/stm32u5xx_hal_uart_ex.o
                0x08011b4c                HAL_UARTEx_TxFifoEmptyCallback
 .text.HAL_UARTEx_DisableFifoMode
                0x08011b60       0x72 ./Drivers/STM32U5xx_HAL_Driver/Src/stm32u5xx_hal_uart_ex.o
                0x08011b60                HAL_UARTEx_DisableFifoMode
 .text.HAL_UARTEx_SetTxFifoThreshold
                0x08011bd2       0x7c ./Drivers/STM32U5xx_HAL_Driver/Src/stm32u5xx_hal_uart_ex.o
                0x08011bd2                HAL_UARTEx_SetTxFifoThreshold
 .text.HAL_UARTEx_SetRxFifoThreshold
                0x08011c4e       0x7c ./Drivers/STM32U5xx_HAL_Driver/Src/stm32u5xx_hal_uart_ex.o
                0x08011c4e                HAL_UARTEx_SetRxFifoThreshold
 *fill*         0x08011cca        0x2 
 .text.UARTEx_SetNbDataToProcess
                0x08011ccc       0x9c ./Drivers/STM32U5xx_HAL_Driver/Src/stm32u5xx_hal_uart_ex.o
 .text.HAL_XSPI_Init
                0x08011d68      0x298 ./Drivers/STM32U5xx_HAL_Driver/Src/stm32u5xx_hal_xspi.o
                0x08011d68                HAL_XSPI_Init
 .text.HAL_XSPI_SetTimeout
                0x08012000       0x1e ./Drivers/STM32U5xx_HAL_Driver/Src/stm32u5xx_hal_xspi.o
                0x08012000                HAL_XSPI_SetTimeout
 .text.XSPI_WaitFlagStateUntilTimeout
                0x0801201e       0x6e ./Drivers/STM32U5xx_HAL_Driver/Src/stm32u5xx_hal_xspi.o
 .text.USB_CoreInit
                0x0801208c       0x5e ./Drivers/STM32U5xx_HAL_Driver/Src/stm32u5xx_ll_usb.o
                0x0801208c                USB_CoreInit
 .text.USB_DisableGlobalInt
                0x080120ea       0x22 ./Drivers/STM32U5xx_HAL_Driver/Src/stm32u5xx_ll_usb.o
                0x080120ea                USB_DisableGlobalInt
 .text.USB_SetCurrentMode
                0x0801210c       0x98 ./Drivers/STM32U5xx_HAL_Driver/Src/stm32u5xx_ll_usb.o
                0x0801210c                USB_SetCurrentMode
 .text.USB_DevInit
                0x080121a4      0x2e0 ./Drivers/STM32U5xx_HAL_Driver/Src/stm32u5xx_ll_usb.o
                0x080121a4                USB_DevInit
 .text.USB_FlushTxFifo
                0x08012484       0x64 ./Drivers/STM32U5xx_HAL_Driver/Src/stm32u5xx_ll_usb.o
                0x08012484                USB_FlushTxFifo
 .text.USB_FlushRxFifo
                0x080124e8       0x5c ./Drivers/STM32U5xx_HAL_Driver/Src/stm32u5xx_ll_usb.o
                0x080124e8                USB_FlushRxFifo
 .text.USB_SetDevSpeed
                0x08012544       0x32 ./Drivers/STM32U5xx_HAL_Driver/Src/stm32u5xx_ll_usb.o
                0x08012544                USB_SetDevSpeed
 .text.USB_DevDisconnect
                0x08012576       0x42 ./Drivers/STM32U5xx_HAL_Driver/Src/stm32u5xx_ll_usb.o
                0x08012576                USB_DevDisconnect
 .text.USB_GetMode
                0x080125b8       0x1c ./Drivers/STM32U5xx_HAL_Driver/Src/stm32u5xx_ll_usb.o
                0x080125b8                USB_GetMode
 .text.USB_CoreReset
                0x080125d4       0x62 ./Drivers/STM32U5xx_HAL_Driver/Src/stm32u5xx_ll_usb.o
 .text.memset   0x08012636       0x10 C:/ST/STM32CubeIDE_1.14.1/STM32CubeIDE/plugins/com.st.stm32cube.ide.mcu.externaltools.gnu-tools-for-stm32.12.3.rel1.win32_1.0.200.202406191623/tools/bin/../lib/gcc/arm-none-eabi/12.3.1/../../../../arm-none-eabi/lib/thumb/v8-m.main+fp/hard\libc_nano.a(libc_a-memset.o)
                0x08012636                memset
 *fill*         0x08012646        0x2 
 .text.__libc_init_array
                0x08012648       0x48 C:/ST/STM32CubeIDE_1.14.1/STM32CubeIDE/plugins/com.st.stm32cube.ide.mcu.externaltools.gnu-tools-for-stm32.12.3.rel1.win32_1.0.200.202406191623/tools/bin/../lib/gcc/arm-none-eabi/12.3.1/../../../../arm-none-eabi/lib/thumb/v8-m.main+fp/hard\libc_nano.a(libc_a-init.o)
                0x08012648                __libc_init_array
 .text.floor    0x08012690      0x100 C:/ST/STM32CubeIDE_1.14.1/STM32CubeIDE/plugins/com.st.stm32cube.ide.mcu.externaltools.gnu-tools-for-stm32.12.3.rel1.win32_1.0.200.202406191623/tools/bin/../lib/gcc/arm-none-eabi/12.3.1/../../../../arm-none-eabi/lib/thumb/v8-m.main+fp/hard\libm.a(libm_a-s_floor.o)
                0x08012690                floor
 *(.glue_7)
 .glue_7        0x08012790        0x0 linker stubs
 *(.glue_7t)
 .glue_7t       0x08012790        0x0 linker stubs
 *(.eh_frame)
 .eh_frame      0x08012790        0x0 C:/ST/STM32CubeIDE_1.14.1/STM32CubeIDE/plugins/com.st.stm32cube.ide.mcu.externaltools.gnu-tools-for-stm32.12.3.rel1.win32_1.0.200.202406191623/tools/bin/../lib/gcc/arm-none-eabi/12.3.1/thumb/v8-m.main+fp/hard/crtbegin.o
 *(.init)
 .init          0x08012790        0x4 C:/ST/STM32CubeIDE_1.14.1/STM32CubeIDE/plugins/com.st.stm32cube.ide.mcu.externaltools.gnu-tools-for-stm32.12.3.rel1.win32_1.0.200.202406191623/tools/bin/../lib/gcc/arm-none-eabi/12.3.1/thumb/v8-m.main+fp/hard/crti.o
                0x08012790                _init
 .init          0x08012794        0x8 C:/ST/STM32CubeIDE_1.14.1/STM32CubeIDE/plugins/com.st.stm32cube.ide.mcu.externaltools.gnu-tools-for-stm32.12.3.rel1.win32_1.0.200.202406191623/tools/bin/../lib/gcc/arm-none-eabi/12.3.1/thumb/v8-m.main+fp/hard/crtn.o
 *(.fini)
 .fini          0x0801279c        0x4 C:/ST/STM32CubeIDE_1.14.1/STM32CubeIDE/plugins/com.st.stm32cube.ide.mcu.externaltools.gnu-tools-for-stm32.12.3.rel1.win32_1.0.200.202406191623/tools/bin/../lib/gcc/arm-none-eabi/12.3.1/thumb/v8-m.main+fp/hard/crti.o
                0x0801279c                _fini
 .fini          0x080127a0        0x8 C:/ST/STM32CubeIDE_1.14.1/STM32CubeIDE/plugins/com.st.stm32cube.ide.mcu.externaltools.gnu-tools-for-stm32.12.3.rel1.win32_1.0.200.202406191623/tools/bin/../lib/gcc/arm-none-eabi/12.3.1/thumb/v8-m.main+fp/hard/crtn.o
                0x080127a8                        . = ALIGN (0x4)
                0x080127a8                        _etext = .

.vfp11_veneer   0x080127a8        0x0
 .vfp11_veneer  0x080127a8        0x0 linker stubs

.v4_bx          0x080127a8        0x0
 .v4_bx         0x080127a8        0x0 linker stubs

.iplt           0x080127a8        0x0
 .iplt          0x080127a8        0x0 C:/ST/STM32CubeIDE_1.14.1/STM32CubeIDE/plugins/com.st.stm32cube.ide.mcu.externaltools.gnu-tools-for-stm32.12.3.rel1.win32_1.0.200.202406191623/tools/bin/../lib/gcc/arm-none-eabi/12.3.1/thumb/v8-m.main+fp/hard/crtbegin.o

.rodata         0x080127a8      0x100
                0x080127a8                        . = ALIGN (0x4)
 *(.rodata)
 *(.rodata*)
 .rodata.AHBPrescTable
                0x080127a8       0x10 ./Core/Src/system_stm32u5xx.o
                0x080127a8                AHBPrescTable
 .rodata.APBPrescTable
                0x080127b8        0x8 ./Core/Src/system_stm32u5xx.o
                0x080127b8                APBPrescTable
 .rodata.MSIRangeTable
                0x080127c0       0x40 ./Core/Src/system_stm32u5xx.o
                0x080127c0                MSIRangeTable
 .rodata.LPGPIO_Map
                0x08012800       0x80 ./Drivers/STM32U5xx_HAL_Driver/Src/stm32u5xx_hal_gpio.o
 .rodata.UARTPrescTable
                0x08012880       0x18 ./Drivers/STM32U5xx_HAL_Driver/Src/stm32u5xx_hal_uart.o
                0x08012880                UARTPrescTable
 .rodata.numerator.1
                0x08012898        0x8 ./Drivers/STM32U5xx_HAL_Driver/Src/stm32u5xx_hal_uart_ex.o
 .rodata.denominator.0
                0x080128a0        0x8 ./Drivers/STM32U5xx_HAL_Driver/Src/stm32u5xx_hal_uart_ex.o
                0x080128a8                        . = ALIGN (0x4)

.ARM.extab      0x080128a8        0x0
                0x080128a8                        . = ALIGN (0x4)
 *(.ARM.extab* .gnu.linkonce.armextab.*)
                0x080128a8                        . = ALIGN (0x4)

.ARM            0x080128a8        0x8
                0x080128a8                        . = ALIGN (0x4)
                0x080128a8                        __exidx_start = .
 *(.ARM.exidx*)
 .ARM.exidx     0x080128a8        0x8 C:/ST/STM32CubeIDE_1.14.1/STM32CubeIDE/plugins/com.st.stm32cube.ide.mcu.externaltools.gnu-tools-for-stm32.12.3.rel1.win32_1.0.200.202406191623/tools/bin/../lib/gcc/arm-none-eabi/12.3.1/thumb/v8-m.main+fp/hard\libgcc.a(_udivmoddi4.o)
                0x080128b0                        __exidx_end = .
                0x080128b0                        . = ALIGN (0x4)

.preinit_array  0x080128b0        0x0
                0x080128b0                        . = ALIGN (0x4)
                0x080128b0                        PROVIDE (__preinit_array_start = .)
 *(.preinit_array*)
                0x080128b0                        PROVIDE (__preinit_array_end = .)
                0x080128b0                        . = ALIGN (0x4)

.init_array     0x080128b0        0x4
                0x080128b0                        . = ALIGN (0x4)
                0x080128b0                        PROVIDE (__init_array_start = .)
 *(SORT_BY_NAME(.init_array.*))
 *(.init_array*)
 .init_array    0x080128b0        0x4 C:/ST/STM32CubeIDE_1.14.1/STM32CubeIDE/plugins/com.st.stm32cube.ide.mcu.externaltools.gnu-tools-for-stm32.12.3.rel1.win32_1.0.200.202406191623/tools/bin/../lib/gcc/arm-none-eabi/12.3.1/thumb/v8-m.main+fp/hard/crtbegin.o
                0x080128b4                        PROVIDE (__init_array_end = .)
                0x080128b4                        . = ALIGN (0x4)

.fini_array     0x080128b4        0x4
                0x080128b4                        . = ALIGN (0x4)
                [!provide]                        PROVIDE (__fini_array_start = .)
 *(SORT_BY_NAME(.fini_array.*))
 *(.fini_array*)
 .fini_array    0x080128b4        0x4 C:/ST/STM32CubeIDE_1.14.1/STM32CubeIDE/plugins/com.st.stm32cube.ide.mcu.externaltools.gnu-tools-for-stm32.12.3.rel1.win32_1.0.200.202406191623/tools/bin/../lib/gcc/arm-none-eabi/12.3.1/thumb/v8-m.main+fp/hard/crtbegin.o
                [!provide]                        PROVIDE (__fini_array_end = .)
                0x080128b8                        . = ALIGN (0x4)
                0x080128b8                        _sidata = LOADADDR (.data)

.rel.dyn        0x080128b8        0x0
 .rel.iplt      0x080128b8        0x0 C:/ST/STM32CubeIDE_1.14.1/STM32CubeIDE/plugins/com.st.stm32cube.ide.mcu.externaltools.gnu-tools-for-stm32.12.3.rel1.win32_1.0.200.202406191623/tools/bin/../lib/gcc/arm-none-eabi/12.3.1/thumb/v8-m.main+fp/hard/crtbegin.o

.data           0x20000000       0x28 load address 0x080128b8
                0x20000000                        . = ALIGN (0x4)
                0x20000000                        _sdata = .
 *(.data)
 *(.data*)
 .data.pcm6260Config
                0x20000000       0x1a ./Core/Src/main.o
 *fill*         0x2000001a        0x2 
 .data.SystemCoreClock
                0x2000001c        0x4 ./Core/Src/system_stm32u5xx.o
                0x2000001c                SystemCoreClock
 .data.uwTickPrio
                0x20000020        0x4 ./Drivers/STM32U5xx_HAL_Driver/Src/stm32u5xx_hal.o
                0x20000020                uwTickPrio
 .data.uwTickFreq
                0x20000024        0x1 ./Drivers/STM32U5xx_HAL_Driver/Src/stm32u5xx_hal.o
                0x20000024                uwTickFreq
 *(.RamFunc)
 *(.RamFunc*)
                0x20000028                        . = ALIGN (0x4)
 *fill*         0x20000025        0x3 
                0x20000028                        _edata = .

.igot.plt       0x20000028        0x0 load address 0x080128e0
 .igot.plt      0x20000028        0x0 C:/ST/STM32CubeIDE_1.14.1/STM32CubeIDE/plugins/com.st.stm32cube.ide.mcu.externaltools.gnu-tools-for-stm32.12.3.rel1.win32_1.0.200.202406191623/tools/bin/../lib/gcc/arm-none-eabi/12.3.1/thumb/v8-m.main+fp/hard/crtbegin.o
                0x20000028                        . = ALIGN (0x4)

.bss            0x20000028     0x1684 load address 0x080128e0
                0x20000028                        _sbss = .
                0x20000028                        __bss_start__ = _sbss
 *(.bss)
 .bss           0x20000028       0x1c C:/ST/STM32CubeIDE_1.14.1/STM32CubeIDE/plugins/com.st.stm32cube.ide.mcu.externaltools.gnu-tools-for-stm32.12.3.rel1.win32_1.0.200.202406191623/tools/bin/../lib/gcc/arm-none-eabi/12.3.1/thumb/v8-m.main+fp/hard/crtbegin.o
 *(.bss*)
 .bss.hadc1     0x20000044       0x8c ./Core/Src/main.o
                0x20000044                hadc1
 .bss.hadc4     0x200000d0       0x8c ./Core/Src/main.o
                0x200000d0                hadc4
 .bss.Node_GPDMA1_Channel0
                0x2000015c       0x24 ./Core/Src/main.o
                0x2000015c                Node_GPDMA1_Channel0
 .bss.List_GPDMA1_Channel0
                0x20000180       0x18 ./Core/Src/main.o
                0x20000180                List_GPDMA1_Channel0
 .bss.handle_GPDMA1_Channel0
                0x20000198       0x78 ./Core/Src/main.o
                0x20000198                handle_GPDMA1_Channel0
 .bss.handle_GPDMA1_Channel2
                0x20000210       0x78 ./Core/Src/main.o
                0x20000210                handle_GPDMA1_Channel2
 .bss.hdma2d    0x20000288       0x68 ./Core/Src/main.o
                0x20000288                hdma2d
 .bss.hxspi1    0x200002f0       0x60 ./Core/Src/main.o
                0x200002f0                hxspi1
 .bss.hi2c1     0x20000350       0x54 ./Core/Src/main.o
                0x20000350                hi2c1
 .bss.hi2c2     0x200003a4       0x54 ./Core/Src/main.o
                0x200003a4                hi2c2
 .bss.hltdc     0x200003f8       0xa8 ./Core/Src/main.o
                0x200003f8                hltdc
 .bss.hrtc      0x200004a0       0x30 ./Core/Src/main.o
                0x200004a0                hrtc
 .bss.hsai_BlockA2
                0x200004d0       0x98 ./Core/Src/main.o
                0x200004d0                hsai_BlockA2
 .bss.hsai_BlockB2
                0x20000568       0x98 ./Core/Src/main.o
                0x20000568                hsai_BlockB2
 .bss.Node_GPDMA1_Channel3
                0x20000600       0x24 ./Core/Src/main.o
                0x20000600                Node_GPDMA1_Channel3
 .bss.List_GPDMA1_Channel3
                0x20000624       0x18 ./Core/Src/main.o
                0x20000624                List_GPDMA1_Channel3
 .bss.handle_GPDMA1_Channel3
                0x2000063c       0x78 ./Core/Src/main.o
                0x2000063c                handle_GPDMA1_Channel3
 .bss.Node_GPDMA1_Channel1
                0x200006b4       0x24 ./Core/Src/main.o
                0x200006b4                Node_GPDMA1_Channel1
 .bss.List_GPDMA1_Channel1
                0x200006d8       0x18 ./Core/Src/main.o
                0x200006d8                List_GPDMA1_Channel1
 .bss.handle_GPDMA1_Channel1
                0x200006f0       0x78 ./Core/Src/main.o
                0x200006f0                handle_GPDMA1_Channel1
 .bss.htim3     0x20000768       0x4c ./Core/Src/main.o
                0x20000768                htim3
 .bss.htim15    0x200007b4       0x4c ./Core/Src/main.o
                0x200007b4                htim15
 .bss.huart1    0x20000800       0x94 ./Core/Src/main.o
                0x20000800                huart1
 .bss.hpcd_USB_OTG_HS
                0x20000894      0x4e4 ./Core/Src/main.o
                0x20000894                hpcd_USB_OTG_HS
 .bss.adcGroup1
                0x20000d78       0x1a ./Core/Src/main.o
                0x20000d78                adcGroup1
 *fill*         0x20000d92        0x2 
 .bss.adcGroup4
                0x20000d94        0x4 ./Core/Src/main.o
                0x20000d94                adcGroup4
 .bss.pcmData   0x20000d98      0x400 ./Core/Src/main.o
                0x20000d98                pcmData
 .bss.dacData   0x20001198      0x100 ./Core/Src/main.o
                0x20001198                dacData
 .bss.ch1Vol    0x20001298        0x4 ./Core/Src/main.o
                0x20001298                ch1Vol
 .bss.channels  0x2000129c      0x408 ./Core/Src/main.o
                0x2000129c                channels
 .bss.SAI2_client
                0x200016a4        0x4 ./Core/Src/stm32u5xx_hal_msp.o
 .bss.uwTick    0x200016a8        0x4 ./Drivers/STM32U5xx_HAL_Driver/Src/stm32u5xx_hal.o
                0x200016a8                uwTick
 *(COMMON)
                0x200016ac                        . = ALIGN (0x4)
                0x200016ac                        _ebss = .
                0x200016ac                        __bss_end__ = _ebss

._user_heap_stack
                0x200016ac      0xc04 load address 0x080128e0
                0x200016b0                        . = ALIGN (0x8)
 *fill*         0x200016ac        0x4 
                [!provide]                        PROVIDE (end = .)
                0x200016b0                        PROVIDE (_end = .)
                0x20001ab0                        . = (. + _Min_Heap_Size)
 *fill*         0x200016b0      0x400 
                0x200022b0                        . = (. + _Min_Stack_Size)
 *fill*         0x20001ab0      0x800 
                0x200022b0                        . = ALIGN (0x8)

/DISCARD/
 libc.a(*)
 libm.a(*)
 libgcc.a(*)

.ARM.attributes
                0x00000000       0x36
 *(.ARM.attributes)
 .ARM.attributes
                0x00000000       0x26 C:/ST/STM32CubeIDE_1.14.1/STM32CubeIDE/plugins/com.st.stm32cube.ide.mcu.externaltools.gnu-tools-for-stm32.12.3.rel1.win32_1.0.200.202406191623/tools/bin/../lib/gcc/arm-none-eabi/12.3.1/thumb/v8-m.main+fp/hard/crti.o
 .ARM.attributes
                0x00000026       0x38 C:/ST/STM32CubeIDE_1.14.1/STM32CubeIDE/plugins/com.st.stm32cube.ide.mcu.externaltools.gnu-tools-for-stm32.12.3.rel1.win32_1.0.200.202406191623/tools/bin/../lib/gcc/arm-none-eabi/12.3.1/thumb/v8-m.main+fp/hard/crtbegin.o
 .ARM.attributes
                0x0000005e       0x3a ./Core/Src/main.o
 .ARM.attributes
                0x00000098       0x3a ./Core/Src/stm32u5xx_hal_msp.o
 .ARM.attributes
                0x000000d2       0x3a ./Core/Src/stm32u5xx_it.o
 .ARM.attributes
                0x0000010c       0x3a ./Core/Src/system_stm32u5xx.o
 .ARM.attributes
                0x00000146       0x24 ./Core/Startup/startup_stm32u5g9zjtxq.o
 .ARM.attributes
                0x0000016a       0x3a ./Drivers/STM32U5xx_HAL_Driver/Src/stm32u5xx_hal.o
 .ARM.attributes
                0x000001a4       0x3a ./Drivers/STM32U5xx_HAL_Driver/Src/stm32u5xx_hal_adc.o
 .ARM.attributes
                0x000001de       0x3a ./Drivers/STM32U5xx_HAL_Driver/Src/stm32u5xx_hal_adc_ex.o
 .ARM.attributes
                0x00000218       0x3a ./Drivers/STM32U5xx_HAL_Driver/Src/stm32u5xx_hal_cortex.o
 .ARM.attributes
                0x00000252       0x3a ./Drivers/STM32U5xx_HAL_Driver/Src/stm32u5xx_hal_dma.o
 .ARM.attributes
                0x0000028c       0x3a ./Drivers/STM32U5xx_HAL_Driver/Src/stm32u5xx_hal_dma2d.o
 .ARM.attributes
                0x000002c6       0x3a ./Drivers/STM32U5xx_HAL_Driver/Src/stm32u5xx_hal_dma_ex.o
 .ARM.attributes
                0x00000300       0x3a ./Drivers/STM32U5xx_HAL_Driver/Src/stm32u5xx_hal_gpio.o
 .ARM.attributes
                0x0000033a       0x3a ./Drivers/STM32U5xx_HAL_Driver/Src/stm32u5xx_hal_i2c.o
 .ARM.attributes
                0x00000374       0x3a ./Drivers/STM32U5xx_HAL_Driver/Src/stm32u5xx_hal_i2c_ex.o
 .ARM.attributes
                0x000003ae       0x3a ./Drivers/STM32U5xx_HAL_Driver/Src/stm32u5xx_hal_icache.o
 .ARM.attributes
                0x000003e8       0x3a ./Drivers/STM32U5xx_HAL_Driver/Src/stm32u5xx_hal_ltdc.o
 .ARM.attributes
                0x00000422       0x3a ./Drivers/STM32U5xx_HAL_Driver/Src/stm32u5xx_hal_pcd.o
 .ARM.attributes
                0x0000045c       0x3a ./Drivers/STM32U5xx_HAL_Driver/Src/stm32u5xx_hal_pcd_ex.o
 .ARM.attributes
                0x00000496       0x3a ./Drivers/STM32U5xx_HAL_Driver/Src/stm32u5xx_hal_pwr.o
 .ARM.attributes
                0x000004d0       0x3a ./Drivers/STM32U5xx_HAL_Driver/Src/stm32u5xx_hal_pwr_ex.o
 .ARM.attributes
                0x0000050a       0x3a ./Drivers/STM32U5xx_HAL_Driver/Src/stm32u5xx_hal_rcc.o
 .ARM.attributes
                0x00000544       0x3a ./Drivers/STM32U5xx_HAL_Driver/Src/stm32u5xx_hal_rcc_ex.o
 .ARM.attributes
                0x0000057e       0x3a ./Drivers/STM32U5xx_HAL_Driver/Src/stm32u5xx_hal_rtc.o
 .ARM.attributes
                0x000005b8       0x3a ./Drivers/STM32U5xx_HAL_Driver/Src/stm32u5xx_hal_rtc_ex.o
 .ARM.attributes
                0x000005f2       0x3a ./Drivers/STM32U5xx_HAL_Driver/Src/stm32u5xx_hal_sai.o
 .ARM.attributes
                0x0000062c       0x3a ./Drivers/STM32U5xx_HAL_Driver/Src/stm32u5xx_hal_tim.o
 .ARM.attributes
                0x00000666       0x3a ./Drivers/STM32U5xx_HAL_Driver/Src/stm32u5xx_hal_tim_ex.o
 .ARM.attributes
                0x000006a0       0x3a ./Drivers/STM32U5xx_HAL_Driver/Src/stm32u5xx_hal_uart.o
 .ARM.attributes
                0x000006da       0x3a ./Drivers/STM32U5xx_HAL_Driver/Src/stm32u5xx_hal_uart_ex.o
 .ARM.attributes
                0x00000714       0x3a ./Drivers/STM32U5xx_HAL_Driver/Src/stm32u5xx_hal_xspi.o
 .ARM.attributes
                0x0000074e       0x3a ./Drivers/STM32U5xx_HAL_Driver/Src/stm32u5xx_ll_usb.o
 .ARM.attributes
                0x00000788       0x38 C:/ST/STM32CubeIDE_1.14.1/STM32CubeIDE/plugins/com.st.stm32cube.ide.mcu.externaltools.gnu-tools-for-stm32.12.3.rel1.win32_1.0.200.202406191623/tools/bin/../lib/gcc/arm-none-eabi/12.3.1/../../../../arm-none-eabi/lib/thumb/v8-m.main+fp/hard\libc_nano.a(libc_a-memset.o)
 .ARM.attributes
                0x000007c0       0x38 C:/ST/STM32CubeIDE_1.14.1/STM32CubeIDE/plugins/com.st.stm32cube.ide.mcu.externaltools.gnu-tools-for-stm32.12.3.rel1.win32_1.0.200.202406191623/tools/bin/../lib/gcc/arm-none-eabi/12.3.1/../../../../arm-none-eabi/lib/thumb/v8-m.main+fp/hard\libc_nano.a(libc_a-init.o)
 .ARM.attributes
                0x000007f8       0x38 C:/ST/STM32CubeIDE_1.14.1/STM32CubeIDE/plugins/com.st.stm32cube.ide.mcu.externaltools.gnu-tools-for-stm32.12.3.rel1.win32_1.0.200.202406191623/tools/bin/../lib/gcc/arm-none-eabi/12.3.1/../../../../arm-none-eabi/lib/thumb/v8-m.main+fp/hard\libm.a(libm_a-s_floor.o)
 .ARM.attributes
                0x00000830       0x26 C:/ST/STM32CubeIDE_1.14.1/STM32CubeIDE/plugins/com.st.stm32cube.ide.mcu.externaltools.gnu-tools-for-stm32.12.3.rel1.win32_1.0.200.202406191623/tools/bin/../lib/gcc/arm-none-eabi/12.3.1/thumb/v8-m.main+fp/hard\libgcc.a(_arm_addsubdf3.o)
 .ARM.attributes
                0x00000856       0x26 C:/ST/STM32CubeIDE_1.14.1/STM32CubeIDE/plugins/com.st.stm32cube.ide.mcu.externaltools.gnu-tools-for-stm32.12.3.rel1.win32_1.0.200.202406191623/tools/bin/../lib/gcc/arm-none-eabi/12.3.1/thumb/v8-m.main+fp/hard\libgcc.a(_arm_muldivdf3.o)
 .ARM.attributes
                0x0000087c       0x26 C:/ST/STM32CubeIDE_1.14.1/STM32CubeIDE/plugins/com.st.stm32cube.ide.mcu.externaltools.gnu-tools-for-stm32.12.3.rel1.win32_1.0.200.202406191623/tools/bin/../lib/gcc/arm-none-eabi/12.3.1/thumb/v8-m.main+fp/hard\libgcc.a(_arm_cmpdf2.o)
 .ARM.attributes
                0x000008a2       0x26 C:/ST/STM32CubeIDE_1.14.1/STM32CubeIDE/plugins/com.st.stm32cube.ide.mcu.externaltools.gnu-tools-for-stm32.12.3.rel1.win32_1.0.200.202406191623/tools/bin/../lib/gcc/arm-none-eabi/12.3.1/thumb/v8-m.main+fp/hard\libgcc.a(_arm_truncdfsf2.o)
 .ARM.attributes
                0x000008c8       0x26 C:/ST/STM32CubeIDE_1.14.1/STM32CubeIDE/plugins/com.st.stm32cube.ide.mcu.externaltools.gnu-tools-for-stm32.12.3.rel1.win32_1.0.200.202406191623/tools/bin/../lib/gcc/arm-none-eabi/12.3.1/thumb/v8-m.main+fp/hard\libgcc.a(_aeabi_uldivmod.o)
 .ARM.attributes
                0x000008ee       0x38 C:/ST/STM32CubeIDE_1.14.1/STM32CubeIDE/plugins/com.st.stm32cube.ide.mcu.externaltools.gnu-tools-for-stm32.12.3.rel1.win32_1.0.200.202406191623/tools/bin/../lib/gcc/arm-none-eabi/12.3.1/thumb/v8-m.main+fp/hard\libgcc.a(_udivmoddi4.o)
 .ARM.attributes
                0x00000926       0x26 C:/ST/STM32CubeIDE_1.14.1/STM32CubeIDE/plugins/com.st.stm32cube.ide.mcu.externaltools.gnu-tools-for-stm32.12.3.rel1.win32_1.0.200.202406191623/tools/bin/../lib/gcc/arm-none-eabi/12.3.1/thumb/v8-m.main+fp/hard\libgcc.a(_dvmd_tls.o)
 .ARM.attributes
                0x0000094c       0x26 C:/ST/STM32CubeIDE_1.14.1/STM32CubeIDE/plugins/com.st.stm32cube.ide.mcu.externaltools.gnu-tools-for-stm32.12.3.rel1.win32_1.0.200.202406191623/tools/bin/../lib/gcc/arm-none-eabi/12.3.1/thumb/v8-m.main+fp/hard/crtn.o
OUTPUT(Prototype V2.elf elf32-littlearm)
LOAD linker stubs
LOAD C:/ST/STM32CubeIDE_1.14.1/STM32CubeIDE/plugins/com.st.stm32cube.ide.mcu.externaltools.gnu-tools-for-stm32.12.3.rel1.win32_1.0.200.202406191623/tools/bin/../lib/gcc/arm-none-eabi/12.3.1/../../../../arm-none-eabi/lib/thumb/v8-m.main+fp/hard\libc.a
LOAD C:/ST/STM32CubeIDE_1.14.1/STM32CubeIDE/plugins/com.st.stm32cube.ide.mcu.externaltools.gnu-tools-for-stm32.12.3.rel1.win32_1.0.200.202406191623/tools/bin/../lib/gcc/arm-none-eabi/12.3.1/../../../../arm-none-eabi/lib/thumb/v8-m.main+fp/hard\libm.a
LOAD C:/ST/STM32CubeIDE_1.14.1/STM32CubeIDE/plugins/com.st.stm32cube.ide.mcu.externaltools.gnu-tools-for-stm32.12.3.rel1.win32_1.0.200.202406191623/tools/bin/../lib/gcc/arm-none-eabi/12.3.1/thumb/v8-m.main+fp/hard\libgcc.a

.debug_info     0x00000000    0x31be7
 .debug_info    0x00000000     0x485a ./Core/Src/main.o
 .debug_info    0x0000485a     0x42e1 ./Core/Src/stm32u5xx_hal_msp.o
 .debug_info    0x00008b3b     0x16a0 ./Core/Src/stm32u5xx_it.o
 .debug_info    0x0000a1db      0x929 ./Core/Src/system_stm32u5xx.o
 .debug_info    0x0000ab04       0x30 ./Core/Startup/startup_stm32u5g9zjtxq.o
 .debug_info    0x0000ab34     0x1468 ./Drivers/STM32U5xx_HAL_Driver/Src/stm32u5xx_hal.o
 .debug_info    0x0000bf9c     0x2706 ./Drivers/STM32U5xx_HAL_Driver/Src/stm32u5xx_hal_adc.o
 .debug_info    0x0000e6a2     0x2347 ./Drivers/STM32U5xx_HAL_Driver/Src/stm32u5xx_hal_adc_ex.o
 .debug_info    0x000109e9     0x16b2 ./Drivers/STM32U5xx_HAL_Driver/Src/stm32u5xx_hal_cortex.o
 .debug_info    0x0001209b      0xadc ./Drivers/STM32U5xx_HAL_Driver/Src/stm32u5xx_hal_dma.o
 .debug_info    0x00012b77     0x105f ./Drivers/STM32U5xx_HAL_Driver/Src/stm32u5xx_hal_dma2d.o
 .debug_info    0x00013bd6     0x1902 ./Drivers/STM32U5xx_HAL_Driver/Src/stm32u5xx_hal_dma_ex.o
 .debug_info    0x000154d8      0x859 ./Drivers/STM32U5xx_HAL_Driver/Src/stm32u5xx_hal_gpio.o
 .debug_info    0x00015d31     0x231f ./Drivers/STM32U5xx_HAL_Driver/Src/stm32u5xx_hal_i2c.o
 .debug_info    0x00018050      0x9ff ./Drivers/STM32U5xx_HAL_Driver/Src/stm32u5xx_hal_i2c_ex.o
 .debug_info    0x00018a4f      0x4d6 ./Drivers/STM32U5xx_HAL_Driver/Src/stm32u5xx_hal_icache.o
 .debug_info    0x00018f25     0x1047 ./Drivers/STM32U5xx_HAL_Driver/Src/stm32u5xx_hal_ltdc.o
 .debug_info    0x00019f6c     0x153b ./Drivers/STM32U5xx_HAL_Driver/Src/stm32u5xx_hal_pcd.o
 .debug_info    0x0001b4a7      0x8bd ./Drivers/STM32U5xx_HAL_Driver/Src/stm32u5xx_hal_pcd_ex.o
 .debug_info    0x0001bd64      0xab4 ./Drivers/STM32U5xx_HAL_Driver/Src/stm32u5xx_hal_pwr.o
 .debug_info    0x0001c818      0xf1a ./Drivers/STM32U5xx_HAL_Driver/Src/stm32u5xx_hal_pwr_ex.o
 .debug_info    0x0001d732     0x12bc ./Drivers/STM32U5xx_HAL_Driver/Src/stm32u5xx_hal_rcc.o
 .debug_info    0x0001e9ee     0x1639 ./Drivers/STM32U5xx_HAL_Driver/Src/stm32u5xx_hal_rcc_ex.o
 .debug_info    0x00020027      0xe18 ./Drivers/STM32U5xx_HAL_Driver/Src/stm32u5xx_hal_rtc.o
 .debug_info    0x00020e3f     0x1a91 ./Drivers/STM32U5xx_HAL_Driver/Src/stm32u5xx_hal_rtc_ex.o
 .debug_info    0x000228d0     0x1508 ./Drivers/STM32U5xx_HAL_Driver/Src/stm32u5xx_hal_sai.o
 .debug_info    0x00023dd8     0x2e54 ./Drivers/STM32U5xx_HAL_Driver/Src/stm32u5xx_hal_tim.o
 .debug_info    0x00026c2c     0x1efe ./Drivers/STM32U5xx_HAL_Driver/Src/stm32u5xx_hal_tim_ex.o
 .debug_info    0x00028b2a     0x456e ./Drivers/STM32U5xx_HAL_Driver/Src/stm32u5xx_hal_uart.o
 .debug_info    0x0002d098     0x11f0 ./Drivers/STM32U5xx_HAL_Driver/Src/stm32u5xx_hal_uart_ex.o
 .debug_info    0x0002e288     0x1ebd ./Drivers/STM32U5xx_HAL_Driver/Src/stm32u5xx_hal_xspi.o
 .debug_info    0x00030145     0x1aa2 ./Drivers/STM32U5xx_HAL_Driver/Src/stm32u5xx_ll_usb.o

.debug_abbrev   0x00000000     0x4ceb
 .debug_abbrev  0x00000000      0x36a ./Core/Src/main.o
 .debug_abbrev  0x0000036a      0x31b ./Core/Src/stm32u5xx_hal_msp.o
 .debug_abbrev  0x00000685      0x1bb ./Core/Src/stm32u5xx_it.o
 .debug_abbrev  0x00000840      0x129 ./Core/Src/system_stm32u5xx.o
 .debug_abbrev  0x00000969       0x24 ./Core/Startup/startup_stm32u5g9zjtxq.o
 .debug_abbrev  0x0000098d      0x2b9 ./Drivers/STM32U5xx_HAL_Driver/Src/stm32u5xx_hal.o
 .debug_abbrev  0x00000c46      0x2cc ./Drivers/STM32U5xx_HAL_Driver/Src/stm32u5xx_hal_adc.o
 .debug_abbrev  0x00000f12      0x30c ./Drivers/STM32U5xx_HAL_Driver/Src/stm32u5xx_hal_adc_ex.o
 .debug_abbrev  0x0000121e      0x311 ./Drivers/STM32U5xx_HAL_Driver/Src/stm32u5xx_hal_cortex.o
 .debug_abbrev  0x0000152f      0x1ff ./Drivers/STM32U5xx_HAL_Driver/Src/stm32u5xx_hal_dma.o
 .debug_abbrev  0x0000172e      0x228 ./Drivers/STM32U5xx_HAL_Driver/Src/stm32u5xx_hal_dma2d.o
 .debug_abbrev  0x00001956      0x21d ./Drivers/STM32U5xx_HAL_Driver/Src/stm32u5xx_hal_dma_ex.o
 .debug_abbrev  0x00001b73      0x25a ./Drivers/STM32U5xx_HAL_Driver/Src/stm32u5xx_hal_gpio.o
 .debug_abbrev  0x00001dcd      0x271 ./Drivers/STM32U5xx_HAL_Driver/Src/stm32u5xx_hal_i2c.o
 .debug_abbrev  0x0000203e      0x1c0 ./Drivers/STM32U5xx_HAL_Driver/Src/stm32u5xx_hal_i2c_ex.o
 .debug_abbrev  0x000021fe      0x228 ./Drivers/STM32U5xx_HAL_Driver/Src/stm32u5xx_hal_icache.o
 .debug_abbrev  0x00002426      0x23a ./Drivers/STM32U5xx_HAL_Driver/Src/stm32u5xx_hal_ltdc.o
 .debug_abbrev  0x00002660      0x2bc ./Drivers/STM32U5xx_HAL_Driver/Src/stm32u5xx_hal_pcd.o
 .debug_abbrev  0x0000291c      0x25a ./Drivers/STM32U5xx_HAL_Driver/Src/stm32u5xx_hal_pcd_ex.o
 .debug_abbrev  0x00002b76      0x235 ./Drivers/STM32U5xx_HAL_Driver/Src/stm32u5xx_hal_pwr.o
 .debug_abbrev  0x00002dab      0x243 ./Drivers/STM32U5xx_HAL_Driver/Src/stm32u5xx_hal_pwr_ex.o
 .debug_abbrev  0x00002fee      0x2cb ./Drivers/STM32U5xx_HAL_Driver/Src/stm32u5xx_hal_rcc.o
 .debug_abbrev  0x000032b9      0x23d ./Drivers/STM32U5xx_HAL_Driver/Src/stm32u5xx_hal_rcc_ex.o
 .debug_abbrev  0x000034f6      0x206 ./Drivers/STM32U5xx_HAL_Driver/Src/stm32u5xx_hal_rtc.o
 .debug_abbrev  0x000036fc      0x253 ./Drivers/STM32U5xx_HAL_Driver/Src/stm32u5xx_hal_rtc_ex.o
 .debug_abbrev  0x0000394f      0x28d ./Drivers/STM32U5xx_HAL_Driver/Src/stm32u5xx_hal_sai.o
 .debug_abbrev  0x00003bdc      0x2bd ./Drivers/STM32U5xx_HAL_Driver/Src/stm32u5xx_hal_tim.o
 .debug_abbrev  0x00003e99      0x2c7 ./Drivers/STM32U5xx_HAL_Driver/Src/stm32u5xx_hal_tim_ex.o
 .debug_abbrev  0x00004160      0x305 ./Drivers/STM32U5xx_HAL_Driver/Src/stm32u5xx_hal_uart.o
 .debug_abbrev  0x00004465      0x2d4 ./Drivers/STM32U5xx_HAL_Driver/Src/stm32u5xx_hal_uart_ex.o
 .debug_abbrev  0x00004739      0x302 ./Drivers/STM32U5xx_HAL_Driver/Src/stm32u5xx_hal_xspi.o
 .debug_abbrev  0x00004a3b      0x2b0 ./Drivers/STM32U5xx_HAL_Driver/Src/stm32u5xx_ll_usb.o

.debug_aranges  0x00000000     0x2a98
 .debug_aranges
                0x00000000       0xd0 ./Core/Src/main.o
 .debug_aranges
                0x000000d0       0xd8 ./Core/Src/stm32u5xx_hal_msp.o
 .debug_aranges
                0x000001a8       0xc0 ./Core/Src/stm32u5xx_it.o
 .debug_aranges
                0x00000268       0x28 ./Core/Src/system_stm32u5xx.o
 .debug_aranges
                0x00000290       0x28 ./Core/Startup/startup_stm32u5g9zjtxq.o
 .debug_aranges
                0x000002b8      0x198 ./Drivers/STM32U5xx_HAL_Driver/Src/stm32u5xx_hal.o
 .debug_aranges
                0x00000450      0x280 ./Drivers/STM32U5xx_HAL_Driver/Src/stm32u5xx_hal_adc.o
 .debug_aranges
                0x000006d0      0x1c0 ./Drivers/STM32U5xx_HAL_Driver/Src/stm32u5xx_hal_adc_ex.o
 .debug_aranges
                0x00000890      0x140 ./Drivers/STM32U5xx_HAL_Driver/Src/stm32u5xx_hal_cortex.o
 .debug_aranges
                0x000009d0       0xa0 ./Drivers/STM32U5xx_HAL_Driver/Src/stm32u5xx_hal_dma.o
 .debug_aranges
                0x00000a70      0x118 ./Drivers/STM32U5xx_HAL_Driver/Src/stm32u5xx_hal_dma2d.o
 .debug_aranges
                0x00000b88      0x1a0 ./Drivers/STM32U5xx_HAL_Driver/Src/stm32u5xx_hal_dma_ex.o
 .debug_aranges
                0x00000d28       0x78 ./Drivers/STM32U5xx_HAL_Driver/Src/stm32u5xx_hal_gpio.o
 .debug_aranges
                0x00000da0      0x2a0 ./Drivers/STM32U5xx_HAL_Driver/Src/stm32u5xx_hal_i2c.o
 .debug_aranges
                0x00001040       0x58 ./Drivers/STM32U5xx_HAL_Driver/Src/stm32u5xx_hal_i2c_ex.o
 .debug_aranges
                0x00001098       0xa8 ./Drivers/STM32U5xx_HAL_Driver/Src/stm32u5xx_hal_icache.o
 .debug_aranges
                0x00001140      0x158 ./Drivers/STM32U5xx_HAL_Driver/Src/stm32u5xx_hal_ltdc.o
 .debug_aranges
                0x00001298      0x140 ./Drivers/STM32U5xx_HAL_Driver/Src/stm32u5xx_hal_pcd.o
 .debug_aranges
                0x000013d8       0x60 ./Drivers/STM32U5xx_HAL_Driver/Src/stm32u5xx_hal_pcd_ex.o
 .debug_aranges
                0x00001438       0xb0 ./Drivers/STM32U5xx_HAL_Driver/Src/stm32u5xx_hal_pwr.o
 .debug_aranges