ModelListener.hpp:18:18:virtual void ModelListener::newButtonValue(bool)	0	static
ModelListener.hpp:20:18:virtual void ModelListener::toggleLed(char)	0	static
ReverbPresenter.hpp:28:13:ReverbPresenter::~ReverbPresenter()	0	static
ReverbPresenter.cpp:10:6:virtual void ReverbPresenter::activate()	0	static
ReverbPresenter.hpp:28:13:virtual ReverbPresenter::~ReverbPresenter()	8	static
ReverbPresenter.hpp:28:13:virtual void* ReverbPresenter::_ZThn4_N15ReverbPresenterD1Ev()	0	static
ReverbPresenter.cpp:4:1:ReverbPresenter::ReverbPresenter(ReverbView&)	8	static
