Screen.hpp:104:18:virtual void touchgfx::Screen::afterTransition()	0	static
Screen.hpp:144:18:virtual void touchgfx::Screen::handleTickEvent()	0	static
Screen.hpp:154:18:virtual void touchgfx::Screen::handleKeyEvent(uint8_t)	0	static
ReverbView.cpp:13:6:virtual void ReverbView::tearDownScreen()	0	static
ReverbView.hpp:11:13:ReverbView::~ReverbView()	8	static
ReverbView.hpp:11:13:virtual ReverbView::~ReverbView()	8	static
ReverbView.cpp:3:1:ReverbView::ReverbView()	8	static
ReverbView.cpp:8:6:virtual void ReverbView::setupScreen()	0	static
