../Core/Src/main.c:216:5:main	24	static
../Core/Src/main.c:306:6:SystemClock_Config	88	static
../Core/Src/main.c:354:13:MX_ADC1_Init	24	static
../Core/Src/main.c:406:13:MX_DAC_Init	16	static
../Core/Src/main.c:446:13:MX_TIM8_Init	32	static
../Core/Src/main.c:492:13:MX_USART2_UART_Init	8	static
../Core/Src/main.c:523:13:MX_DMA_Init	16	static
../Core/Src/main.c:545:13:MX_GPIO_Init	48	static
../Core/Src/main.c:578:6:HAL_ADC_ConvHalfCpltCallback	32	static
../Core/Src/main.c:717:6:Error_Handler	4	static,ignoring_inline_asm
