../Core/Src/main.c:213:5:main	24	static
../Core/Src/main.c:303:6:SystemClock_Config	88	static
../Core/Src/main.c:351:13:MX_ADC1_Init	24	static
../Core/Src/main.c:403:13:MX_DAC_Init	16	static
../Core/Src/main.c:443:13:MX_TIM8_Init	32	static
../Core/Src/main.c:489:13:MX_USART2_UART_Init	8	static
../Core/Src/main.c:520:13:MX_DMA_Init	16	static
../Core/Src/main.c:542:13:MX_GPIO_Init	48	static
../Core/Src/main.c:575:6:HAL_ADC_ConvHalfCpltCallback	32	static
../Core/Src/main.c:634:6:HAL_ADC_ConvCpltCallback	32	static
../Core/Src/main.c:699:6:Error_Handler	4	static,ignoring_inline_asm
