Archive member included to satisfy reference by file (symbol)

C:/ST/STM32CubeIDE_1.13.1/STM32CubeIDE/plugins/com.st.stm32cube.ide.mcu.externaltools.gnu-tools-for-stm32.12.3.rel1.win32_1.0.200.202406191623/tools/bin/../lib/gcc/arm-none-eabi/12.3.1/../../../../arm-none-eabi/lib/thumb/v8-m.main+fp/hard\libc_nano.a(libc_a-exit.o)
                              C:/ST/STM32CubeIDE_1.13.1/STM32CubeIDE/plugins/com.st.stm32cube.ide.mcu.externaltools.gnu-tools-for-stm32.12.3.rel1.win32_1.0.200.202406191623/tools/bin/../lib/gcc/arm-none-eabi/12.3.1/../../../../arm-none-eabi/lib/thumb/v8-m.main+fp/hard/crt0.o (exit)
C:/ST/STM32CubeIDE_1.13.1/STM32CubeIDE/plugins/com.st.stm32cube.ide.mcu.externaltools.gnu-tools-for-stm32.12.3.rel1.win32_1.0.200.202406191623/tools/bin/../lib/gcc/arm-none-eabi/12.3.1/../../../../arm-none-eabi/lib/thumb/v8-m.main+fp/hard\libc_nano.a(libc_a-findfp.o)
                              C:/ST/STM32CubeIDE_1.13.1/STM32CubeIDE/plugins/com.st.stm32cube.ide.mcu.externaltools.gnu-tools-for-stm32.12.3.rel1.win32_1.0.200.202406191623/tools/bin/../lib/gcc/arm-none-eabi/12.3.1/../../../../arm-none-eabi/lib/thumb/v8-m.main+fp/hard\libc_nano.a(libc_a-exit.o) (__stdio_exit_handler)
C:/ST/STM32CubeIDE_1.13.1/STM32CubeIDE/plugins/com.st.stm32cube.ide.mcu.externaltools.gnu-tools-for-stm32.12.3.rel1.win32_1.0.200.202406191623/tools/bin/../lib/gcc/arm-none-eabi/12.3.1/../../../../arm-none-eabi/lib/thumb/v8-m.main+fp/hard\libc_nano.a(libc_a-fwalk.o)
                              C:/ST/STM32CubeIDE_1.13.1/STM32CubeIDE/plugins/com.st.stm32cube.ide.mcu.externaltools.gnu-tools-for-stm32.12.3.rel1.win32_1.0.200.202406191623/tools/bin/../lib/gcc/arm-none-eabi/12.3.1/../../../../arm-none-eabi/lib/thumb/v8-m.main+fp/hard\libc_nano.a(libc_a-findfp.o) (_fwalk_sglue)
C:/ST/STM32CubeIDE_1.13.1/STM32CubeIDE/plugins/com.st.stm32cube.ide.mcu.externaltools.gnu-tools-for-stm32.12.3.rel1.win32_1.0.200.202406191623/tools/bin/../lib/gcc/arm-none-eabi/12.3.1/../../../../arm-none-eabi/lib/thumb/v8-m.main+fp/hard\libc_nano.a(libc_a-stdio.o)
                              C:/ST/STM32CubeIDE_1.13.1/STM32CubeIDE/plugins/com.st.stm32cube.ide.mcu.externaltools.gnu-tools-for-stm32.12.3.rel1.win32_1.0.200.202406191623/tools/bin/../lib/gcc/arm-none-eabi/12.3.1/../../../../arm-none-eabi/lib/thumb/v8-m.main+fp/hard\libc_nano.a(libc_a-findfp.o) (__sread)
C:/ST/STM32CubeIDE_1.13.1/STM32CubeIDE/plugins/com.st.stm32cube.ide.mcu.externaltools.gnu-tools-for-stm32.12.3.rel1.win32_1.0.200.202406191623/tools/bin/../lib/gcc/arm-none-eabi/12.3.1/../../../../arm-none-eabi/lib/thumb/v8-m.main+fp/hard\libc_nano.a(libc_a-memset.o)
                              C:/ST/STM32CubeIDE_1.13.1/STM32CubeIDE/plugins/com.st.stm32cube.ide.mcu.externaltools.gnu-tools-for-stm32.12.3.rel1.win32_1.0.200.202406191623/tools/bin/../lib/gcc/arm-none-eabi/12.3.1/../../../../arm-none-eabi/lib/thumb/v8-m.main+fp/hard/crt0.o (memset)
C:/ST/STM32CubeIDE_1.13.1/STM32CubeIDE/plugins/com.st.stm32cube.ide.mcu.externaltools.gnu-tools-for-stm32.12.3.rel1.win32_1.0.200.202406191623/tools/bin/../lib/gcc/arm-none-eabi/12.3.1/../../../../arm-none-eabi/lib/thumb/v8-m.main+fp/hard\libc_nano.a(libc_a-closer.o)
                              C:/ST/STM32CubeIDE_1.13.1/STM32CubeIDE/plugins/com.st.stm32cube.ide.mcu.externaltools.gnu-tools-for-stm32.12.3.rel1.win32_1.0.200.202406191623/tools/bin/../lib/gcc/arm-none-eabi/12.3.1/../../../../arm-none-eabi/lib/thumb/v8-m.main+fp/hard\libc_nano.a(libc_a-stdio.o) (_close_r)
C:/ST/STM32CubeIDE_1.13.1/STM32CubeIDE/plugins/com.st.stm32cube.ide.mcu.externaltools.gnu-tools-for-stm32.12.3.rel1.win32_1.0.200.202406191623/tools/bin/../lib/gcc/arm-none-eabi/12.3.1/../../../../arm-none-eabi/lib/thumb/v8-m.main+fp/hard\libc_nano.a(libc_a-reent.o)
                              C:/ST/STM32CubeIDE_1.13.1/STM32CubeIDE/plugins/com.st.stm32cube.ide.mcu.externaltools.gnu-tools-for-stm32.12.3.rel1.win32_1.0.200.202406191623/tools/bin/../lib/gcc/arm-none-eabi/12.3.1/../../../../arm-none-eabi/lib/thumb/v8-m.main+fp/hard\libc_nano.a(libc_a-closer.o) (errno)
C:/ST/STM32CubeIDE_1.13.1/STM32CubeIDE/plugins/com.st.stm32cube.ide.mcu.externaltools.gnu-tools-for-stm32.12.3.rel1.win32_1.0.200.202406191623/tools/bin/../lib/gcc/arm-none-eabi/12.3.1/../../../../arm-none-eabi/lib/thumb/v8-m.main+fp/hard\libc_nano.a(libc_a-impure.o)
                              C:/ST/STM32CubeIDE_1.13.1/STM32CubeIDE/plugins/com.st.stm32cube.ide.mcu.externaltools.gnu-tools-for-stm32.12.3.rel1.win32_1.0.200.202406191623/tools/bin/../lib/gcc/arm-none-eabi/12.3.1/../../../../arm-none-eabi/lib/thumb/v8-m.main+fp/hard\libc_nano.a(libc_a-reent.o) (_impure_ptr)
C:/ST/STM32CubeIDE_1.13.1/STM32CubeIDE/plugins/com.st.stm32cube.ide.mcu.externaltools.gnu-tools-for-stm32.12.3.rel1.win32_1.0.200.202406191623/tools/bin/../lib/gcc/arm-none-eabi/12.3.1/../../../../arm-none-eabi/lib/thumb/v8-m.main+fp/hard\libc_nano.a(libc_a-lseekr.o)
[...]
Memory Configuration

Name             Origin             Length             Attributes
RAM              0x20000000         0x002f0000         xrw
FLASH            0x08000000         0x00400000         xr
*default*        0x00000000         0xffffffff

Linker script and memory map

LOAD C:/ST/STM32CubeIDE_1.13.1/STM32CubeIDE/plugins/com.st.stm32cube.ide.mcu.externaltools.gnu-tools-for-stm32.12.3.rel1.win32_1.0.200.202406191623/tools/bin/../lib/gcc/arm-none-eabi/12.3.1/thumb/v8-m.main+fp/hard/crti.o
LOAD C:/ST/STM32CubeIDE_1.13.1/STM32CubeIDE/plugins/com.st.stm32cube.ide.mcu.externaltools.gnu-tools-for-stm32.12.3.rel1.win32_1.0.200.202406191623/tools/bin/../lib/gcc/arm-none-eabi/12.3.1/thumb/v8-m.main+fp/hard/crtbegin.o
LOAD C:/ST/STM32CubeIDE_1.13.1/STM32CubeIDE/plugins/com.st.stm32cube.ide.mcu.externaltools.gnu-tools-for-stm32.12.3.rel1.win32_1.0.200.202406191623/tools/bin/../lib/gcc/arm-none-eabi/12.3.1/../../../../arm-none-eabi/lib/thumb/v8-m.main+fp/hard/crt0.o
LOAD ./Core/Src/main.o
LOAD ./Core/Src/stm32u5xx_hal_msp.o
LOAD ./Core/Src/stm32u5xx_it.o
LOAD ./Core/Src/syscalls.o
LOAD ./Core/Src/sysmem.o
LOAD ./Core/Src/system_stm32u5xx.o
LOAD ./Core/Startup/startup_stm32u5g9zjtxq.o
LOAD ./Drivers/STM32U5xx_HAL_Driver/Src/stm32u5xx_hal.o
LOAD ./Drivers/STM32U5xx_HAL_Driver/Src/stm32u5xx_hal_adc.o
LOAD ./Drivers/STM32U5xx_HAL_Driver/Src/stm32u5xx_hal_adc_ex.o
LOAD ./Drivers/STM32U5xx_HAL_Driver/Src/stm32u5xx_hal_cortex.o
LOAD ./Drivers/STM32U5xx_HAL_Driver/Src/stm32u5xx_hal_dma.o
LOAD ./Drivers/STM32U5xx_HAL_Driver/Src/stm32u5xx_hal_dma2d.o
LOAD ./Drivers/STM32U5xx_HAL_Driver/Src/stm32u5xx_hal_dma_ex.o
LOAD ./Drivers/STM32U5xx_HAL_Driver/Src/stm32u5xx_hal_dsi.o
LOAD ./Drivers/STM32U5xx_HAL_Driver/Src/stm32u5xx_hal_exti.o
LOAD ./Drivers/STM32U5xx_HAL_Driver/Src/stm32u5xx_hal_flash.o
LOAD ./Drivers/STM32U5xx_HAL_Driver/Src/stm32u5xx_hal_flash_ex.o
LOAD ./Drivers/STM32U5xx_HAL_Driver/Src/stm32u5xx_hal_gpio.o
LOAD ./Drivers/STM32U5xx_HAL_Driver/Src/stm32u5xx_hal_gtzc.o
LOAD ./Drivers/STM32U5xx_HAL_Driver/Src/stm32u5xx_hal_i2c.o
LOAD ./Drivers/STM32U5xx_HAL_Driver/Src/stm32u5xx_hal_i2c_ex.o
LOAD ./Drivers/STM32U5xx_HAL_Driver/Src/stm32u5xx_hal_icache.o
LOAD ./Drivers/STM32U5xx_HAL_Driver/Src/stm32u5xx_hal_ltdc.o
LOAD ./Drivers/STM32U5xx_HAL_Driver/Src/stm32u5xx_hal_ltdc_ex.o
LOAD ./Drivers/STM32U5xx_HAL_Driver/Src/stm32u5xx_hal_pcd.o
LOAD ./Drivers/STM32U5xx_HAL_Driver/Src/stm32u5xx_hal_pcd_ex.o
LOAD ./Drivers/STM32U5xx_HAL_Driver/Src/stm32u5xx_hal_pwr.o
LOAD ./Drivers/STM32U5xx_HAL_Driver/Src/stm32u5xx_hal_pwr_ex.o
LOAD ./Drivers/STM32U5xx_HAL_Driver/Src/stm32u5xx_hal_rcc.o
LOAD ./Drivers/STM32U5xx_HAL_Driver/Src/stm32u5xx_hal_rcc_ex.o
LOAD ./Drivers/STM32U5xx_HAL_Driver/Src/stm32u5xx_hal_rtc.o
LOAD ./Drivers/STM32U5xx_HAL_Driver/Src/stm32u5xx_hal_rtc_ex.o
LOAD ./Drivers/STM32U5xx_HAL_Driver/Src/stm32u5xx_hal_sai.o
LOAD ./Drivers/STM32U5xx_HAL_Driver/Src/stm32u5xx_hal_sai_ex.o
LOAD ./Drivers/STM32U5xx_HAL_Driver/Src/stm32u5xx_hal_tim.o
LOAD ./Drivers/STM32U5xx_HAL_Driver/Src/stm32u5xx_hal_tim_ex.o
LOAD ./Drivers/STM32U5xx_HAL_Driver/Src/stm32u5xx_hal_uart.o
LOAD ./Drivers/STM32U5xx_HAL_Driver/Src/stm32u5xx_hal_uart_ex.o
LOAD ./Drivers/STM32U5xx_HAL_Driver/Src/stm32u5xx_hal_xspi.o
LOAD ./Drivers/STM32U5xx_HAL_Driver/Src/stm32u5xx_ll_dlyb.o
LOAD ./Drivers/STM32U5xx_HAL_Driver/Src/stm32u5xx_ll_usb.o
START GROUP
LOAD C:/ST/STM32CubeIDE_1.13.1/STM32CubeIDE/plugins/com.st.stm32cube.ide.mcu.externaltools.gnu-tools-for-stm32.12.3.rel1.win32_1.0.200.202406191623/tools/bin/../lib/gcc/arm-none-eabi/12.3.1/../../../../arm-none-eabi/lib/thumb/v8-m.main+fp/hard\libc_nano.a
LOAD C:/ST/STM32CubeIDE_1.13.1/STM32CubeIDE/plugins/com.st.stm32cube.ide.mcu.externaltools.gnu-tools-for-stm32.12.3.rel1.win32_1.0.200.202406191623/tools/bin/../lib/gcc/arm-none-eabi/12.3.1/../../../../arm-none-eabi/lib/thumb/v8-m.main+fp/hard\libm.a
END GROUP
START GROUP
LOAD C:/ST/STM32CubeIDE_1.13.1/STM32CubeIDE/plugins/com.st.stm32cube.ide.mcu.externaltools.gnu-tools-for-stm32.12.3.rel1.win32_1.0.200.202406191623/tools/bin/../lib/gcc/arm-none-eabi/12.3.1/thumb/v8-m.main+fp/hard\libgcc.a
LOAD C:/ST/STM32CubeIDE_1.13.1/STM32CubeIDE/plugins/com.st.stm32cube.ide.mcu.externaltools.gnu-tools-for-stm32.12.3.rel1.win32_1.0.200.202406191623/tools/bin/../lib/gcc/arm-none-eabi/12.3.1/../../../../arm-none-eabi/lib/thumb/v8-m.main+fp/hard\libc_nano.a
END GROUP
START GROUP
LOAD C:/ST/STM32CubeIDE_1.13.1/STM32CubeIDE/plugins/com.st.stm32cube.ide.mcu.externaltools.gnu-tools-for-stm32.12.3.rel1.win32_1.0.200.202406191623/tools/bin/../lib/gcc/arm-none-eabi/12.3.1/thumb/v8-m.main+fp/hard\libgcc.a
LOAD C:/ST/STM32CubeIDE_1.13.1/STM32CubeIDE/plugins/com.st.stm32cube.ide.mcu.externaltools.gnu-tools-for-stm32.12.3.rel1.win32_1.0.200.202406191623/tools/bin/../lib/gcc/arm-none-eabi/12.3.1/../../../../arm-none-eabi/lib/thumb/v8-m.main+fp/hard\libc_nano.a
LOAD C:/ST/STM32CubeIDE_1.13.1/STM32CubeIDE/plugins/com.st.stm32cube.ide.mcu.externaltools.gnu-tools-for-stm32.12.3.rel1.win32_1.0.200.202406191623/tools/bin/../lib/gcc/arm-none-eabi/12.3.1/../../../../arm-none-eabi/lib/thumb/v8-m.main+fp/hard\libnosys.a
END GROUP
START GROUP
LOAD C:/ST/STM32CubeIDE_1.13.1/STM32CubeIDE/plugins/com.st.stm32cube.ide.mcu.externaltools.gnu-tools-for-stm32.12.3.rel1.win32_1.0.200.202406191623/tools/bin/../lib/gcc/arm-none-eabi/12.3.1/thumb/v8-m.main+fp/hard\libgcc.a
LOAD C:/ST/STM32CubeIDE_1.13.1/STM32CubeIDE/plugins/com.st.stm32cube.ide.mcu.externaltools.gnu-tools-for-stm32.12.3.rel1.win32_1.0.200.202406191623/tools/bin/../lib/gcc/arm-none-eabi/12.3.1/../../../../arm-none-eabi/lib/thumb/v8-m.main+fp/hard\libc_nano.a
LOAD C:/ST/STM32CubeIDE_1.13.1/STM32CubeIDE/plugins/com.st.stm32cube.ide.mcu.externaltools.gnu-tools-for-stm32.12.3.rel1.win32_1.0.200.202406191623/tools/bin/../lib/gcc/arm-none-eabi/12.3.1/../../../../arm-none-eabi/lib/thumb/v8-m.main+fp/hard\libnosys.a
END GROUP
LOAD C:/ST/STM32CubeIDE_1.13.1/STM32CubeIDE/plugins/com.st.stm32cube.ide.mcu.externaltools.gnu-tools-for-stm32.12.3.rel1.win32_1.0.200.202406191623/tools/bin/../lib/gcc/arm-none-eabi/12.3.1/thumb/v8-m.main+fp/hard/crtend.o
LOAD C:/ST/STM32CubeIDE_1.13.1/STM32CubeIDE/plugins/com.st.stm32cube.ide.mcu.externaltools.gnu-tools-for-stm32.12.3.rel1.win32_1.0.200.202406191623/tools/bin/../lib/gcc/arm-none-eabi/12.3.1/thumb/v8-m.main+fp/hard/crtn.o
                0x202f0000                        _estack = (ORIGIN (RAM) + LENGTH (RAM))
                0x00000400                        _Min_Heap_Size = 0x400
                0x00000800                        _Min_Stack_Size = 0x800

.isr_vector     0x08000000      0x274
                0x08000000                        . = ALIGN (0x4)
 *(.isr_vector)
 .isr_vector    0x08000000      0x274 ./Core/Startup/startup_stm32u5g9zjtxq.o
                0x08000000                g_pfnVectors
                0x08000274                        . = ALIGN (0x4)

.text           0x08000274    0x12250
                0x08000274                        . = ALIGN (0x4)
 *(.text)
 .text          0x08000274       0x40 C:/ST/STM32CubeIDE_1.13.1/STM32CubeIDE/plugins/com.st.stm32cube.ide.mcu.externaltools.gnu-tools-for-stm32.12.3.rel1.win32_1.0.200.202406191623/tools/bin/../lib/gcc/arm-none-eabi/12.3.1/thumb/v8-m.main+fp/hard/crtbegin.o
 .text          0x080002b4       0x30 C:/ST/STM32CubeIDE_1.13.1/STM32CubeIDE/plugins/com.st.stm32cube.ide.mcu.externaltools.gnu-tools-for-stm32.12.3.rel1.win32_1.0.200.202406191623/tools/bin/../lib/gcc/arm-none-eabi/12.3.1/thumb/v8-m.main+fp/hard\libgcc.a(_aeabi_uldivmod.o)
                0x080002b4                __aeabi_uldivmod
 .text          0x080002e4      0x2e4 C:/ST/STM32CubeIDE_1.13.1/STM32CubeIDE/plugins/com.st.stm32cube.ide.mcu.externaltools.gnu-tools-for-stm32.12.3.rel1.win32_1.0.200.202406191623/tools/bin/../lib/gcc/arm-none-eabi/12.3.1/thumb/v8-m.main+fp/hard\libgcc.a(_udivmoddi4.o)
                0x080002e4                __udivmoddi4
 .text          0x080005c8        0x4 C:/ST/STM32CubeIDE_1.13.1/STM32CubeIDE/plugins/com.st.stm32cube.ide.mcu.externaltools.gnu-tools-for-stm32.12.3.rel1.win32_1.0.200.202406191623/tools/bin/../lib/gcc/arm-none-eabi/12.3.1/thumb/v8-m.main+fp/hard\libgcc.a(_dvmd_tls.o)
                0x080005c8                __aeabi_idiv0
                0x080005c8                __aeabi_ldiv0
 *(.text*)
 .text.Do_Comb0
                0x080005cc       0xd8 ./Core/Src/main.o
                0x080005cc                Do_Comb0
 .text.Do_Allpass0
                0x080006a4       0xe4 ./Core/Src/main.o
                0x080006a4                Do_Allpass0
 .text.Do_Delay
                0x08000788       0x38 ./Core/Src/main.o
                0x08000788                Do_Delay
 .text.main     0x080007c0      0x30c ./Core/Src/main.o
                0x080007c0                main
 .text.SystemClock_Config
                0x08000acc       0xd8 ./Core/Src/main.o
                0x08000acc                SystemClock_Config
 .text.PeriphCommonClock_Config
                0x08000ba4       0x6e ./Core/Src/main.o
                0x08000ba4                PeriphCommonClock_Config
 .text.SystemPower_Config
                0x08000c12       0x1c ./Core/Src/main.o
 *fill*         0x08000c2e        0x2 
 .text.MX_ADC1_Init
                0x08000c30      0x274 ./Core/Src/main.o
 .text.MX_ADC4_Init
                0x08000ea4       0xf8 ./Core/Src/main.o
 .text.MX_DMA2D_Init
                0x08000f9c       0x7c ./Core/Src/main.o
 .text.MX_GPDMA1_Init
                0x08001018       0x70 ./Core/Src/main.o
 .text.MX_HSPI1_Init
                0x08001088       0x7c ./Core/Src/main.o
 .text.MX_I2C1_Init
                0x08001104       0x80 ./Core/Src/main.o
 .text.MX_I2C2_Init
                0x08001184       0x80 ./Core/Src/main.o
 .text.MX_ICACHE_Init
                0x08001204       0x26 ./Core/Src/main.o
 *fill*         0x0800122a        0x2 
 .text.MX_LTDC_Init
                0x0800122c      0x100 ./Core/Src/main.o
 .text.MX_RTC_Init
                0x0800132c       0x9c ./Core/Src/main.o
 .text.MX_SAI2_Init
                0x080013c8       0xd8 ./Core/Src/main.o
 .text.MX_TIM3_Init
                0x080014a0       0xc4 ./Core/Src/main.o
 .text.MX_TIM15_Init
                0x08001564       0xa0 ./Core/Src/main.o
 .text.MX_USART1_UART_Init
                0x08001604       0x98 ./Core/Src/main.o
 .text.MX_USB_OTG_HS_PCD_Init
                0x0800169c       0x5c ./Core/Src/main.o
 .text.MX_GPIO_Init
                0x080016f8      0x26c ./Core/Src/main.o
 .text.signExtend24
                0x08001964       0x2c ./Core/Src/main.o
 .text.volumeLRPoll
                0x08001990      0x5d4 ./Core/Src/main.o
 .text.HAL_SAI_RxHalfCpltCallback
                0x08001f64       0x2c ./Core/Src/main.o
                0x08001f64                HAL_SAI_RxHalfCpltCallback
 .text.HAL_SAI_RxCpltCallback
                0x08001f90       0x2c ./Core/Src/main.o
                0x08001f90                HAL_SAI_RxCpltCallback
 .text.HAL_SAI_TxHalfCpltCallback
                0x08001fbc       0x2c ./Core/Src/main.o
                0x08001fbc                HAL_SAI_TxHalfCpltCallback
 .text.HAL_SAI_TxCpltCallback
                0x08001fe8       0x2c ./Core/Src/main.o
                0x08001fe8                HAL_SAI_TxCpltCallback
 .text.Error_Handler
                0x08002014        0xc ./Core/Src/main.o
                0x08002014                Error_Handler
 .text.HAL_MspInit
                0x08002020       0x34 ./Core/Src/stm32u5xx_hal_msp.o
                0x08002020                HAL_MspInit
 .text.HAL_ADC_MspInit
                0x08002054      0x490 ./Core/Src/stm32u5xx_hal_msp.o
                0x08002054                HAL_ADC_MspInit
 .text.HAL_DMA2D_MspInit
                0x080024e4       0x44 ./Core/Src/stm32u5xx_hal_msp.o
                0x080024e4                HAL_DMA2D_MspInit
 .text.HAL_XSPI_MspInit
                0x08002528       0xd8 ./Core/Src/stm32u5xx_hal_msp.o
                0x08002528                HAL_XSPI_MspInit
 .text.HAL_I2C_MspInit
                0x08002600      0x1dc ./Core/Src/stm32u5xx_hal_msp.o
                0x08002600                HAL_I2C_MspInit
 .text.HAL_LTDC_MspInit
                0x080027dc      0x29c ./Core/Src/stm32u5xx_hal_msp.o
                0x080027dc                HAL_LTDC_MspInit
 .text.HAL_RTC_MspInit
                0x08002a78       0x98 ./Core/Src/stm32u5xx_hal_msp.o
                0x08002a78                HAL_RTC_MspInit
 .text.HAL_TIM_PWM_MspInit
                0x08002b10       0x44 ./Core/Src/stm32u5xx_hal_msp.o
                0x08002b10                HAL_TIM_PWM_MspInit
 .text.HAL_TIM_Base_MspInit
                0x08002b54       0x44 ./Core/Src/stm32u5xx_hal_msp.o
                0x08002b54                HAL_TIM_Base_MspInit
 .text.HAL_TIM_MspPostInit
                0x08002b98       0x74 ./Core/Src/stm32u5xx_hal_msp.o
                0x08002b98                HAL_TIM_MspPostInit
 .text.HAL_UART_MspInit
                0x08002c0c      0x104 ./Core/Src/stm32u5xx_hal_msp.o
                0x08002c0c                HAL_UART_MspInit
 .text.HAL_PCD_MspInit
                0x08002d10      0x10c ./Core/Src/stm32u5xx_hal_msp.o
                0x08002d10                HAL_PCD_MspInit
 .text.HAL_SAI_MspInit
                0x08002e1c      0x39c ./Core/Src/stm32u5xx_hal_msp.o
                0x08002e1c                HAL_SAI_MspInit
 .text.NMI_Handler
                0x080031b8        0x8 ./Core/Src/stm32u5xx_it.o
                0x080031b8                NMI_Handler
 .text.HardFault_Handler
                0x080031c0        0x8 ./Core/Src/stm32u5xx_it.o
                0x080031c0                HardFault_Handler
 .text.MemManage_Handler
                0x080031c8        0x8 ./Core/Src/stm32u5xx_it.o
                0x080031c8                MemManage_Handler
 .text.BusFault_Handler
                0x080031d0        0x8 ./Core/Src/stm32u5xx_it.o
                0x080031d0                BusFault_Handler
 .text.UsageFault_Handler
                0x080031d8        0x8 ./Core/Src/stm32u5xx_it.o
                0x080031d8                UsageFault_Handler
 .text.SVC_Handler
                0x080031e0        0xe ./Core/Src/stm32u5xx_it.o
                0x080031e0                SVC_Handler
 .text.DebugMon_Handler
                0x080031ee        0xe ./Core/Src/stm32u5xx_it.o
                0x080031ee                DebugMon_Handler
 .text.PendSV_Handler
                0x080031fc        0xe ./Core/Src/stm32u5xx_it.o
                0x080031fc                PendSV_Handler
 .text.SysTick_Handler
                0x0800320a        0xc ./Core/Src/stm32u5xx_it.o
                0x0800320a                SysTick_Handler
 .text.EXTI1_IRQHandler
                0x08003216        0xe ./Core/Src/stm32u5xx_it.o
                0x08003216                EXTI1_IRQHandler
 .text.EXTI4_IRQHandler
                0x08003224        0xe ./Core/Src/stm32u5xx_it.o
                0x08003224                EXTI4_IRQHandler
 .text.EXTI5_IRQHandler
                0x08003232        0xe ./Core/Src/stm32u5xx_it.o
                0x08003232                EXTI5_IRQHandler
 .text.GPDMA1_Channel0_IRQHandler
                0x08003240       0x14 ./Core/Src/stm32u5xx_it.o
                0x08003240                GPDMA1_Channel0_IRQHandler
 .text.GPDMA1_Channel1_IRQHandler
                0x08003254       0x14 ./Core/Src/stm32u5xx_it.o
                0x08003254                GPDMA1_Channel1_IRQHandler
 .text.GPDMA1_Channel2_IRQHandler
                0x08003268       0x14 ./Core/Src/stm32u5xx_it.o
                0x08003268                GPDMA1_Channel2_IRQHandler
 .text.GPDMA1_Channel3_IRQHandler
                0x0800327c       0x14 ./Core/Src/stm32u5xx_it.o
                0x0800327c                GPDMA1_Channel3_IRQHandler
 .text.ADC1_2_IRQHandler
                0x08003290       0x14 ./Core/Src/stm32u5xx_it.o
                0x08003290                ADC1_2_IRQHandler
 .text.I2C2_EV_IRQHandler
                0x080032a4       0x14 ./Core/Src/stm32u5xx_it.o
                0x080032a4                I2C2_EV_IRQHandler
 .text.I2C2_ER_IRQHandler
                0x080032b8       0x14 ./Core/Src/stm32u5xx_it.o
                0x080032b8                I2C2_ER_IRQHandler
 .text.USART1_IRQHandler
                0x080032cc       0x14 ./Core/Src/stm32u5xx_it.o
                0x080032cc                USART1_IRQHandler
 .text.LTDC_IRQHandler
                0x080032e0       0x14 ./Core/Src/stm32u5xx_it.o
                0x080032e0                LTDC_IRQHandler
 .text.SystemInit
                0x080032f4       0x70 ./Core/Src/system_stm32u5xx.o
                0x080032f4                SystemInit
 .text.Reset_Handler
                0x08003364       0x50 ./Core/Startup/startup_stm32u5g9zjtxq.o
                0x08003364                Reset_Handler
 .text.Default_Handler
                0x080033b4        0x2 ./Core/Startup/startup_stm32u5g9zjtxq.o
                0x080033b4                EXTI2_IRQHandler
                0x080033b4                TIM8_TRG_COM_IRQHandler
                0x080033b4                TIM8_CC_IRQHandler
                0x080033b4                FLASH_S_IRQHandler
                0x080033b4                EXTI13_IRQHandler
                0x080033b4                DCACHE2_IRQHandler
                0x080033b4                TIM1_CC_IRQHandler
                0x080033b4                TSC_IRQHandler
                0x080033b4                JPEG_IRQHandler
                0x080033b4                TAMP_IRQHandler
                0x080033b4                TIM6_IRQHandler
                0x080033b4                EXTI12_IRQHandler
                0x080033b4                CORDIC_IRQHandler
                0x080033b4                GFXTIM_IRQHandler
                0x080033b4                EXTI3_IRQHandler
                0x080033b4                LPTIM4_IRQHandler
                0x080033b4                GPDMA1_Channel5_IRQHandler
                0x080033b4                EXTI8_IRQHandler
                0x080033b4                LPTIM2_IRQHandler
                0x080033b4                GFXMMU_IRQHandler
                0x080033b4                I2C3_ER_IRQHandler
                0x080033b4                I2C5_EV_IRQHandler
                0x080033b4                PWR_S3WU_IRQHandler
                0x080033b4                MDF1_FLT2_IRQHandler
                0x080033b4                LPDMA1_Channel3_IRQHandler
                0x080033b4                LPTIM3_IRQHandler
                0x080033b4                EXTI0_IRQHandler
                0x080033b4                GPU2D_IRQHandler
                0x080033b4                FPU_IRQHandler
                0x080033b4                GPDMA1_Channel7_IRQHandler
                0x080033b4                MDF1_FLT4_IRQHandler
                0x080033b4                FDCAN1_IT1_IRQHandler
                0x080033b4                RAMCFG_IRQHandler
                0x080033b4                LTDC_ER_IRQHandler
                0x080033b4                GPDMA1_Channel9_IRQHandler
                0x080033b4                DCACHE1_IRQHandler
                0x080033b4                SPI1_IRQHandler
                0x080033b4                OCTOSPI1_IRQHandler
                0x080033b4                TIM8_UP_IRQHandler
                0x080033b4                RCC_S_IRQHandler
                0x080033b4                OCTOSPI2_IRQHandler
                0x080033b4                SAI2_IRQHandler
                0x080033b4                MDF1_FLT1_IRQHandler
                0x080033b4                PKA_IRQHandler
                0x080033b4                USART6_IRQHandler
                0x080033b4                MDF1_FLT5_IRQHandler
                0x080033b4                EXTI15_IRQHandler
                0x080033b4                TIM17_IRQHandler
                0x080033b4                USART3_IRQHandler
                0x080033b4                RTC_IRQHandler
                0x080033b4                EXTI9_IRQHandler
                0x080033b4                HSPI1_IRQHandler
                0x080033b4                UART5_IRQHandler
                0x080033b4                TIM4_IRQHandler
                0x080033b4                I2C1_EV_IRQHandler
                0x080033b4                GPDMA1_Channel12_IRQHandler
                0x080033b4                TIM16_IRQHandler
                0x080033b4                GPDMA1_Channel15_IRQHandler
                0x080033b4                UART4_IRQHandler
                0x080033b4                SecureFault_Handler
                0x080033b4                TIM3_IRQHandler
                0x080033b4                RCC_IRQHandler
                0x080033b4                TIM1_TRG_COM_IRQHandler
                0x080033b4                Default_Handler
                0x080033b4                GPDMA1_Channel8_IRQHandler
                0x080033b4                FMAC_IRQHandler
                0x080033b4                I2C5_ER_IRQHandler
                0x080033b4                OTFDEC1_IRQHandler
                0x080033b4                GPDMA1_Channel11_IRQHandler
                0x080033b4                GPU2D_ER_IRQHandler
                0x080033b4                TIM7_IRQHandler
                0x080033b4                SDMMC1_IRQHandler
                0x080033b4                SAES_IRQHandler
                0x080033b4                TIM5_IRQHandler
                0x080033b4                UCPD1_IRQHandler
                0x080033b4                TIM15_IRQHandler
                0x080033b4                I2C3_EV_IRQHandler
                0x080033b4                LPDMA1_Channel0_IRQHandler
                0x080033b4                PVD_PVM_IRQHandler
                0x080033b4                SPI2_IRQHandler
                0x080033b4                LPDMA1_Channel1_IRQHandler
                0x080033b4                EXTI14_IRQHandler
                0x080033b4                EXTI11_IRQHandler
                0x080033b4                OTFDEC2_IRQHandler
                0x080033b4                CRS_IRQHandler
                0x080033b4                GPDMA1_Channel14_IRQHandler
                0x080033b4                LSECSSD_IRQHandler
                0x080033b4                RTC_S_IRQHandler
                0x080033b4                GPDMA1_Channel13_IRQHandler
                0x080033b4                RNG_IRQHandler
                0x080033b4                COMP_IRQHandler
                0x080033b4                DSI_IRQHandler
                0x080033b4                TIM1_UP_IRQHandler
                0x080033b4                ADC4_IRQHandler
                0x080033b4                WWDG_IRQHandler
                0x080033b4                I2C4_EV_IRQHandler
                0x080033b4                ADF1_IRQHandler
                0x080033b4                IWDG_IRQHandler
                0x080033b4                I2C6_ER_IRQHandler
                0x080033b4                LPUART1_IRQHandler
                0x080033b4                MDF1_FLT0_IRQHandler
                0x080033b4                FDCAN1_IT0_IRQHandler
                0x080033b4                TIM2_IRQHandler
                0x080033b4                GPDMA1_Channel4_IRQHandler
                0x080033b4                OTG_HS_IRQHandler
                0x080033b4                EXTI7_IRQHandler
                0x080033b4                DMA2D_IRQHandler
                0x080033b4                TIM1_BRK_IRQHandler
                0x080033b4                SDMMC2_IRQHandler
                0x080033b4                AES_IRQHandler
                0x080033b4                DAC1_IRQHandler
                0x080033b4                GTZC_IRQHandler
                0x080033b4                MDF1_FLT3_IRQHandler
                0x080033b4                USART2_IRQHandler
                0x080033b4                I2C6_EV_IRQHandler
                0x080033b4                GPDMA1_Channel6_IRQHandler
                0x080033b4                TIM8_BRK_IRQHandler
                0x080033b4                FLASH_IRQHandler
                0x080033b4                EXTI10_IRQHandler
                0x080033b4                SPI3_IRQHandler
                0x080033b4                LPDMA1_Channel2_IRQHandler
                0x080033b4                I2C1_ER_IRQHandler
                0x080033b4                FMC_IRQHandler
                0x080033b4                EXTI6_IRQHandler
                0x080033b4                LPTIM1_IRQHandler
                0x080033b4                DCMI_PSSI_IRQHandler
                0x080033b4                I2C4_ER_IRQHandler
                0x080033b4                GPDMA1_Channel10_IRQHandler
                0x080033b4                ICACHE_IRQHandler
                0x080033b4                SAI1_IRQHandler
                0x080033b4                HASH_IRQHandler
 *fill*         0x080033b6        0x2 
 .text.HAL_Init
                0x080033b8       0x60 ./Drivers/STM32U5xx_HAL_Driver/Src/stm32u5xx_hal.o
                0x080033b8                HAL_Init
 .text.HAL_InitTick
                0x08003418       0xec ./Drivers/STM32U5xx_HAL_Driver/Src/stm32u5xx_hal.o
                0x08003418                HAL_InitTick
 .text.HAL_IncTick
                0x08003504       0x28 ./Drivers/STM32U5xx_HAL_Driver/Src/stm32u5xx_hal.o
                0x08003504                HAL_IncTick
 .text.HAL_GetTick
                0x0800352c       0x18 ./Drivers/STM32U5xx_HAL_Driver/Src/stm32u5xx_hal.o
                0x0800352c                HAL_GetTick
 .text.HAL_Delay
                0x08003544       0x48 ./Drivers/STM32U5xx_HAL_Driver/Src/stm32u5xx_hal.o
                0x08003544                HAL_Delay
 .text.HAL_SYSCFG_EnableOTGPHY
                0x0800358c       0x28 ./Drivers/STM32U5xx_HAL_Driver/Src/stm32u5xx_hal.o
                0x0800358c                HAL_SYSCFG_EnableOTGPHY
 .text.HAL_SYSCFG_SetOTGPHYReferenceClockSelection
                0x080035b4       0x28 ./Drivers/STM32U5xx_HAL_Driver/Src/stm32u5xx_hal.o
                0x080035b4                HAL_SYSCFG_SetOTGPHYReferenceClockSelection
 .text.LL_ADC_SetCommonClock
                0x080035dc       0x26 ./Drivers/STM32U5xx_HAL_Driver/Src/stm32u5xx_hal_adc.o
 .text.LL_ADC_SetCommonPathInternalCh
                0x08003602       0x26 ./Drivers/STM32U5xx_HAL_Driver/Src/stm32u5xx_hal_adc.o
 .text.LL_ADC_GetCommonPathInternalCh
                0x08003628       0x1c ./Drivers/STM32U5xx_HAL_Driver/Src/stm32u5xx_hal_adc.o
 .text.LL_ADC_SetResolution
                0x08003644       0x40 ./Drivers/STM32U5xx_HAL_Driver/Src/stm32u5xx_hal_adc.o
 .text.LL_ADC_SetOffset
                0x08003684       0x42 ./Drivers/STM32U5xx_HAL_Driver/Src/stm32u5xx_hal_adc.o
 .text.LL_ADC_GetOffsetChannel
                0x080036c6       0x2c ./Drivers/STM32U5xx_HAL_Driver/Src/stm32u5xx_hal_adc.o
 .text.LL_ADC_SetOffsetSign
                0x080036f2       0x36 ./Drivers/STM32U5xx_HAL_Driver/Src/stm32u5xx_hal_adc.o
 .text.LL_ADC_SetOffsetSignedSaturation
                0x08003728       0x36 ./Drivers/STM32U5xx_HAL_Driver/Src/stm32u5xx_hal_adc.o
 .text.LL_ADC_SetOffsetUnsignedSaturation
                0x0800375e       0x36 ./Drivers/STM32U5xx_HAL_Driver/Src/stm32u5xx_hal_adc.o
 .text.LL_ADC_SetGainCompensation
                0x08003794       0x46 ./Drivers/STM32U5xx_HAL_Driver/Src/stm32u5xx_hal_adc.o
 .text.LL_ADC_SetSamplingTimeCommonChannels
                0x080037da       0x3e ./Drivers/STM32U5xx_HAL_Driver/Src/stm32u5xx_hal_adc.o
 .text.LL_ADC_REG_IsTriggerSourceSWStart
                0x08003818       0x26 ./Drivers/STM32U5xx_HAL_Driver/Src/stm32u5xx_hal_adc.o
 *fill*         0x0800383e        0x2 
 .text.LL_ADC_REG_SetSequencerRanks
                0x08003840       0xc0 ./Drivers/STM32U5xx_HAL_Driver/Src/stm32u5xx_hal_adc.o
 .text.LL_ADC_REG_SetSequencerChAdd
                0x08003900       0x66 ./Drivers/STM32U5xx_HAL_Driver/Src/stm32u5xx_hal_adc.o
 .text.LL_ADC_REG_SetSequencerChRem
                0x08003966       0x30 ./Drivers/STM32U5xx_HAL_Driver/Src/stm32u5xx_hal_adc.o
 .text.LL_ADC_REG_GetDMATransfer
                0x08003996       0x1c ./Drivers/STM32U5xx_HAL_Driver/Src/stm32u5xx_hal_adc.o
 .text.LL_ADC_INJ_IsTriggerSourceSWStart
                0x080039b2       0x26 ./Drivers/STM32U5xx_HAL_Driver/Src/stm32u5xx_hal_adc.o
 .text.LL_ADC_SetChannelSamplingTime
                0x080039d8       0xc8 ./Drivers/STM32U5xx_HAL_Driver/Src/stm32u5xx_hal_adc.o
 .text.LL_ADC_SetChannelSingleDiff
                0x08003aa0       0x48 ./Drivers/STM32U5xx_HAL_Driver/Src/stm32u5xx_hal_adc.o
 .text.LL_ADC_GetMultimode
                0x08003ae8       0x1c ./Drivers/STM32U5xx_HAL_Driver/Src/stm32u5xx_hal_adc.o
 .text.LL_ADC_GetMultiDMATransfer
                0x08003b04       0x1c ./Drivers/STM32U5xx_HAL_Driver/Src/stm32u5xx_hal_adc.o
 .text.LL_ADC_DisableDeepPowerDown
                0x08003b20       0x24 ./Drivers/STM32U5xx_HAL_Driver/Src/stm32u5xx_hal_adc.o
 .text.LL_ADC_IsDeepPowerDownEnabled
                0x08003b44       0x28 ./Drivers/STM32U5xx_HAL_Driver/Src/stm32u5xx_hal_adc.o
 .text.LL_ADC_EnableInternalRegulator
                0x08003b6c       0x28 ./Drivers/STM32U5xx_HAL_Driver/Src/stm32u5xx_hal_adc.o
 .text.LL_ADC_IsInternalRegulatorEnabled
                0x08003b94       0x28 ./Drivers/STM32U5xx_HAL_Driver/Src/stm32u5xx_hal_adc.o
 .text.LL_ADC_Enable
                0x08003bbc       0x28 ./Drivers/STM32U5xx_HAL_Driver/Src/stm32u5xx_hal_adc.o
 .text.LL_ADC_IsEnabled
                0x08003be4       0x26 ./Drivers/STM32U5xx_HAL_Driver/Src/stm32u5xx_hal_adc.o
 .text.LL_ADC_REG_StartConversion
                0x08003c0a       0x28 ./Drivers/STM32U5xx_HAL_Driver/Src/stm32u5xx_hal_adc.o
 .text.LL_ADC_REG_IsConversionOngoing
                0x08003c32       0x26 ./Drivers/STM32U5xx_HAL_Driver/Src/stm32u5xx_hal_adc.o
 .text.LL_ADC_INJ_IsConversionOngoing
                0x08003c58       0x26 ./Drivers/STM32U5xx_HAL_Driver/Src/stm32u5xx_hal_adc.o
 *fill*         0x08003c7e        0x2 
 .text.HAL_ADC_Init
                0x08003c80      0x5d0 ./Drivers/STM32U5xx_HAL_Driver/Src/stm32u5xx_hal_adc.o
                0x08003c80                HAL_ADC_Init
 .text.HAL_ADC_Start_DMA
                0x08004250      0x294 ./Drivers/STM32U5xx_HAL_Driver/Src/stm32u5xx_hal_adc.o
                0x08004250                HAL_ADC_Start_DMA
 .text.HAL_ADC_IRQHandler
                0x080044e4      0x56c ./Drivers/STM32U5xx_HAL_Driver/Src/stm32u5xx_hal_adc.o
                0x080044e4                HAL_ADC_IRQHandler
 .text.HAL_ADC_ConvCpltCallback
                0x08004a50       0x14 ./Drivers/STM32U5xx_HAL_Driver/Src/stm32u5xx_hal_adc.o
                0x08004a50                HAL_ADC_ConvCpltCallback
 .text.HAL_ADC_ConvHalfCpltCallback
                0x08004a64       0x14 ./Drivers/STM32U5xx_HAL_Driver/Src/stm32u5xx_hal_adc.o
                0x08004a64                HAL_ADC_ConvHalfCpltCallback
 .text.HAL_ADC_LevelOutOfWindowCallback
                0x08004a78       0x14 ./Drivers/STM32U5xx_HAL_Driver/Src/stm32u5xx_hal_adc.o
                0x08004a78                HAL_ADC_LevelOutOfWindowCallback
 .text.HAL_ADC_ErrorCallback
                0x08004a8c       0x14 ./Drivers/STM32U5xx_HAL_Driver/Src/stm32u5xx_hal_adc.o
                0x08004a8c                HAL_ADC_ErrorCallback
 .text.HAL_ADC_CalibrationCpltCallback
                0x08004aa0       0x14 ./Drivers/STM32U5xx_HAL_Driver/Src/stm32u5xx_hal_adc.o
                0x08004aa0                HAL_ADC_CalibrationCpltCallback
 .text.HAL_ADC_VoltageRegulatorCallback
                0x08004ab4       0x14 ./Drivers/STM32U5xx_HAL_Driver/Src/stm32u5xx_hal_adc.o
                0x08004ab4                HAL_ADC_VoltageRegulatorCallback
 .text.HAL_ADC_ADCReadyCallback
                0x08004ac8       0x14 ./Drivers/STM32U5xx_HAL_Driver/Src/stm32u5xx_hal_adc.o
                0x08004ac8                HAL_ADC_ADCReadyCallback
 .text.HAL_ADC_ConfigChannel
                0x08004adc      0xc3c ./Drivers/STM32U5xx_HAL_Driver/Src/stm32u5xx_hal_adc.o
                0x08004adc                HAL_ADC_ConfigChannel
 .text.ADC_Enable
                0x08005718      0x134 ./Drivers/STM32U5xx_HAL_Driver/Src/stm32u5xx_hal_adc.o
                0x08005718                ADC_Enable
 .text.ADC_DMAConvCplt
                0x0800584c       0xd8 ./Drivers/STM32U5xx_HAL_Driver/Src/stm32u5xx_hal_adc.o
                0x0800584c                ADC_DMAConvCplt
 .text.ADC_DMAHalfConvCplt
                0x08005924       0x1c ./Drivers/STM32U5xx_HAL_Driver/Src/stm32u5xx_hal_adc.o
                0x08005924                ADC_DMAHalfConvCplt
 .text.ADC_DMAError
                0x08005940       0x34 ./Drivers/STM32U5xx_HAL_Driver/Src/stm32u5xx_hal_adc.o
                0x08005940                ADC_DMAError
 .text.HAL_ADCEx_InjectedConvCpltCallback
                0x08005974       0x14 ./Drivers/STM32U5xx_HAL_Driver/Src/stm32u5xx_hal_adc_ex.o
                0x08005974                HAL_ADCEx_InjectedConvCpltCallback
 .text.HAL_ADCEx_LevelOutOfWindow2Callback
                0x08005988       0x14 ./Drivers/STM32U5xx_HAL_Driver/Src/stm32u5xx_hal_adc_ex.o
                0x08005988                HAL_ADCEx_LevelOutOfWindow2Callback
 .text.HAL_ADCEx_LevelOutOfWindow3Callback
                0x0800599c       0x14 ./Drivers/STM32U5xx_HAL_Driver/Src/stm32u5xx_hal_adc_ex.o
                0x0800599c                HAL_ADCEx_LevelOutOfWindow3Callback
 .text.HAL_ADCEx_EndOfSamplingCallback
                0x080059b0       0x14 ./Drivers/STM32U5xx_HAL_Driver/Src/stm32u5xx_hal_adc_ex.o
                0x080059b0                HAL_ADCEx_EndOfSamplingCallback
 .text.__NVIC_SetPriorityGrouping
                0x080059c4       0x48 ./Drivers/STM32U5xx_HAL_Driver/Src/stm32u5xx_hal_cortex.o
 .text.__NVIC_GetPriorityGrouping
                0x08005a0c       0x1c ./Drivers/STM32U5xx_HAL_Driver/Src/stm32u5xx_hal_cortex.o
 .text.__NVIC_EnableIRQ
                0x08005a28       0x3c ./Drivers/STM32U5xx_HAL_Driver/Src/stm32u5xx_hal_cortex.o
 .text.__NVIC_SetPriority
                0x08005a64       0x54 ./Drivers/STM32U5xx_HAL_Driver/Src/stm32u5xx_hal_cortex.o
 .text.NVIC_EncodePriority
                0x08005ab8       0x66 ./Drivers/STM32U5xx_HAL_Driver/Src/stm32u5xx_hal_cortex.o
 .text.HAL_NVIC_SetPriorityGrouping
                0x08005b1e       0x16 ./Drivers/STM32U5xx_HAL_Driver/Src/stm32u5xx_hal_cortex.o
                0x08005b1e                HAL_NVIC_SetPriorityGrouping
 .text.HAL_NVIC_SetPriority
                0x08005b34       0x34 ./Drivers/STM32U5xx_HAL_Driver/Src/stm32u5xx_hal_cortex.o
                0x08005b34                HAL_NVIC_SetPriority
 .text.HAL_NVIC_EnableIRQ
                0x08005b68       0x1c ./Drivers/STM32U5xx_HAL_Driver/Src/stm32u5xx_hal_cortex.o
                0x08005b68                HAL_NVIC_EnableIRQ
 .text.HAL_SYSTICK_Config
                0x08005b84       0x44 ./Drivers/STM32U5xx_HAL_Driver/Src/stm32u5xx_hal_cortex.o
                0x08005b84                HAL_SYSTICK_Config
 .text.HAL_SYSTICK_CLKSourceConfig
                0x08005bc8       0xb0 ./Drivers/STM32U5xx_HAL_Driver/Src/stm32u5xx_hal_cortex.o
                0x08005bc8                HAL_SYSTICK_CLKSourceConfig
 .text.HAL_SYSTICK_GetCLKSourceConfig
                0x08005c78       0x74 ./Drivers/STM32U5xx_HAL_Driver/Src/stm32u5xx_hal_cortex.o
                0x08005c78                HAL_SYSTICK_GetCLKSourceConfig
 .text.HAL_DMA_Init
                0x08005cec      0x258 ./Drivers/STM32U5xx_HAL_Driver/Src/stm32u5xx_hal_dma.o
                0x08005cec                HAL_DMA_Init
 .text.HAL_DMA_Start_IT
                0x08005f44       0xc0 ./Drivers/STM32U5xx_HAL_Driver/Src/stm32u5xx_hal_dma.o
                0x08005f44                HAL_DMA_Start_IT
 .text.HAL_DMA_Abort
                0x08006004       0xf8 ./Drivers/STM32U5xx_HAL_Driver/Src/stm32u5xx_hal_dma.o
                0x08006004                HAL_DMA_Abort
 .text.HAL_DMA_Abort_IT
                0x080060fc       0x52 ./Drivers/STM32U5xx_HAL_Driver/Src/stm32u5xx_hal_dma.o
                0x080060fc                HAL_DMA_Abort_IT
 .text.HAL_DMA_IRQHandler
                0x0800614e      0x2c2 ./Drivers/STM32U5xx_HAL_Driver/Src/stm32u5xx_hal_dma.o
                0x0800614e                HAL_DMA_IRQHandler
 .text.HAL_DMA_GetState
                0x08006410       0x1c ./Drivers/STM32U5xx_HAL_Driver/Src/stm32u5xx_hal_dma.o
                0x08006410                HAL_DMA_GetState
 .text.HAL_DMA_ConfigChannelAttributes
                0x0800642c       0x78 ./Drivers/STM32U5xx_HAL_Driver/Src/stm32u5xx_hal_dma.o
                0x0800642c                HAL_DMA_ConfigChannelAttributes
 .text.DMA_SetConfig
                0x080064a4       0x4a ./Drivers/STM32U5xx_HAL_Driver/Src/stm32u5xx_hal_dma.o
 *fill*         0x080064ee        0x2 
 .text.DMA_Init
                0x080064f0      0x500 ./Drivers/STM32U5xx_HAL_Driver/Src/stm32u5xx_hal_dma.o
 .text.HAL_DMA2D_Init
                0x080069f0       0xc2 ./Drivers/STM32U5xx_HAL_Driver/Src/stm32u5xx_hal_dma2d.o
                0x080069f0                HAL_DMA2D_Init
 *fill*         0x08006ab2        0x2 
 .text.HAL_DMA2D_ConfigLayer
                0x08006ab4      0x15c ./Drivers/STM32U5xx_HAL_Driver/Src/stm32u5xx_hal_dma2d.o
                0x08006ab4                HAL_DMA2D_ConfigLayer
 .text.HAL_DMAEx_List_Init
                0x08006c10      0x258 ./Drivers/STM32U5xx_HAL_Driver/Src/stm32u5xx_hal_dma_ex.o
                0x08006c10                HAL_DMAEx_List_Init
 .text.HAL_DMAEx_List_Start_IT
                0x08006e68      0x128 ./Drivers/STM32U5xx_HAL_Driver/Src/stm32u5xx_hal_dma_ex.o
                0x08006e68                HAL_DMAEx_List_Start_IT
 .text.HAL_DMAEx_List_BuildNode
                0x08006f90       0x2c ./Drivers/STM32U5xx_HAL_Driver/Src/stm32u5xx_hal_dma_ex.o
                0x08006f90                HAL_DMAEx_List_BuildNode
 .text.HAL_DMAEx_List_GetNodeConfig
                0x08006fbc       0x2c ./Drivers/STM32U5xx_HAL_Driver/Src/stm32u5xx_hal_dma_ex.o
                0x08006fbc                HAL_DMAEx_List_GetNodeConfig
 .text.HAL_DMAEx_List_InsertNode
                0x08006fe8      0x192 ./Drivers/STM32U5xx_HAL_Driver/Src/stm32u5xx_hal_dma_ex.o
                0x08006fe8                HAL_DMAEx_List_InsertNode
 .text.HAL_DMAEx_List_SetCircularMode
                0x0800717a       0xc0 ./Drivers/STM32U5xx_HAL_Driver/Src/stm32u5xx_hal_dma_ex.o
                0x0800717a                HAL_DMAEx_List_SetCircularMode
 *fill*         0x0800723a        0x2 
 .text.HAL_DMAEx_List_LinkQ
                0x0800723c      0x12c ./Drivers/STM32U5xx_HAL_Driver/Src/stm32u5xx_hal_dma_ex.o
                0x0800723c                HAL_DMAEx_List_LinkQ
 .text.HAL_DMAEx_ConfigTrigger
                0x08007368       0x6e ./Drivers/STM32U5xx_HAL_Driver/Src/stm32u5xx_hal_dma_ex.o
                0x08007368                HAL_DMAEx_ConfigTrigger
 .text.HAL_DMAEx_GetFifoLevel
                0x080073d6       0x1e ./Drivers/STM32U5xx_HAL_Driver/Src/stm32u5xx_hal_dma_ex.o
                0x080073d6                HAL_DMAEx_GetFifoLevel
 .text.DMA_List_Init
                0x080073f4      0x2b0 ./Drivers/STM32U5xx_HAL_Driver/Src/stm32u5xx_hal_dma_ex.o
 .text.DMA_List_BuildNode
                0x080076a4      0x2a4 ./Drivers/STM32U5xx_HAL_Driver/Src/stm32u5xx_hal_dma_ex.o
 .text.DMA_List_GetNodeConfig
                0x08007948      0x214 ./Drivers/STM32U5xx_HAL_Driver/Src/stm32u5xx_hal_dma_ex.o
 .text.DMA_List_CheckNodesBaseAddresses
                0x08007b5c       0x60 ./Drivers/STM32U5xx_HAL_Driver/Src/stm32u5xx_hal_dma_ex.o
 .text.DMA_List_CheckNodesTypes
                0x08007bbc       0x78 ./Drivers/STM32U5xx_HAL_Driver/Src/stm32u5xx_hal_dma_ex.o
 .text.DMA_List_GetCLLRNodeInfo
                0x08007c34       0x60 ./Drivers/STM32U5xx_HAL_Driver/Src/stm32u5xx_hal_dma_ex.o
 .text.DMA_List_FindNode
                0x08007c94      0x13e ./Drivers/STM32U5xx_HAL_Driver/Src/stm32u5xx_hal_dma_ex.o
 *fill*         0x08007dd2        0x2 
 .text.HAL_GPIO_Init
                0x08007dd4      0x3b0 ./Drivers/STM32U5xx_HAL_Driver/Src/stm32u5xx_hal_gpio.o
                0x08007dd4                HAL_GPIO_Init
 .text.HAL_GPIO_WritePin
                0x08008184       0x30 ./Drivers/STM32U5xx_HAL_Driver/Src/stm32u5xx_hal_gpio.o
                0x08008184                HAL_GPIO_WritePin
 .text.HAL_GPIO_TogglePin
                0x080081b4       0x34 ./Drivers/STM32U5xx_HAL_Driver/Src/stm32u5xx_hal_gpio.o
                0x080081b4                HAL_GPIO_TogglePin
 .text.HAL_GPIO_EXTI_IRQHandler
                0x080081e8       0x4c ./Drivers/STM32U5xx_HAL_Driver/Src/stm32u5xx_hal_gpio.o
                0x080081e8                HAL_GPIO_EXTI_IRQHandler
 .text.HAL_GPIO_EXTI_Rising_Callback
                0x08008234       0x16 ./Drivers/STM32U5xx_HAL_Driver/Src/stm32u5xx_hal_gpio.o
                0x08008234                HAL_GPIO_EXTI_Rising_Callback
 .text.HAL_GPIO_EXTI_Falling_Callback
                0x0800824a       0x16 ./Drivers/STM32U5xx_HAL_Driver/Src/stm32u5xx_hal_gpio.o
                0x0800824a                HAL_GPIO_EXTI_Falling_Callback
 .text.HAL_I2C_Init
                0x08008260      0x136 ./Drivers/STM32U5xx_HAL_Driver/Src/stm32u5xx_hal_i2c.o
                0x08008260                HAL_I2C_Init
 *fill*         0x08008396        0x2 
 .text.HAL_I2C_Master_Transmit
                0x08008398      0x1e8 ./Drivers/STM32U5xx_HAL_Driver/Src/stm32u5xx_hal_i2c.o
                0x08008398                HAL_I2C_Master_Transmit
 .text.HAL_I2C_EV_IRQHandler
                0x08008580       0x34 ./Drivers/STM32U5xx_HAL_Driver/Src/stm32u5xx_hal_i2c.o
                0x08008580                HAL_I2C_EV_IRQHandler
 .text.HAL_I2C_ER_IRQHandler
                0x080085b4       0xb6 ./Drivers/STM32U5xx_HAL_Driver/Src/stm32u5xx_hal_i2c.o
                0x080085b4                HAL_I2C_ER_IRQHandler
 .text.HAL_I2C_SlaveTxCpltCallback
                0x0800866a       0x14 ./Drivers/STM32U5xx_HAL_Driver/Src/stm32u5xx_hal_i2c.o
                0x0800866a                HAL_I2C_SlaveTxCpltCallback
 .text.HAL_I2C_SlaveRxCpltCallback
                0x0800867e       0x14 ./Drivers/STM32U5xx_HAL_Driver/Src/stm32u5xx_hal_i2c.o
                0x0800867e                HAL_I2C_SlaveRxCpltCallback
 .text.HAL_I2C_AddrCallback
                0x08008692       0x1c ./Drivers/STM32U5xx_HAL_Driver/Src/stm32u5xx_hal_i2c.o
                0x08008692                HAL_I2C_AddrCallback
 .text.HAL_I2C_ListenCpltCallback
                0x080086ae       0x14 ./Drivers/STM32U5xx_HAL_Driver/Src/stm32u5xx_hal_i2c.o
                0x080086ae                HAL_I2C_ListenCpltCallback
 .text.HAL_I2C_ErrorCallback
                0x080086c2       0x14 ./Drivers/STM32U5xx_HAL_Driver/Src/stm32u5xx_hal_i2c.o
                0x080086c2                HAL_I2C_ErrorCallback
 .text.HAL_I2C_AbortCpltCallback
                0x080086d6       0x14 ./Drivers/STM32U5xx_HAL_Driver/Src/stm32u5xx_hal_i2c.o
                0x080086d6                HAL_I2C_AbortCpltCallback
 .text.I2C_Slave_ISR_IT
                0x080086ea      0x1f2 ./Drivers/STM32U5xx_HAL_Driver/Src/stm32u5xx_hal_i2c.o
 .text.I2C_ITAddrCplt
                0x080088dc      0x108 ./Drivers/STM32U5xx_HAL_Driver/Src/stm32u5xx_hal_i2c.o
 .text.I2C_ITSlaveSeqCplt
                0x080089e4       0xb8 ./Drivers/STM32U5xx_HAL_Driver/Src/stm32u5xx_hal_i2c.o
 .text.I2C_ITSlaveCplt
                0x08008a9c      0x2ec ./Drivers/STM32U5xx_HAL_Driver/Src/stm32u5xx_hal_i2c.o
 .text.I2C_ITListenCplt
                0x08008d88       0xa8 ./Drivers/STM32U5xx_HAL_Driver/Src/stm32u5xx_hal_i2c.o
 .text.I2C_ITError
                0x08008e30      0x1e0 ./Drivers/STM32U5xx_HAL_Driver/Src/stm32u5xx_hal_i2c.o
 .text.I2C_TreatErrorCallback
                0x08009010       0x4e ./Drivers/STM32U5xx_HAL_Driver/Src/stm32u5xx_hal_i2c.o
 .text.I2C_Flush_TXDR
                0x0800905e       0x48 ./Drivers/STM32U5xx_HAL_Driver/Src/stm32u5xx_hal_i2c.o
 .text.I2C_DMAAbort
                0x080090a6       0x3c ./Drivers/STM32U5xx_HAL_Driver/Src/stm32u5xx_hal_i2c.o
 .text.I2C_WaitOnFlagUntilTimeout
                0x080090e2       0xb2 ./Drivers/STM32U5xx_HAL_Driver/Src/stm32u5xx_hal_i2c.o
 .text.I2C_WaitOnTXISFlagUntilTimeout
                0x08009194       0x8e ./Drivers/STM32U5xx_HAL_Driver/Src/stm32u5xx_hal_i2c.o
 .text.I2C_WaitOnSTOPFlagUntilTimeout
                0x08009222       0x86 ./Drivers/STM32U5xx_HAL_Driver/Src/stm32u5xx_hal_i2c.o
 .text.I2C_IsErrorOccurred
                0x080092a8      0x1c0 ./Drivers/STM32U5xx_HAL_Driver/Src/stm32u5xx_hal_i2c.o
 .text.I2C_TransferConfig
                0x08009468       0x64 ./Drivers/STM32U5xx_HAL_Driver/Src/stm32u5xx_hal_i2c.o
 .text.I2C_Disable_IRQ
                0x080094cc       0xbc ./Drivers/STM32U5xx_HAL_Driver/Src/stm32u5xx_hal_i2c.o
 .text.HAL_I2CEx_ConfigAnalogFilter
                0x08009588       0x96 ./Drivers/STM32U5xx_HAL_Driver/Src/stm32u5xx_hal_i2c_ex.o
                0x08009588                HAL_I2CEx_ConfigAnalogFilter
 .text.HAL_I2CEx_ConfigDigitalFilter
                0x0800961e       0x98 ./Drivers/STM32U5xx_HAL_Driver/Src/stm32u5xx_hal_i2c_ex.o
                0x0800961e                HAL_I2CEx_ConfigDigitalFilter
 *fill*         0x080096b6        0x2 
 .text.HAL_ICACHE_ConfigAssociativityMode
                0x080096b8       0x40 ./Drivers/STM32U5xx_HAL_Driver/Src/stm32u5xx_hal_icache.o
                0x080096b8                HAL_ICACHE_ConfigAssociativityMode
 .text.HAL_ICACHE_Enable
                0x080096f8       0x20 ./Drivers/STM32U5xx_HAL_Driver/Src/stm32u5xx_hal_icache.o
                0x080096f8                HAL_ICACHE_Enable
 .text.HAL_LTDC_Init
                0x08009718      0x1a0 ./Drivers/STM32U5xx_HAL_Driver/Src/stm32u5xx_hal_ltdc.o
                0x08009718                HAL_LTDC_Init
 .text.HAL_LTDC_IRQHandler
                0x080098b8      0x148 ./Drivers/STM32U5xx_HAL_Driver/Src/stm32u5xx_hal_ltdc.o
                0x080098b8                HAL_LTDC_IRQHandler
 .text.HAL_LTDC_ErrorCallback
                0x08009a00       0x14 ./Drivers/STM32U5xx_HAL_Driver/Src/stm32u5xx_hal_ltdc.o
                0x08009a00                HAL_LTDC_ErrorCallback
 .text.HAL_LTDC_LineEventCallback
                0x08009a14       0x14 ./Drivers/STM32U5xx_HAL_Driver/Src/stm32u5xx_hal_ltdc.o
                0x08009a14                HAL_LTDC_LineEventCallback
 .text.HAL_LTDC_ReloadEventCallback
                0x08009a28       0x14 ./Drivers/STM32U5xx_HAL_Driver/Src/stm32u5xx_hal_ltdc.o
                0x08009a28                HAL_LTDC_ReloadEventCallback
 .text.HAL_LTDC_ConfigLayer
                0x08009a3c       0x7c ./Drivers/STM32U5xx_HAL_Driver/Src/stm32u5xx_hal_ltdc.o
                0x08009a3c                HAL_LTDC_ConfigLayer
 .text.LTDC_SetConfig
                0x08009ab8      0x2e6 ./Drivers/STM32U5xx_HAL_Driver/Src/stm32u5xx_hal_ltdc.o
 .text.HAL_PCD_Init
                0x08009d9e      0x218 ./Drivers/STM32U5xx_HAL_Driver/Src/stm32u5xx_hal_pcd.o
                0x08009d9e                HAL_PCD_Init
 .text.HAL_PCDEx_ActivateLPM
                0x08009fb6       0x48 ./Drivers/STM32U5xx_HAL_Driver/Src/stm32u5xx_hal_pcd_ex.o
                0x08009fb6                HAL_PCDEx_ActivateLPM
 *fill*         0x08009ffe        0x2 
 .text.HAL_PWR_EnableBkUpAccess
                0x0800a000       0x20 ./Drivers/STM32U5xx_HAL_Driver/Src/stm32u5xx_hal_pwr.o
                0x0800a000                HAL_PWR_EnableBkUpAccess
 .text.HAL_PWREx_ControlVoltageScaling
                0x0800a020       0xfc ./Drivers/STM32U5xx_HAL_Driver/Src/stm32u5xx_hal_pwr_ex.o
                0x0800a020                HAL_PWREx_ControlVoltageScaling
 .text.HAL_PWREx_GetVoltageRange
                0x0800a11c       0x1c ./Drivers/STM32U5xx_HAL_Driver/Src/stm32u5xx_hal_pwr_ex.o
                0x0800a11c                HAL_PWREx_GetVoltageRange
 .text.HAL_PWREx_ConfigSupply
                0x0800a138       0xa0 ./Drivers/STM32U5xx_HAL_Driver/Src/stm32u5xx_hal_pwr_ex.o
                0x0800a138                HAL_PWREx_ConfigSupply
 .text.HAL_PWREx_EnableVddUSB
                0x0800a1d8       0x20 ./Drivers/STM32U5xx_HAL_Driver/Src/stm32u5xx_hal_pwr_ex.o
                0x0800a1d8                HAL_PWREx_EnableVddUSB
 .text.HAL_PWREx_EnableVddIO2
                0x0800a1f8       0x20 ./Drivers/STM32U5xx_HAL_Driver/Src/stm32u5xx_hal_pwr_ex.o
                0x0800a1f8                HAL_PWREx_EnableVddIO2
 .text.HAL_PWREx_EnableVddA
                0x0800a218       0x20 ./Drivers/STM32U5xx_HAL_Driver/Src/stm32u5xx_hal_pwr_ex.o
                0x0800a218                HAL_PWREx_EnableVddA
 .text.HAL_PWREx_EnableUSBHSTranceiverSupply
                0x0800a238       0x3c ./Drivers/STM32U5xx_HAL_Driver/Src/stm32u5xx_hal_pwr_ex.o
                0x0800a238                HAL_PWREx_EnableUSBHSTranceiverSupply
 .text.HAL_RCC_OscConfig
                0x0800a274      0xdb8 ./Drivers/STM32U5xx_HAL_Driver/Src/stm32u5xx_hal_rcc.o
                0x0800a274                HAL_RCC_OscConfig
 .text.HAL_RCC_ClockConfig
                0x0800b02c      0x3e4 ./Drivers/STM32U5xx_HAL_Driver/Src/stm32u5xx_hal_rcc.o
                0x0800b02c                HAL_RCC_ClockConfig
 .text.HAL_RCC_GetSysClockFreq
                0x0800b410      0x204 ./Drivers/STM32U5xx_HAL_Driver/Src/stm32u5xx_hal_rcc.o
                0x0800b410                HAL_RCC_GetSysClockFreq
 .text.HAL_RCC_GetHCLKFreq
                0x0800b614       0x34 ./Drivers/STM32U5xx_HAL_Driver/Src/stm32u5xx_hal_rcc.o
                0x0800b614                HAL_RCC_GetHCLKFreq
 .text.HAL_RCC_GetPCLK1Freq
                0x0800b648       0x28 ./Drivers/STM32U5xx_HAL_Driver/Src/stm32u5xx_hal_rcc.o
                0x0800b648                HAL_RCC_GetPCLK1Freq
 .text.HAL_RCC_GetPCLK2Freq
                0x0800b670       0x28 ./Drivers/STM32U5xx_HAL_Driver/Src/stm32u5xx_hal_rcc.o
                0x0800b670                HAL_RCC_GetPCLK2Freq
 .text.HAL_RCC_GetPCLK3Freq
                0x0800b698       0x28 ./Drivers/STM32U5xx_HAL_Driver/Src/stm32u5xx_hal_rcc.o
                0x0800b698                HAL_RCC_GetPCLK3Freq
 .text.RCC_SetFlashLatencyFromMSIRange
                0x0800b6c0      0x10c ./Drivers/STM32U5xx_HAL_Driver/Src/stm32u5xx_hal_rcc.o
 .text.HAL_RCCEx_PeriphCLKConfig
                0x0800b7cc      0xe70 ./Drivers/STM32U5xx_HAL_Driver/Src/stm32u5xx_hal_rcc_ex.o
                0x0800b7cc                HAL_RCCEx_PeriphCLKConfig
 .text.HAL_RCCEx_GetPLL1ClockFreq
                0x0800c63c      0x2b4 ./Drivers/STM32U5xx_HAL_Driver/Src/stm32u5xx_hal_rcc_ex.o
                0x0800c63c                HAL_RCCEx_GetPLL1ClockFreq
 .text.HAL_RCCEx_GetPLL2ClockFreq
                0x0800c8f0      0x2b4 ./Drivers/STM32U5xx_HAL_Driver/Src/stm32u5xx_hal_rcc_ex.o
                0x0800c8f0                HAL_RCCEx_GetPLL2ClockFreq
 .text.HAL_RCCEx_GetPLL3ClockFreq
                0x0800cba4      0x2b4 ./Drivers/STM32U5xx_HAL_Driver/Src/stm32u5xx_hal_rcc_ex.o
                0x0800cba4                HAL_RCCEx_GetPLL3ClockFreq
 .text.HAL_RCCEx_GetPeriphCLKFreq
                0x0800ce58     0x170c ./Drivers/STM32U5xx_HAL_Driver/Src/stm32u5xx_hal_rcc_ex.o
                0x0800ce58                HAL_RCCEx_GetPeriphCLKFreq
 .text.RCCEx_PLL2_Config
                0x0800e564      0x130 ./Drivers/STM32U5xx_HAL_Driver/Src/stm32u5xx_hal_rcc_ex.o
 .text.RCCEx_PLL3_Config
                0x0800e694      0x130 ./Drivers/STM32U5xx_HAL_Driver/Src/stm32u5xx_hal_rcc_ex.o
 .text.HAL_RTC_Init
                0x0800e7c4      0x104 ./Drivers/STM32U5xx_HAL_Driver/Src/stm32u5xx_hal_rtc.o
                0x0800e7c4                HAL_RTC_Init
 .text.HAL_RTC_WaitForSynchro
                0x0800e8c8       0x64 ./Drivers/STM32U5xx_HAL_Driver/Src/stm32u5xx_hal_rtc.o
                0x0800e8c8                HAL_RTC_WaitForSynchro
 .text.RTC_EnterInitMode
                0x0800e92c       0x78 ./Drivers/STM32U5xx_HAL_Driver/Src/stm32u5xx_hal_rtc.o
                0x0800e92c                RTC_EnterInitMode
 .text.RTC_ExitInitMode
                0x0800e9a4       0x7c ./Drivers/STM32U5xx_HAL_Driver/Src/stm32u5xx_hal_rtc.o
                0x0800e9a4                RTC_ExitInitMode
 .text.HAL_RTCEx_PrivilegeModeSet
                0x0800ea20       0x5c ./Drivers/STM32U5xx_HAL_Driver/Src/stm32u5xx_hal_rtc_ex.o
                0x0800ea20                HAL_RTCEx_PrivilegeModeSet
 .text.HAL_SAI_InitProtocol
                0x0800ea7c       0x62 ./Drivers/STM32U5xx_HAL_Driver/Src/stm32u5xx_hal_sai.o
                0x0800ea7c                HAL_SAI_InitProtocol
 *fill*         0x0800eade        0x2 
 .text.HAL_SAI_Init
                0x0800eae0      0x3c8 ./Drivers/STM32U5xx_HAL_Driver/Src/stm32u5xx_hal_sai.o
                0x0800eae0                HAL_SAI_Init
 .text.HAL_SAI_Transmit_DMA
                0x0800eea8      0x204 ./Drivers/STM32U5xx_HAL_Driver/Src/stm32u5xx_hal_sai.o
                0x0800eea8                HAL_SAI_Transmit_DMA
 .text.HAL_SAI_Receive_DMA
                0x0800f0ac      0x1c0 ./Drivers/STM32U5xx_HAL_Driver/Src/stm32u5xx_hal_sai.o
                0x0800f0ac                HAL_SAI_Receive_DMA
 .text.HAL_SAI_ErrorCallback
                0x0800f26c       0x14 ./Drivers/STM32U5xx_HAL_Driver/Src/stm32u5xx_hal_sai.o
                0x0800f26c                HAL_SAI_ErrorCallback
 .text.SAI_InitI2S
                0x0800f280      0x164 ./Drivers/STM32U5xx_HAL_Driver/Src/stm32u5xx_hal_sai.o
 .text.SAI_InitPCM
                0x0800f3e4      0x104 ./Drivers/STM32U5xx_HAL_Driver/Src/stm32u5xx_hal_sai.o
 .text.SAI_InterruptFlag
                0x0800f4e8       0x6e ./Drivers/STM32U5xx_HAL_Driver/Src/stm32u5xx_hal_sai.o
 *fill*         0x0800f556        0x2 
 .text.SAI_Disable
                0x0800f558       0x74 ./Drivers/STM32U5xx_HAL_Driver/Src/stm32u5xx_hal_sai.o
 .text.SAI_DMATxCplt
                0x0800f5cc       0x5e ./Drivers/STM32U5xx_HAL_Driver/Src/stm32u5xx_hal_sai.o
 .text.SAI_DMATxHalfCplt
                0x0800f62a       0x1c ./Drivers/STM32U5xx_HAL_Driver/Src/stm32u5xx_hal_sai.o
 .text.SAI_DMARxCplt
                0x0800f646       0x5e ./Drivers/STM32U5xx_HAL_Driver/Src/stm32u5xx_hal_sai.o
 .text.SAI_DMARxHalfCplt
                0x0800f6a4       0x1c ./Drivers/STM32U5xx_HAL_Driver/Src/stm32u5xx_hal_sai.o
 .text.SAI_DMAError
                0x0800f6c0       0x52 ./Drivers/STM32U5xx_HAL_Driver/Src/stm32u5xx_hal_sai.o
 .text.HAL_TIM_Base_Init
                0x0800f712       0xae ./Drivers/STM32U5xx_HAL_Driver/Src/stm32u5xx_hal_tim.o
                0x0800f712                HAL_TIM_Base_Init
 .text.HAL_TIM_Base_Start
                0x0800f7c0      0x130 ./Drivers/STM32U5xx_HAL_Driver/Src/stm32u5xx_hal_tim.o
                0x0800f7c0                HAL_TIM_Base_Start
 .text.HAL_TIM_PWM_Init
                0x0800f8f0       0xae ./Drivers/STM32U5xx_HAL_Driver/Src/stm32u5xx_hal_tim.o
                0x0800f8f0                HAL_TIM_PWM_Init
 *fill*         0x0800f99e        0x2 
 .text.HAL_TIM_PWM_ConfigChannel
                0x0800f9a0      0x228 ./Drivers/STM32U5xx_HAL_Driver/Src/stm32u5xx_hal_tim.o
                0x0800f9a0                HAL_TIM_PWM_ConfigChannel
 .text.HAL_TIM_ConfigClockSource
                0x0800fbc8      0x204 ./Drivers/STM32U5xx_HAL_Driver/Src/stm32u5xx_hal_tim.o
                0x0800fbc8                HAL_TIM_ConfigClockSource
 .text.TIM_Base_SetConfig
                0x0800fdcc      0x20c ./Drivers/STM32U5xx_HAL_Driver/Src/stm32u5xx_hal_tim.o
                0x0800fdcc                TIM_Base_SetConfig
 .text.TIM_OC1_SetConfig
                0x0800ffd8      0x184 ./Drivers/STM32U5xx_HAL_Driver/Src/stm32u5xx_hal_tim.o
 .text.TIM_OC2_SetConfig
                0x0801015c      0x160 ./Drivers/STM32U5xx_HAL_Driver/Src/stm32u5xx_hal_tim.o
                0x0801015c                TIM_OC2_SetConfig
 .text.TIM_OC3_SetConfig
                0x080102bc      0x15c ./Drivers/STM32U5xx_HAL_Driver/Src/stm32u5xx_hal_tim.o
 .text.TIM_OC4_SetConfig
                0x08010418      0x160 ./Drivers/STM32U5xx_HAL_Driver/Src/stm32u5xx_hal_tim.o
 .text.TIM_OC5_SetConfig
                0x08010578      0x104 ./Drivers/STM32U5xx_HAL_Driver/Src/stm32u5xx_hal_tim.o
 .text.TIM_OC6_SetConfig
                0x0801067c      0x108 ./Drivers/STM32U5xx_HAL_Driver/Src/stm32u5xx_hal_tim.o
 .text.TIM_TI1_ConfigInputStage
                0x08010784       0x5e ./Drivers/STM32U5xx_HAL_Driver/Src/stm32u5xx_hal_tim.o
 .text.TIM_TI2_ConfigInputStage
                0x080107e2       0x60 ./Drivers/STM32U5xx_HAL_Driver/Src/stm32u5xx_hal_tim.o
 .text.TIM_ITRx_SetConfig
                0x08010842       0x3a ./Drivers/STM32U5xx_HAL_Driver/Src/stm32u5xx_hal_tim.o
 .text.TIM_ETR_SetConfig
                0x0801087c       0x40 ./Drivers/STM32U5xx_HAL_Driver/Src/stm32u5xx_hal_tim.o
                0x0801087c                TIM_ETR_SetConfig
 .text.HAL_TIMEx_MasterConfigSynchronization
                0x080108bc      0x184 ./Drivers/STM32U5xx_HAL_Driver/Src/stm32u5xx_hal_tim_ex.o
                0x080108bc                HAL_TIMEx_MasterConfigSynchronization
 .text.HAL_UART_Init
                0x08010a40       0xa0 ./Drivers/STM32U5xx_HAL_Driver/Src/stm32u5xx_hal_uart.o
                0x08010a40                HAL_UART_Init
 .text.HAL_UART_IRQHandler
                0x08010ae0      0x618 ./Drivers/STM32U5xx_HAL_Driver/Src/stm32u5xx_hal_uart.o
                0x08010ae0                HAL_UART_IRQHandler
 .text.HAL_UART_TxCpltCallback
                0x080110f8       0x14 ./Drivers/STM32U5xx_HAL_Driver/Src/stm32u5xx_hal_uart.o
                0x080110f8                HAL_UART_TxCpltCallback
 .text.HAL_UART_ErrorCallback
                0x0801110c       0x14 ./Drivers/STM32U5xx_HAL_Driver/Src/stm32u5xx_hal_uart.o
                0x0801110c                HAL_UART_ErrorCallback
 .text.HAL_UARTEx_RxEventCallback
                0x08011120       0x18 ./Drivers/STM32U5xx_HAL_Driver/Src/stm32u5xx_hal_uart.o
                0x08011120                HAL_UARTEx_RxEventCallback
 .text.UART_SetConfig
                0x08011138      0x35c ./Drivers/STM32U5xx_HAL_Driver/Src/stm32u5xx_hal_uart.o
                0x08011138                UART_SetConfig
 .text.UART_AdvFeatureConfig
                0x08011494      0x144 ./Drivers/STM32U5xx_HAL_Driver/Src/stm32u5xx_hal_uart.o
                0x08011494                UART_AdvFeatureConfig
 .text.UART_CheckIdleState
                0x080115d8      0x154 ./Drivers/STM32U5xx_HAL_Driver/Src/stm32u5xx_hal_uart.o
                0x080115d8                UART_CheckIdleState
 .text.UART_WaitOnFlagUntilTimeout
                0x0801172c       0xda ./Drivers/STM32U5xx_HAL_Driver/Src/stm32u5xx_hal_uart.o
                0x0801172c                UART_WaitOnFlagUntilTimeout
 .text.UART_EndRxTransfer
                0x08011806       0xcc ./Drivers/STM32U5xx_HAL_Driver/Src/stm32u5xx_hal_uart.o
 .text.UART_DMAAbortOnError
                0x080118d2       0x2c ./Drivers/STM32U5xx_HAL_Driver/Src/stm32u5xx_hal_uart.o
 .text.UART_EndTransmit_IT
                0x080118fe       0x56 ./Drivers/STM32U5xx_HAL_Driver/Src/stm32u5xx_hal_uart.o
 .text.HAL_UARTEx_RxFifoFullCallback
                0x08011954       0x14 ./Drivers/STM32U5xx_HAL_Driver/Src/stm32u5xx_hal_uart_ex.o
                0x08011954                HAL_UARTEx_RxFifoFullCallback
 .text.HAL_UARTEx_TxFifoEmptyCallback
                0x08011968       0x14 ./Drivers/STM32U5xx_HAL_Driver/Src/stm32u5xx_hal_uart_ex.o
                0x08011968                HAL_UARTEx_TxFifoEmptyCallback
 .text.HAL_UARTEx_DisableFifoMode
                0x0801197c       0x72 ./Drivers/STM32U5xx_HAL_Driver/Src/stm32u5xx_hal_uart_ex.o
                0x0801197c                HAL_UARTEx_DisableFifoMode
 .text.HAL_UARTEx_SetTxFifoThreshold
                0x080119ee       0x7c ./Drivers/STM32U5xx_HAL_Driver/Src/stm32u5xx_hal_uart_ex.o
                0x080119ee                HAL_UARTEx_SetTxFifoThreshold
 .text.HAL_UARTEx_SetRxFifoThreshold
                0x08011a6a       0x7c ./Drivers/STM32U5xx_HAL_Driver/Src/stm32u5xx_hal_uart_ex.o
                0x08011a6a                HAL_UARTEx_SetRxFifoThreshold
 *fill*         0x08011ae6        0x2 
 .text.UARTEx_SetNbDataToProcess
                0x08011ae8       0x9c ./Drivers/STM32U5xx_HAL_Driver/Src/stm32u5xx_hal_uart_ex.o
 .text.HAL_XSPI_Init
                0x08011b84      0x298 ./Drivers/STM32U5xx_HAL_Driver/Src/stm32u5xx_hal_xspi.o
                0x08011b84                HAL_XSPI_Init
 .text.HAL_XSPI_SetTimeout
                0x08011e1c       0x1e ./Drivers/STM32U5xx_HAL_Driver/Src/stm32u5xx_hal_xspi.o
                0x08011e1c                HAL_XSPI_SetTimeout
 .text.XSPI_WaitFlagStateUntilTimeout
                0x08011e3a       0x6e ./Drivers/STM32U5xx_HAL_Driver/Src/stm32u5xx_hal_xspi.o
 .text.USB_CoreInit
                0x08011ea8       0x5e ./Drivers/STM32U5xx_HAL_Driver/Src/stm32u5xx_ll_usb.o
                0x08011ea8                USB_CoreInit
 .text.USB_DisableGlobalInt
                0x08011f06       0x22 ./Drivers/STM32U5xx_HAL_Driver/Src/stm32u5xx_ll_usb.o
                0x08011f06                USB_DisableGlobalInt
 .text.USB_SetCurrentMode
                0x08011f28       0x98 ./Drivers/STM32U5xx_HAL_Driver/Src/stm32u5xx_ll_usb.o
                0x08011f28                USB_SetCurrentMode
 .text.USB_DevInit
                0x08011fc0      0x2e0 ./Drivers/STM32U5xx_HAL_Driver/Src/stm32u5xx_ll_usb.o
                0x08011fc0                USB_DevInit
 .text.USB_FlushTxFifo
                0x080122a0       0x64 ./Drivers/STM32U5xx_HAL_Driver/Src/stm32u5xx_ll_usb.o
                0x080122a0                USB_FlushTxFifo
 .text.USB_FlushRxFifo
                0x08012304       0x5c ./Drivers/STM32U5xx_HAL_Driver/Src/stm32u5xx_ll_usb.o
                0x08012304                USB_FlushRxFifo
 .text.USB_SetDevSpeed
                0x08012360       0x32 ./Drivers/STM32U5xx_HAL_Driver/Src/stm32u5xx_ll_usb.o
                0x08012360                USB_SetDevSpeed
 .text.USB_DevDisconnect
                0x08012392       0x42 ./Drivers/STM32U5xx_HAL_Driver/Src/stm32u5xx_ll_usb.o
                0x08012392                USB_DevDisconnect
 .text.USB_GetMode
                0x080123d4       0x1c ./Drivers/STM32U5xx_HAL_Driver/Src/stm32u5xx_ll_usb.o
                0x080123d4                USB_GetMode
 .text.USB_CoreReset
                0x080123f0       0x62 ./Drivers/STM32U5xx_HAL_Driver/Src/stm32u5xx_ll_usb.o
 .text.memset   0x08012452       0x10 C:/ST/STM32CubeIDE_1.13.1/STM32CubeIDE/plugins/com.st.stm32cube.ide.mcu.externaltools.gnu-tools-for-stm32.12.3.rel1.win32_1.0.200.202406191623/tools/bin/../lib/gcc/arm-none-eabi/12.3.1/../../../../arm-none-eabi/lib/thumb/v8-m.main+fp/hard\libc_nano.a(libc_a-memset.o)
                0x08012452                memset
 *fill*         0x08012462        0x2 
 .text.__libc_init_array
                0x08012464       0x48 C:/ST/STM32CubeIDE_1.13.1/STM32CubeIDE/plugins/com.st.stm32cube.ide.mcu.externaltools.gnu-tools-for-stm32.12.3.rel1.win32_1.0.200.202406191623/tools/bin/../lib/gcc/arm-none-eabi/12.3.1/../../../../arm-none-eabi/lib/thumb/v8-m.main+fp/hard\libc_nano.a(libc_a-init.o)
                0x08012464                __libc_init_array
 *(.glue_7)
 .glue_7        0x080124ac        0x0 linker stubs
 *(.glue_7t)
 .glue_7t       0x080124ac        0x0 linker stubs
 *(.eh_frame)
 .eh_frame      0x080124ac        0x0 C:/ST/STM32CubeIDE_1.13.1/STM32CubeIDE/plugins/com.st.stm32cube.ide.mcu.externaltools.gnu-tools-for-stm32.12.3.rel1.win32_1.0.200.202406191623/tools/bin/../lib/gcc/arm-none-eabi/12.3.1/thumb/v8-m.main+fp/hard/crtbegin.o
 *(.init)
 .init          0x080124ac        0x4 C:/ST/STM32CubeIDE_1.13.1/STM32CubeIDE/plugins/com.st.stm32cube.ide.mcu.externaltools.gnu-tools-for-stm32.12.3.rel1.win32_1.0.200.202406191623/tools/bin/../lib/gcc/arm-none-eabi/12.3.1/thumb/v8-m.main+fp/hard/crti.o
                0x080124ac                _init
 .init          0x080124b0        0x8 C:/ST/STM32CubeIDE_1.13.1/STM32CubeIDE/plugins/com.st.stm32cube.ide.mcu.externaltools.gnu-tools-for-stm32.12.3.rel1.win32_1.0.200.202406191623/tools/bin/../lib/gcc/arm-none-eabi/12.3.1/thumb/v8-m.main+fp/hard/crtn.o
 *(.fini)
 .fini          0x080124b8        0x4 C:/ST/STM32CubeIDE_1.13.1/STM32CubeIDE/plugins/com.st.stm32cube.ide.mcu.externaltools.gnu-tools-for-stm32.12.3.rel1.win32_1.0.200.202406191623/tools/bin/../lib/gcc/arm-none-eabi/12.3.1/thumb/v8-m.main+fp/hard/crti.o
                0x080124b8                _fini
 .fini          0x080124bc        0x8 C:/ST/STM32CubeIDE_1.13.1/STM32CubeIDE/plugins/com.st.stm32cube.ide.mcu.externaltools.gnu-tools-for-stm32.12.3.rel1.win32_1.0.200.202406191623/tools/bin/../lib/gcc/arm-none-eabi/12.3.1/thumb/v8-m.main+fp/hard/crtn.o
                0x080124c4                        . = ALIGN (0x4)
                0x080124c4                        _etext = .

.vfp11_veneer   0x080124c4        0x0
 .vfp11_veneer  0x080124c4        0x0 linker stubs

.v4_bx          0x080124c4        0x0
 .v4_bx         0x080124c4        0x0 linker stubs

.iplt           0x080124c4        0x0
 .iplt          0x080124c4        0x0 C:/ST/STM32CubeIDE_1.13.1/STM32CubeIDE/plugins/com.st.stm32cube.ide.mcu.externaltools.gnu-tools-for-stm32.12.3.rel1.win32_1.0.200.202406191623/tools/bin/../lib/gcc/arm-none-eabi/12.3.1/thumb/v8-m.main+fp/hard/crtbegin.o

.rodata         0x080124c4      0x100
                0x080124c4                        . = ALIGN (0x4)
 *(.rodata)
 *(.rodata*)
 .rodata.AHBPrescTable
                0x080124c4       0x10 ./Core/Src/system_stm32u5xx.o
                0x080124c4                AHBPrescTable
 .rodata.APBPrescTable
                0x080124d4        0x8 ./Core/Src/system_stm32u5xx.o
                0x080124d4                APBPrescTable
 .rodata.MSIRangeTable
                0x080124dc       0x40 ./Core/Src/system_stm32u5xx.o
                0x080124dc                MSIRangeTable
 .rodata.LPGPIO_Map
                0x0801251c       0x80 ./Drivers/STM32U5xx_HAL_Driver/Src/stm32u5xx_hal_gpio.o
 .rodata.UARTPrescTable
                0x0801259c       0x18 ./Drivers/STM32U5xx_HAL_Driver/Src/stm32u5xx_hal_uart.o
                0x0801259c                UARTPrescTable
 .rodata.numerator.1
                0x080125b4        0x8 ./Drivers/STM32U5xx_HAL_Driver/Src/stm32u5xx_hal_uart_ex.o
 .rodata.denominator.0
                0x080125bc        0x8 ./Drivers/STM32U5xx_HAL_Driver/Src/stm32u5xx_hal_uart_ex.o
                0x080125c4                        . = ALIGN (0x4)

.ARM.extab      0x080125c4        0x0
                0x080125c4                        . = ALIGN (0x4)
 *(.ARM.extab* .gnu.linkonce.armextab.*)
                0x080125c4                        . = ALIGN (0x4)

.ARM            0x080125c4        0x8
                0x080125c4                        . = ALIGN (0x4)
                0x080125c4                        __exidx_start = .
 *(.ARM.exidx*)
 .ARM.exidx     0x080125c4        0x8 C:/ST/STM32CubeIDE_1.13.1/STM32CubeIDE/plugins/com.st.stm32cube.ide.mcu.externaltools.gnu-tools-for-stm32.12.3.rel1.win32_1.0.200.202406191623/tools/bin/../lib/gcc/arm-none-eabi/12.3.1/thumb/v8-m.main+fp/hard\libgcc.a(_udivmoddi4.o)
                0x080125cc                        __exidx_end = .
                0x080125cc                        . = ALIGN (0x4)

.preinit_array  0x080125cc        0x0
                0x080125cc                        . = ALIGN (0x4)
                0x080125cc                        PROVIDE (__preinit_array_start = .)
 *(.preinit_array*)
                0x080125cc                        PROVIDE (__preinit_array_end = .)
                0x080125cc                        . = ALIGN (0x4)

.init_array     0x080125cc        0x4
                0x080125cc                        . = ALIGN (0x4)
                0x080125cc                        PROVIDE (__init_array_start = .)
 *(SORT_BY_NAME(.init_array.*))
 *(.init_array*)
 .init_array    0x080125cc        0x4 C:/ST/STM32CubeIDE_1.13.1/STM32CubeIDE/plugins/com.st.stm32cube.ide.mcu.externaltools.gnu-tools-for-stm32.12.3.rel1.win32_1.0.200.202406191623/tools/bin/../lib/gcc/arm-none-eabi/12.3.1/thumb/v8-m.main+fp/hard/crtbegin.o
                0x080125d0                        PROVIDE (__init_array_end = .)
                0x080125d0                        . = ALIGN (0x4)

.fini_array     0x080125d0        0x4
                0x080125d0                        . = ALIGN (0x4)
                [!provide]                        PROVIDE (__fini_array_start = .)
 *(SORT_BY_NAME(.fini_array.*))
 *(.fini_array*)
 .fini_array    0x080125d0        0x4 C:/ST/STM32CubeIDE_1.13.1/STM32CubeIDE/plugins/com.st.stm32cube.ide.mcu.externaltools.gnu-tools-for-stm32.12.3.rel1.win32_1.0.200.202406191623/tools/bin/../lib/gcc/arm-none-eabi/12.3.1/thumb/v8-m.main+fp/hard/crtbegin.o
                [!provide]                        PROVIDE (__fini_array_end = .)
                0x080125d4                        . = ALIGN (0x4)
                0x080125d4                        _sidata = LOADADDR (.data)

.rel.dyn        0x080125d4        0x0
 .rel.iplt      0x080125d4        0x0 C:/ST/STM32CubeIDE_1.13.1/STM32CubeIDE/plugins/com.st.stm32cube.ide.mcu.externaltools.gnu-tools-for-stm32.12.3.rel1.win32_1.0.200.202406191623/tools/bin/../lib/gcc/arm-none-eabi/12.3.1/thumb/v8-m.main+fp/hard/crtbegin.o

.data           0x20000000       0x34 load address 0x080125d4
                0x20000000                        . = ALIGN (0x4)
                0x20000000                        _sdata = .
 *(.data)
 *(.data*)
 .data.wet      0x20000000        0x4 ./Core/Src/main.o
                0x20000000                wet
 .data.time     0x20000004        0x4 ./Core/Src/main.o
                0x20000004                time
 .data.pcm6260Config
                0x20000008       0x1e ./Core/Src/main.o
 *fill*         0x20000026        0x2 
 .data.SystemCoreClock
                0x20000028        0x4 ./Core/Src/system_stm32u5xx.o
                0x20000028                SystemCoreClock
 .data.uwTickPrio
                0x2000002c        0x4 ./Drivers/STM32U5xx_HAL_Driver/Src/stm32u5xx_hal.o
                0x2000002c                uwTickPrio
 .data.uwTickFreq
                0x20000030        0x1 ./Drivers/STM32U5xx_HAL_Driver/Src/stm32u5xx_hal.o
                0x20000030                uwTickFreq
 *(.RamFunc)
 *(.RamFunc*)
                0x20000034                        . = ALIGN (0x4)
 *fill*         0x20000031        0x3 
                0x20000034                        _edata = .

.igot.plt       0x20000034        0x0 load address 0x08012608
 .igot.plt      0x20000034        0x0 C:/ST/STM32CubeIDE_1.13.1/STM32CubeIDE/plugins/com.st.stm32cube.ide.mcu.externaltools.gnu-tools-for-stm32.12.3.rel1.win32_1.0.200.202406191623/tools/bin/../lib/gcc/arm-none-eabi/12.3.1/thumb/v8-m.main+fp/hard/crtbegin.o
                0x20000034                        . = ALIGN (0x4)

.bss            0x20000034    0x378d0 load address 0x08012608
                0x20000034                        _sbss = .
                0x20000034                        __bss_start__ = _sbss
 *(.bss)
 .bss           0x20000034       0x1c C:/ST/STM32CubeIDE_1.13.1/STM32CubeIDE/plugins/com.st.stm32cube.ide.mcu.externaltools.gnu-tools-for-stm32.12.3.rel1.win32_1.0.200.202406191623/tools/bin/../lib/gcc/arm-none-eabi/12.3.1/thumb/v8-m.main+fp/hard/crtbegin.o
 *(.bss*)
 .bss.hadc1     0x20000050       0x8c ./Core/Src/main.o
                0x20000050                hadc1
 .bss.hadc4     0x200000dc       0x8c ./Core/Src/main.o
                0x200000dc                hadc4
 .bss.Node_GPDMA1_Channel0
                0x20000168       0x24 ./Core/Src/main.o
                0x20000168                Node_GPDMA1_Channel0
 .bss.List_GPDMA1_Channel0
                0x2000018c       0x18 ./Core/Src/main.o
                0x2000018c                List_GPDMA1_Channel0
 .bss.handle_GPDMA1_Channel0
                0x200001a4       0x78 ./Core/Src/main.o
                0x200001a4                handle_GPDMA1_Channel0
 .bss.handle_GPDMA1_Channel2
                0x2000021c       0x78 ./Core/Src/main.o
                0x2000021c                handle_GPDMA1_Channel2
 .bss.hdma2d    0x20000294       0x68 ./Core/Src/main.o
                0x20000294                hdma2d
 .bss.hxspi1    0x200002fc       0x60 ./Core/Src/main.o
                0x200002fc                hxspi1
 .bss.hi2c1     0x2000035c       0x54 ./Core/Src/main.o
                0x2000035c                hi2c1
 .bss.hi2c2     0x200003b0       0x54 ./Core/Src/main.o
                0x200003b0                hi2c2
 .bss.hltdc     0x20000404       0xa8 ./Core/Src/main.o
                0x20000404                hltdc
 .bss.hrtc      0x200004ac       0x30 ./Core/Src/main.o
                0x200004ac                hrtc
 .bss.hsai_BlockA2
                0x200004dc       0x98 ./Core/Src/main.o
                0x200004dc                hsai_BlockA2
 .bss.hsai_BlockB2
                0x20000574       0x98 ./Core/Src/main.o
                0x20000574                hsai_BlockB2
 .bss.Node_GPDMA1_Channel3
                0x2000060c       0x24 ./Core/Src/main.o
                0x2000060c                Node_GPDMA1_Channel3
 .bss.List_GPDMA1_Channel3
                0x20000630       0x18 ./Core/Src/main.o
                0x20000630                List_GPDMA1_Channel3
 .bss.handle_GPDMA1_Channel3
                0x20000648       0x78 ./Core/Src/main.o
                0x20000648                handle_GPDMA1_Channel3
 .bss.Node_GPDMA1_Channel1
                0x200006c0       0x24 ./Core/Src/main.o
                0x200006c0                Node_GPDMA1_Channel1
 .bss.List_GPDMA1_Channel1
                0x200006e4       0x18 ./Core/Src/main.o
                0x200006e4                List_GPDMA1_Channel1
 .bss.handle_GPDMA1_Channel1
                0x200006fc       0x78 ./Core/Src/main.o
                0x200006fc                handle_GPDMA1_Channel1
 .bss.htim3     0x20000774       0x4c ./Core/Src/main.o
                0x20000774                htim3
 .bss.htim15    0x200007c0       0x4c ./Core/Src/main.o
                0x200007c0                htim15
 .bss.huart1    0x2000080c       0x94 ./Core/Src/main.o
                0x2000080c                huart1
 .bss.hpcd_USB_OTG_HS
                0x200008a0      0x4e4 ./Core/Src/main.o
                0x200008a0                hpcd_USB_OTG_HS
 .bss.cf0_lim   0x20000d84        0x4 ./Core/Src/main.o
                0x20000d84                cf0_lim
 .bss.ap0_lim   0x20000d88        0x4 ./Core/Src/main.o
                0x20000d88                ap0_lim
 .bss.cfbuf0    0x20000d8c     0x6590 ./Core/Src/main.o
                0x20000d8c                cfbuf0
 .bss.apbuf0    0x2000731c      0xf00 ./Core/Src/main.o
                0x2000731c                apbuf0
 .bss.ap0_p     0x2000821c        0x4 ./Core/Src/main.o
                0x2000821c                ap0_p
 .bss.delayChannel
                0x20008220    0x2bbf0 ./Core/Src/main.o
                0x20008220                delayChannel
 .bss.adcGroup1
                0x20033e10       0x1a ./Core/Src/main.o
                0x20033e10                adcGroup1
 *fill*         0x20033e2a        0x2 
 .bss.adcGroup4
                0x20033e2c        0x4 ./Core/Src/main.o
                0x20033e2c                adcGroup4
 .bss.pcmData   0x20033e30     0x2000 ./Core/Src/main.o
                0x20033e30                pcmData
 .bss.dacDataBuffer
                0x20035e30      0x800 ./Core/Src/main.o
                0x20035e30                dacDataBuffer
 .bss.channels  0x20036630     0x12c0 ./Core/Src/main.o
                0x20036630                channels
 .bss.adcReady  0x200378f0        0x1 ./Core/Src/main.o
 .bss.dacReady  0x200378f1        0x1 ./Core/Src/main.o
 *fill*         0x200378f2        0x2 
 .bss.adcData   0x200378f4        0x4 ./Core/Src/main.o
 .bss.dacData   0x200378f8        0x4 ./Core/Src/main.o
 .bss.SAI2_client
                0x200378fc        0x4 ./Core/Src/stm32u5xx_hal_msp.o
 .bss.uwTick    0x20037900        0x4 ./Drivers/STM32U5xx_HAL_Driver/Src/stm32u5xx_hal.o
                0x20037900                uwTick
 *(COMMON)
                0x20037904                        . = ALIGN (0x4)
                0x20037904                        _ebss = .
                0x20037904                        __bss_end__ = _ebss

._user_heap_stack
                0x20037904      0xc04 load address 0x08012608
                0x20037908                        . = ALIGN (0x8)
 *fill*         0x20037904        0x4 
                [!provide]                        PROVIDE (end = .)
                0x20037908                        PROVIDE (_end = .)
                0x20037d08                        . = (. + _Min_Heap_Size)
 *fill*         0x20037908      0x400 
                0x20038508                        . = (. + _Min_Stack_Size)
 *fill*         0x20037d08      0x800 
                0x20038508                        . = ALIGN (0x8)

/DISCARD/
 libc.a(*)
 libm.a(*)
 libgcc.a(*)

.ARM.attributes
                0x00000000       0x36
 *(.ARM.attributes)
 .ARM.attributes
                0x00000000       0x26 C:/ST/STM32CubeIDE_1.13.1/STM32CubeIDE/plugins/com.st.stm32cube.ide.mcu.externaltools.gnu-tools-for-stm32.12.3.rel1.win32_1.0.200.202406191623/tools/bin/../lib/gcc/arm-none-eabi/12.3.1/thumb/v8-m.main+fp/hard/crti.o
 .ARM.attributes
                0x00000026       0x38 C:/ST/STM32CubeIDE_1.13.1/STM32CubeIDE/plugins/com.st.stm32cube.ide.mcu.externaltools.gnu-tools-for-stm32.12.3.rel1.win32_1.0.200.202406191623/tools/bin/../lib/gcc/arm-none-eabi/12.3.1/thumb/v8-m.main+fp/hard/crtbegin.o
 .ARM.attributes
                0x0000005e       0x3a ./Core/Src/main.o
 .ARM.attributes
                0x00000098       0x3a ./Core/Src/stm32u5xx_hal_msp.o
 .ARM.attributes
                0x000000d2       0x3a ./Core/Src/stm32u5xx_it.o
 .ARM.attributes
                0x0000010c       0x3a ./Core/Src/system_stm32u5xx.o
 .ARM.attributes
                0x00000146       0x24 ./Core/Startup/startup_stm32u5g9zjtxq.o
 .ARM.attributes
                0x0000016a       0x3a ./Drivers/STM32U5xx_HAL_Driver/Src/stm32u5xx_hal.o
 .ARM.attributes
                0x000001a4       0x3a ./Drivers/STM32U5xx_HAL_Driver/Src/stm32u5xx_hal_adc.o
 .ARM.attributes
                0x000001de       0x3a ./Drivers/STM32U5xx_HAL_Driver/Src/stm32u5xx_hal_adc_ex.o
 .ARM.attributes
                0x00000218       0x3a ./Drivers/STM32U5xx_HAL_Driver/Src/stm32u5xx_hal_cortex.o
 .ARM.attributes
                0x00000252       0x3a ./Drivers/STM32U5xx_HAL_Driver/Src/stm32u5xx_hal_dma.o
 .ARM.attributes
                0x0000028c       0x3a ./Drivers/STM32U5xx_HAL_Driver/Src/stm32u5xx_hal_dma2d.o
 .ARM.attributes
                0x000002c6       0x3a ./Drivers/STM32U5xx_HAL_Driver/Src/stm32u5xx_hal_dma_ex.o
 .ARM.attributes
                0x00000300       0x3a ./Drivers/STM32U5xx_HAL_Driver/Src/stm32u5xx_hal_gpio.o
 .ARM.attributes
                0x0000033a       0x3a ./Drivers/STM32U5xx_HAL_Driver/Src/stm32u5xx_hal_i2c.o
 .ARM.attributes
                0x00000374       0x3a ./Drivers/STM32U5xx_HAL_Driver/Src/stm32u5xx_hal_i2c_ex.o
 .ARM.attributes
                0x000003ae       0x3a ./Drivers/STM32U5xx_HAL_Driver/Src/stm32u5xx_hal_icache.o
 .ARM.attributes
                0x000003e8       0x3a ./Drivers/STM32U5xx_HAL_Driver/Src/stm32u5xx_hal_ltdc.o
 .ARM.attributes
                0x00000422       0x3a ./Drivers/STM32U5xx_HAL_Driver/Src/stm32u5xx_hal_pcd.o
 .ARM.attributes
                0x0000045c       0x3a ./Drivers/STM32U5xx_HAL_Driver/Src/stm32u5xx_hal_pcd_ex.o
 .ARM.attributes
                0x00000496       0x3a ./Drivers/STM32U5xx_HAL_Driver/Src/stm32u5xx_hal_pwr.o
 .ARM.attributes
                0x000004d0       0x3a ./Drivers/STM32U5xx_HAL_Driver/Src/stm32u5xx_hal_pwr_ex.o
 .ARM.attributes
                0x0000050a       0x3a ./Drivers/STM32U5xx_HAL_Driver/Src/stm32u5xx_hal_rcc.o
 .ARM.attributes
                0x00000544       0x3a ./Drivers/STM32U5xx_HAL_Driver/Src/stm32u5xx_hal_rcc_ex.o
 .ARM.attributes
                0x0000057e       0x3a ./Drivers/STM32U5xx_HAL_Driver/Src/stm32u5xx_hal_rtc.o
 .ARM.attributes
                0x000005b8       0x3a ./Drivers/STM32U5xx_HAL_Driver/Src/stm32u5xx_hal_rtc_ex.o
 .ARM.attributes
                0x000005f2       0x3a ./Drivers/STM32U5xx_HAL_Driver/Src/stm32u5xx_hal_sai.o
 .ARM.attributes
                0x0000062c       0x3a ./Drivers/STM32U5xx_HAL_Driver/Src/stm32u5xx_hal_tim.o
 .ARM.attributes
                0x00000666       0x3a ./Drivers/STM32U5xx_HAL_Driver/Src/stm32u5xx_hal_tim_ex.o
 .ARM.attributes
                0x000006a0       0x3a ./Drivers/STM32U5xx_HAL_Driver/Src/stm32u5xx_hal_uart.o
 .ARM.attributes
                0x000006da       0x3a ./Drivers/STM32U5xx_HAL_Driver/Src/stm32u5xx_hal_uart_ex.o
 .ARM.attributes
                0x00000714       0x3a ./Drivers/STM32U5xx_HAL_Driver/Src/stm32u5xx_hal_xspi.o
 .ARM.attributes
                0x0000074e       0x3a ./Drivers/STM32U5xx_HAL_Driver/Src/stm32u5xx_ll_usb.o
 .ARM.attributes
                0x00000788       0x38 C:/ST/STM32CubeIDE_1.13.1/STM32CubeIDE/plugins/com.st.stm32cube.ide.mcu.externaltools.gnu-tools-for-stm32.12.3.rel1.win32_1.0.200.202406191623/tools/bin/../lib/gcc/arm-none-eabi/12.3.1/../../../../arm-none-eabi/lib/thumb/v8-m.main+fp/hard\libc_nano.a(libc_a-memset.o)
 .ARM.attributes
                0x000007c0       0x38 C:/ST/STM32CubeIDE_1.13.1/STM32CubeIDE/plugins/com.st.stm32cube.ide.mcu.externaltools.gnu-tools-for-stm32.12.3.rel1.win32_1.0.200.202406191623/tools/bin/../lib/gcc/arm-none-eabi/12.3.1/../../../../arm-none-eabi/lib/thumb/v8-m.main+fp/hard\libc_nano.a(libc_a-init.o)
 .ARM.attributes
                0x000007f8       0x26 C:/ST/STM32CubeIDE_1.13.1/STM32CubeIDE/plugins/com.st.stm32cube.ide.mcu.externaltools.gnu-tools-for-stm32.12.3.rel1.win32_1.0.200.202406191623/tools/bin/../lib/gcc/arm-none-eabi/12.3.1/thumb/v8-m.main+fp/hard\libgcc.a(_aeabi_uldivmod.o)
 .ARM.attributes
                0x0000081e       0x38 C:/ST/STM32CubeIDE_1.13.1/STM32CubeIDE/plugins/com.st.stm32cube.ide.mcu.externaltools.gnu-tools-for-stm32.12.3.rel1.win32_1.0.200.202406191623/tools/bin/../lib/gcc/arm-none-eabi/12.3.1/thumb/v8-m.main+fp/hard\libgcc.a(_udivmoddi4.o)
 .ARM.attributes
                0x00000856       0x26 C:/ST/STM32CubeIDE_1.13.1/STM32CubeIDE/plugins/com.st.stm32cube.ide.mcu.externaltools.gnu-tools-for-stm32.12.3.rel1.win32_1.0.200.202406191623/tools/bin/../lib/gcc/arm-none-eabi/12.3.1/thumb/v8-m.main+fp/hard\libgcc.a(_dvmd_tls.o)
 .ARM.attributes
                0x0000087c       0x26 C:/ST/STM32CubeIDE_1.13.1/STM32CubeIDE/plugins/com.st.stm32cube.ide.mcu.externaltools.gnu-tools-for-stm32.12.3.rel1.win32_1.0.200.202406191623/tools/bin/../lib/gcc/arm-none-eabi/12.3.1/thumb/v8-m.main+fp/hard/crtn.o
OUTPUT(RLCMixer.elf elf32-littlearm)
LOAD linker stubs
LOAD C:/ST/STM32CubeIDE_1.13.1/STM32CubeIDE/plugins/com.st.stm32cube.ide.mcu.externaltools.gnu-tools-for-stm32.12.3.rel1.win32_1.0.200.202406191623/tools/bin/../lib/gcc/arm-none-eabi/12.3.1/../../../../arm-none-eabi/lib/thumb/v8-m.main+fp/hard\libc.a
LOAD C:/ST/STM32CubeIDE_1.13.1/STM32CubeIDE/plugins/com.st.stm32cube.ide.mcu.externaltools.gnu-tools-for-stm32.12.3.rel1.win32_1.0.200.202406191623/tools/bin/../lib/gcc/arm-none-eabi/12.3.1/../../../../arm-none-eabi/lib/thumb/v8-m.main+fp/hard\libm.a
LOAD C:/ST/STM32CubeIDE_1.13.1/STM32CubeIDE/plugins/com.st.stm32cube.ide.mcu.externaltools.gnu-tools-for-stm32.12.3.rel1.win32_1.0.200.202406191623/tools/bin/../lib/gcc/arm-none-eabi/12.3.1/thumb/v8-m.main+fp/hard\libgcc.a

.debug_info     0x00000000    0x31fa1
 .debug_info    0x00000000     0x4bdb ./Core/Src/main.o
 .debug_info    0x00004bdb     0x431a ./Core/Src/stm32u5xx_hal_msp.o
 .debug_info    0x00008ef5     0x16a0 ./Core/Src/stm32u5xx_it.o
 .debug_info    0x0000a595      0x929 ./Core/Src/system_stm32u5xx.o
 .debug_info    0x0000aebe       0x30 ./Core/Startup/startup_stm32u5g9zjtxq.o
 .debug_info    0x0000aeee     0x1468 ./Drivers/STM32U5xx_HAL_Driver/Src/stm32u5xx_hal.o
 .debug_info    0x0000c356     0x2706 ./Drivers/STM32U5xx_HAL_Driver/Src/stm32u5xx_hal_adc.o
 .debug_info    0x0000ea5c     0x2347 ./Drivers/STM32U5xx_HAL_Driver/Src/stm32u5xx_hal_adc_ex.o
 .debug_info    0x00010da3     0x16b2 ./Drivers/STM32U5xx_HAL_Driver/Src/stm32u5xx_hal_cortex.o
 .debug_info    0x00012455      0xadc ./Drivers/STM32U5xx_HAL_Driver/Src/stm32u5xx_hal_dma.o
 .debug_info    0x00012f31     0x105f ./Drivers/STM32U5xx_HAL_Driver/Src/stm32u5xx_hal_dma2d.o
 .debug_info    0x00013f90     0x1902 ./Drivers/STM32U5xx_HAL_Driver/Src/stm32u5xx_hal_dma_ex.o
 .debug_info    0x00015892      0x859 ./Drivers/STM32U5xx_HAL_Driver/Src/stm32u5xx_hal_gpio.o
 .debug_info    0x000160eb     0x231f ./Drivers/STM32U5xx_HAL_Driver/Src/stm32u5xx_hal_i2c.o
 .debug_info    0x0001840a      0x9ff ./Drivers/STM32U5xx_HAL_Driver/Src/stm32u5xx_hal_i2c_ex.o
 .debug_info    0x00018e09      0x4d6 ./Drivers/STM32U5xx_HAL_Driver/Src/stm32u5xx_hal_icache.o
 .debug_info    0x000192df     0x1047 ./Drivers/STM32U5xx_HAL_Driver/Src/stm32u5xx_hal_ltdc.o
 .debug_info    0x0001a326     0x153b ./Drivers/STM32U5xx_HAL_Driver/Src/stm32u5xx_hal_pcd.o
 .debug_info    0x0001b861      0x8bd ./Drivers/STM32U5xx_HAL_Driver/Src/stm32u5xx_hal_pcd_ex.o
 .debug_info    0x0001c11e      0xab4 ./Drivers/STM32U5xx_HAL_Driver/Src/stm32u5xx_hal_pwr.o
 .debug_info    0x0001cbd2      0xf1a ./Drivers/STM32U5xx_HAL_Driver/Src/stm32u5xx_hal_pwr_ex.o
 .debug_info    0x0001daec     0x12bc ./Drivers/STM32U5xx_HAL_Driver/Src/stm32u5xx_hal_rcc.o
 .debug_info    0x0001eda8     0x1639 ./Drivers/STM32U5xx_HAL_Driver/Src/stm32u5xx_hal_rcc_ex.o
 .debug_info    0x000203e1      0xe18 ./Drivers/STM32U5xx_HAL_Driver/Src/stm32u5xx_hal_rtc.o
 .debug_info    0x000211f9     0x1a91 ./Drivers/STM32U5xx_HAL_Driver/Src/stm32u5xx_hal_rtc_ex.o
 .debug_info    0x00022c8a     0x1508 ./Drivers/STM32U5xx_HAL_Driver/Src/stm32u5xx_hal_sai.o
 .debug_info    0x00024192     0x2e54 ./Drivers/STM32U5xx_HAL_Driver/Src/stm32u5xx_hal_tim.o
 .debug_info    0x00026fe6     0x1efe ./Drivers/STM32U5xx_HAL_Driver/Src/stm32u5xx_hal_tim_ex.o
 .debug_info    0x00028ee4     0x456e ./Drivers/STM32U5xx_HAL_Driver/Src/stm32u5xx_hal_uart.o
 .debug_info    0x0002d452     0x11f0 ./Drivers/STM32U5xx_HAL_Driver/Src/stm32u5xx_hal_uart_ex.o
 .debug_info    0x0002e642     0x1ebd ./Drivers/STM32U5xx_HAL_Driver/Src/stm32u5xx_hal_xspi.o
 .debug_info    0x000304ff     0x1aa2 ./Drivers/STM32U5xx_HAL_Driver/Src/stm32u5xx_ll_usb.o

.debug_abbrev   0x00000000     0x4da1
 .debug_abbrev  0x00000000      0x420 ./Core/Src/main.o
 .debug_abbrev  0x00000420      0x31b ./Core/Src/stm32u5xx_hal_msp.o
 .debug_abbrev  0x0000073b      0x1bb ./Core/Src/stm32u5xx_it.o
 .debug_abbrev  0x000008f6      0x129 ./Core/Src/system_stm32u5xx.o
 .debug_abbrev  0x00000a1f       0x24 ./Core/Startup/startup_stm32u5g9zjtxq.o
 .debug_abbrev  0x00000a43      0x2b9 ./Drivers/STM32U5xx_HAL_Driver/Src/stm32u5xx_hal.o
 .debug_abbrev  0x00000cfc      0x2cc ./Drivers/STM32U5xx_HAL_Driver/Src/stm32u5xx_hal_adc.o
 .debug_abbrev  0x00000fc8      0x30c ./Drivers/STM32U5xx_HAL_Driver/Src/stm32u5xx_hal_adc_ex.o
 .debug_abbrev  0x000012d4      0x311 ./Drivers/STM32U5xx_HAL_Driver/Src/stm32u5xx_hal_cortex.o
 .debug_abbrev  0x000015e5      0x1ff ./Drivers/STM32U5xx_HAL_Driver/Src/stm32u5xx_hal_dma.o
 .debug_abbrev  0x000017e4      0x228 ./Drivers/STM32U5xx_HAL_Driver/Src/stm32u5xx_hal_dma2d.o
 .debug_abbrev  0x00001a0c      0x21d ./Drivers/STM32U5xx_HAL_Driver/Src/stm32u5xx_hal_dma_ex.o
 .debug_abbrev  0x00001c29      0x25a ./Drivers/STM32U5xx_HAL_Driver/Src/stm32u5xx_hal_gpio.o
 .debug_abbrev  0x00001e83      0x271 ./Drivers/STM32U5xx_HAL_Driver/Src/stm32u5xx_hal_i2c.o
 .debug_abbrev  0x000020f4      0x1c0 ./Drivers/STM32U5xx_HAL_Driver/Src/stm32u5xx_hal_i2c_ex.o
 .debug_abbrev  0x000022b4      0x228 ./Drivers/STM32U5xx_HAL_Driver/Src/stm32u5xx_hal_icache.o
 .debug_abbrev  0x000024dc      0x23a ./Drivers/STM32U5xx_HAL_Driver/Src/stm32u5xx_hal_ltdc.o
 .debug_abbrev  0x00002716      0x2bc ./Drivers/STM32U5xx_HAL_Driver/Src/stm32u5xx_hal_pcd.o
 .debug_abbrev  0x000029d2      0x25a ./Drivers/STM32U5xx_HAL_Driver/Src/stm32u5xx_hal_pcd_ex.o
 .debug_abbrev  0x00002c2c      0x235 ./Drivers/STM32U5xx_HAL_Driver/Src/stm32u5xx_hal_pwr.o
 .debug_abbrev  0x00002e61      0x243 ./Drivers/STM32U5xx_HAL_Driver/Src/stm32u5xx_hal_pwr_ex.o
 .debug_abbrev  0x000030a4      0x2cb ./Drivers/STM32U5xx_HAL_Driver/Src/stm32u5xx_hal_rcc.o
 .debug_abbrev  0x0000336f      0x23d ./Drivers/STM32U5xx_HAL_Driver/Src/stm32u5xx_hal_rcc_ex.o
 .debug_abbrev  0x000035ac      0x206 ./Drivers/STM32U5xx_HAL_Driver/Src/stm32u5xx_hal_rtc.o
 .debug_abbrev  0x000037b2      0x253 ./Drivers/STM32U5xx_HAL_Driver/Src/stm32u5xx_hal_rtc_ex.o
 .debug_abbrev  0x00003a05      0x28d ./Drivers/STM32U5xx_HAL_Driver/Src/stm32u5xx_hal_sai.o
 .debug_abbrev  0x00003c92      0x2bd ./Drivers/STM32U5xx_HAL_Driver/Src/stm32u5xx_hal_tim.o
 .debug_abbrev  0x00003f4f      0x2c7 ./Drivers/STM32U5xx_HAL_Driver/Src/stm32u5xx_hal_tim_ex.o
 .debug_abbrev  0x00004216      0x305 ./Drivers/STM32U5xx_HAL_Driver/Src/stm32u5xx_hal_uart.o
 .debug_abbrev  0x0000451b      0x2d4 ./Drivers/STM32U5xx_HAL_Driver/Src/stm32u5xx_hal_uart_ex.o
 .debug_abbrev  0x000047ef      0x302 ./Drivers/STM32U5xx_HAL_Driver/Src/stm32u5xx_hal_xspi.o
 .debug_abbrev  0x00004af1      0x2b0 ./Drivers/STM32U5xx_HAL_Driver/Src/stm32u5xx_ll_usb.o

.debug_aranges  0x00000000     0x2ad0
 .debug_aranges
                0x00000000      0x108 ./Core/Src/main.o
 .debug_aranges
                0x00000108       0xd8 ./Core/Src/stm32u5xx_hal_msp.o
 .debug_aranges
                0x000001e0       0xc0 ./Core/Src/stm32u5xx_it.o
 .debug_aranges
                0x000002a0       0x28 ./Core/Src/system_stm32u5xx.o
 .debug_aranges
                0x000002c8       0x28 ./Core/Startup/startup_stm32u5g9zjtxq.o
 .debug_aranges
                0x000002f0      0x198 ./Drivers/STM32U5xx_HAL_Driver/Src/stm32u5xx_hal.o
 .debug_aranges
                0x00000488      0x280 ./Drivers/STM32U5xx_HAL_Driver/Src/stm32u5xx_hal_adc.o
 .debug_aranges
                0x00000708      0x1c0 ./Drivers/STM32U5xx_HAL_Driver/Src/stm32u5xx_hal_adc_ex.o
 .debug_aranges
                0x000008c8      0x140 ./Drivers/STM32U5xx_HAL_Driver/Src/stm32u5xx_hal_cortex.o
 .debug_aranges
                0x00000a08       0xa0 ./Drivers/STM32U5xx_HAL_Driver/Src/stm32u5xx_hal_dma.o
 .debug_aranges
                0x00000aa8      0x118 ./Drivers/STM32U5xx_HAL_Driver/Src/stm32u5xx_hal_dma2d.o
 .debug_aranges
                0x00000bc0      0x1a0 ./Drivers/STM32U5xx_HAL_Driver/Src/stm32u5xx_hal_dma_ex.o
 .debug_aranges
                0x00000d60       0x78 ./Drivers/STM32U5xx_HAL_Driver/Src/stm32u5xx_hal_gpio.o
 .debug_aranges
                0x00000dd8      0x2a0 ./Drivers/STM32U5xx_HAL_Driver/Src/stm32u5xx_hal_i2c.o
 .debug_aranges
                0x00001078       0x58 ./Drivers/STM32U5xx_HAL_Driver/Src/stm32u5xx_hal_i2c_ex.o
 .debug_aranges
                0x000010d0       0xa8 ./Drivers/STM32U5xx_HAL_Driver/Src/stm32u5xx_hal_icache.o
 .debug_aranges
                0x00001178      0x158 ./Drivers/STM32U5xx_HAL_Driver/Src/stm32u5xx_hal_ltdc.o
 .debug_aranges
                0x000012d0      0x140 ./Drivers/STM32U5xx_HAL_Driver/Src/stm32u5xx_hal_pcd.o
 .debug_aranges
                0x00001410       0x60 ./Drivers/STM32U5xx_HAL_Driver/Src/stm32u5xx_hal_pcd_ex.o
 .debug_aranges
                0x00001470       0xb0 ./Drivers/STM32U5xx_HAL_Driver/Src/stm32u5xx_hal_pwr.o
 .debug_aranges
                0x00001520      0x230 ./Drivers/STM32U5xx_HAL_Driver/Src/stm32u5xx_hal_pwr_ex.o
 .debug_aranges
                0x00001750       0xa8 ./Drivers/STM32U5xx_HAL_Driver/Src/stm32u5xx_hal_rcc.o
 .debug_aranges
                0x000017f8      0x160 ./Drivers/STM32U5xx_HAL_Driver/Src/stm32u5xx_hal_rcc_ex.o
 .debug_aranges
                0x00001958       0xe8 ./Drivers/STM32U5xx_HAL_Driver/Src/stm32u5xx_hal_rtc.o
 .debug_aranges
                0x00001a40      0x280 ./Drivers/STM32U5xx_HAL_Driver/Src/stm32u5xx_hal_rtc_ex.o
 .debug_aranges
                0x00001cc0      0x178 ./Drivers/STM32U5xx_HAL_Driver/Src/stm32u5xx_hal_sai.o
 .debug_aranges
                0x00001e38      0x3e8 ./Drivers/STM32U5xx_HAL_Driver/Src/stm32u5xx_hal_tim.o
 .debug_aranges
                0x00002220      0x250 ./Drivers/STM32U5xx_HAL_Driver/Src/stm32u5xx_hal_tim_ex.o
 .debug_aranges
                0x00002470      0x248 ./Drivers/STM32U5xx_HAL_Driver/Src/stm32u5xx_hal_uart.o
 .debug_aranges
                0x000026b8       0xb8 ./Drivers/STM32U5xx_HAL_Driver/Src/stm32u5xx_hal_uart_ex.o
 .debug_aranges
                0x00002770      0x1c0 ./Drivers/STM32U5xx_HAL_Driver/Src/stm32u5xx_hal_xspi.o
 .debug_aranges
                0x00002930      0x1a0 ./Drivers/STM32U5xx_HAL_Driver/Src/stm32u5xx_ll_usb.o

.debug_rnglists
                0x00000000     0x2196
 .debug_rnglists
                0x00000000       0xd1 ./Core/Src/main.o
 .debug_rnglists
                0x000000d1       0xa8 ./Core/Src/stm32u5xx_hal_msp.o
 .debug_rnglists
                0x00000179       0x8b ./Core/Src/stm32u5xx_it.o
 .debug_rnglists
                0x00000204       0x1a ./Core/Src/system_stm32u5xx.o
 .debug_rnglists
                0x0000021e       0x19 ./Core/Startup/startup_stm32u5g9zjtxq.o
 .debug_rnglists
                0x00000237      0x12f ./Drivers/STM32U5xx_HAL_Driver/Src/stm32u5xx_hal.o
 .debug_rnglists
                0x00000366      0x1ee ./Drivers/STM32U5xx_HAL_Driver/Src/stm32u5xx_hal_adc.o
 .debug_rnglists
                0x00000554      0x15f ./Drivers/STM32U5xx_HAL_Driver/Src/stm32u5xx_hal_adc_ex.o
 .debug_rnglists
                0x000006b3       0xec ./Drivers/STM32U5xx_HAL_Driver/Src/stm32u5xx_hal_cortex.o
 .debug_rnglists
                0x0000079f       0x7e ./Drivers/STM32U5xx_HAL_Driver/Src/stm32u5xx_hal_dma.o
 .debug_rnglists
                0x0000081d       0xde ./Drivers/STM32U5xx_HAL_Driver/Src/stm32u5xx_hal_dma2d.o
 .debug_rnglists
                0x000008fb      0x155 ./Drivers/STM32U5xx_HAL_Driver/Src/stm32u5xx_hal_dma_ex.o
 .debug_rnglists
                0x00000a50       0x5a ./Drivers/STM32U5xx_HAL_Driver/Src/stm32u5xx_hal_gpio.o
 .debug_rnglists
                0x00000aaa      0x228 ./Drivers/STM32U5xx_HAL_Driver/Src/stm32u5xx_hal_i2c.o
 .debug_rnglists
                0x00000cd2       0x43 ./Drivers/STM32U5xx_HAL_Driver/Src/stm32u5xx_hal_i2c_ex.o
 .debug_rnglists
                0x00000d15       0x7a ./Drivers/STM32U5xx_HAL_Driver/Src/stm32u5xx_hal_icache.o
 .debug_rnglists
                0x00000d8f      0x10a ./Drivers/STM32U5xx_HAL_Driver/Src/stm32u5xx_hal_ltdc.o