../Core/Src/bsp.c:34:5:__io_putchar	24	static
../Core/Src/bsp.c:56:6:HAL_UART_RxCpltCallback	32	static
../Core/Src/bsp.c:74:15:bsp	16	static
../Core/Src/bsp.c:87:6:bspConsoleDrain	16	static
../Core/Src/bsp.c:103:6:bspConsoleEmpty	8	static
../Core/Src/bsp.c:113:6:bspConsoleFlush	16	static
../Core/Src/bsp.c:130:6:bspConsoleRead	24	static
../Core/Src/bsp.c:144:6:bspConsoleWrite	16	static
../Core/Src/bsp.c:155:17:bspCycleCounter	4	static
../Core/Src/bsp.c:165:17:bspCycleCounterFrequency	4	static
../Core/Src/bsp.c:176:13:bspMicrosecondDelay	24	static
../Core/Src/bsp.c:191:13:bspMillisecondDelay	16	static
../Core/Src/bsp.c:204:13:bspNanosecondDelay	24	static
../Core/Src/bsp.c:221:6:bspI2cRead	24	static
../Core/Src/bsp.c:247:6:bspI2cRegRead	48	static
../Core/Src/bsp.c:274:6:bspI2cRegWrite	48	static
../Core/Src/bsp.c:300:6:bspI2cWrite	24	static
../Core/Src/bsp.c:322:6:bspInit	32	static
../Core/Src/bsp.c:355:6:bspInterruptEnable	16	static,ignoring_inline_asm
../Core/Src/bsp.c:375:5:bspPrintf	24	static
../Core/Src/bsp.c:405:6:bspReset	8	static
../Core/Src/bsp.c:416:6:bspTick	16	static
../Core/Src/bsp.c:437:6:bspTickHandler	24	static
../Core/Src/bsp.c:459:6:bspHeartbeatLed	16	static
