../Core/Src/main.c:121:5:main	16	static
../Core/Src/main.c:232:6:SystemClock_Config	128	static
../Core/Src/main.c:296:6:PeriphCommonClock_Config	232	static
../Core/Src/main.c:324:13:SystemPower_Config	8	static
../Core/Src/main.c:344:13:MX_ADC1_Init	40	static
../Core/Src/main.c:514:13:MX_ADC4_Init	40	static
../Core/Src/main.c:583:13:MX_DMA2D_Init	8	static
../Core/Src/main.c:624:13:MX_GPDMA1_Init	16	static
../Core/Src/main.c:658:13:MX_HSPI1_Init	8	static
../Core/Src/main.c:699:13:MX_I2C1_Init	8	static
../Core/Src/main.c:747:13:MX_I2C2_Init	8	static
../Core/Src/main.c:795:13:MX_ICACHE_Init	8	static
../Core/Src/main.c:827:13:MX_LTDC_Init	64	static
../Core/Src/main.c:889:13:MX_RTC_Init	40	static
../Core/Src/main.c:937:13:MX_SAI2_Init	8	static
../Core/Src/main.c:989:13:MX_TIM3_Init	48	static
../Core/Src/main.c:1039:13:MX_USART1_UART_Init	8	static
../Core/Src/main.c:1087:13:MX_USB_OTG_HS_PCD_Init	8	static
../Core/Src/main.c:1122:13:MX_GPIO_Init	64	static
../Core/Src/main.c:1214:16:I2C_Transmit	32	static
../Core/Src/main.c:1227:6:Error_Handler	4	static,ignoring_inline_asm
