../Core/Src/main.c:119:5:main	2
../Core/Src/main.c:263:6:SystemClock_Config	4
../Core/Src/main.c:327:6:PeriphCommonClock_Config	2
../Core/Src/main.c:355:13:SystemPower_Config	2
../Core/Src/main.c:375:13:MX_ADC1_Init	15
../Core/Src/main.c:545:13:MX_ADC4_Init	4
../Core/Src/main.c:614:13:MX_DMA2D_Init	3
../Core/Src/main.c:655:13:MX_GPDMA1_Init	1
../Core/Src/main.c:689:13:MX_HSPI1_Init	2
../Core/Src/main.c:730:13:MX_I2C1_Init	4
../Core/Src/main.c:778:13:MX_I2C2_Init	4
../Core/Src/main.c:826:13:MX_ICACHE_Init	3
../Core/Src/main.c:858:13:MX_LTDC_Init	3
../Core/Src/main.c:920:13:MX_RTC_Init	3
../Core/Src/main.c:968:13:MX_SAI2_Init	3
../Core/Src/main.c:1019:13:MX_TIM3_Init	4
../Core/Src/main.c:1069:13:MX_USART1_UART_Init	5
../Core/Src/main.c:1117:13:MX_USB_OTG_HS_PCD_Init	2
../Core/Src/main.c:1152:13:MX_GPIO_Init	1
../Core/Src/main.c:1250:6:Error_Handler	1
