../Core/Src/main.c:121:5:main	88	static
../Core/Src/main.c:271:6:SystemClock_Config	128	static
../Core/Src/main.c:335:6:PeriphCommonClock_Config	232	static
../Core/Src/main.c:363:13:SystemPower_Config	8	static
../Core/Src/main.c:383:13:MX_ADC1_Init	40	static
../Core/Src/main.c:553:13:MX_ADC4_Init	40	static
../Core/Src/main.c:622:13:MX_DMA2D_Init	8	static
../Core/Src/main.c:663:13:MX_GPDMA1_Init	16	static
../Core/Src/main.c:697:13:MX_HSPI1_Init	8	static
../Core/Src/main.c:738:13:MX_I2C1_Init	8	static
../Core/Src/main.c:786:13:MX_I2C2_Init	8	static
../Core/Src/main.c:834:13:MX_ICACHE_Init	8	static
../Core/Src/main.c:866:13:MX_LTDC_Init	64	static
../Core/Src/main.c:928:13:MX_RTC_Init	40	static
../Core/Src/main.c:976:13:MX_SAI2_Init	8	static
../Core/Src/main.c:1028:13:MX_TIM3_Init	48	static
../Core/Src/main.c:1078:13:MX_USART1_UART_Init	8	static
../Core/Src/main.c:1126:13:MX_USB_OTG_HS_PCD_Init	8	static
../Core/Src/main.c:1161:13:MX_GPIO_Init	64	static
../Core/Src/main.c:1253:16:I2C_Transmit	40	static
../Core/Src/main.c:1272:6:Error_Handler	4	static,ignoring_inline_asm
