../Core/Src/main.c:110:5:main	1
../Core/Src/main.c:185:6:SystemClock_Config	4
../Core/Src/main.c:246:6:PeriphCommonClock_Config	2
../Core/Src/main.c:274:13:SystemPower_Config	2
../Core/Src/main.c:294:13:MX_ADC1_Init	15
../Core/Src/main.c:464:13:MX_ADC4_Init	4
../Core/Src/main.c:533:13:MX_DMA2D_Init	3
../Core/Src/main.c:574:13:MX_GPDMA1_Init	1
../Core/Src/main.c:608:13:MX_HSPI1_Init	2
../Core/Src/main.c:649:13:MX_I2C1_Init	4
../Core/Src/main.c:697:13:MX_I2C2_Init	4
../Core/Src/main.c:745:13:MX_ICACHE_Init	3
../Core/Src/main.c:777:13:MX_LTDC_Init	3
../Core/Src/main.c:839:13:MX_RTC_Init	3
../Core/Src/main.c:887:13:MX_SAI2_Init	3
../Core/Src/main.c:939:13:MX_TIM3_Init	4
../Core/Src/main.c:989:13:MX_USART1_UART_Init	5
../Core/Src/main.c:1037:13:MX_GPIO_Init	1
../Core/Src/main.c:1142:6:Error_Handler	1
