../Core/Src/stm32u5xx_it.c:80:6:NMI_Handler	4	static
../Core/Src/stm32u5xx_it.c:95:6:HardFault_Handler	4	static
../Core/Src/stm32u5xx_it.c:110:6:MemManage_Handler	4	static
../Core/Src/stm32u5xx_it.c:125:6:BusFault_Handler	4	static
../Core/Src/stm32u5xx_it.c:140:6:UsageFault_Handler	4	static
../Core/Src/stm32u5xx_it.c:155:6:SVC_Handler	4	static
../Core/Src/stm32u5xx_it.c:168:6:DebugMon_Handler	4	static
../Core/Src/stm32u5xx_it.c:181:6:PendSV_Handler	4	static
../Core/Src/stm32u5xx_it.c:194:6:SysTick_Handler	8	static
../Core/Src/stm32u5xx_it.c:215:6:EXTI1_IRQHandler	8	static
../Core/Src/stm32u5xx_it.c:229:6:EXTI4_IRQHandler	8	static
../Core/Src/stm32u5xx_it.c:243:6:EXTI5_IRQHandler	8	static
../Core/Src/stm32u5xx_it.c:257:6:GPDMA1_Channel0_IRQHandler	8	static
../Core/Src/stm32u5xx_it.c:271:6:GPDMA1_Channel1_IRQHandler	8	static
../Core/Src/stm32u5xx_it.c:285:6:GPDMA1_Channel2_IRQHandler	8	static
../Core/Src/stm32u5xx_it.c:299:6:GPDMA1_Channel3_IRQHandler	8	static
../Core/Src/stm32u5xx_it.c:313:6:ADC1_2_IRQHandler	8	static
../Core/Src/stm32u5xx_it.c:327:6:I2C2_EV_IRQHandler	8	static
../Core/Src/stm32u5xx_it.c:341:6:I2C2_ER_IRQHandler	8	static
../Core/Src/stm32u5xx_it.c:355:6:USART1_IRQHandler	8	static
../Core/Src/stm32u5xx_it.c:369:6:LTDC_IRQHandler	8	static
