Drawable.hpp:121:18:virtual void touchgfx::Drawable::invalidateContent() const	0	static
Drawable.hpp:315:18:virtual void touchgfx::Drawable::setX(int16_t)	0	static
Drawable.hpp:327:18:virtual void touchgfx::Drawable::setY(int16_t)	0	static
Drawable.hpp:356:18:virtual void touchgfx::Drawable::setWidth(int16_t)	0	static
Drawable.hpp:368:18:virtual void touchgfx::Drawable::setHeight(int16_t)	0	static
Drawable.hpp:378:18:virtual void touchgfx::Drawable::childGeometryChanged()	0	static
Drawable.hpp:389:18:virtual void touchgfx::Drawable::handleClickEvent(const touchgfx::ClickEvent&)	0	static
Drawable.hpp:401:18:virtual void touchgfx::Drawable::handleGestureEvent(const touchgfx::GestureEvent&)	0	static
Drawable.hpp:490:18:virtual void touchgfx::Drawable::handleDragEvent(const touchgfx::DragEvent&)	0	static
Drawable.hpp:588:18:virtual void touchgfx::Drawable::moveTo(int16_t, int16_t)	4	static
Container.hpp:165:23:virtual touchgfx::Drawable* touchgfx::Container::getFirstChild()	0	static
FlipTransition.cpp:9:1:FlipTransition::~FlipTransition()	8	static
FlipTransition.cpp:9:1:virtual FlipTransition::~FlipTransition()	8	static
FlipTransition.cpp:73:10:virtual uint16_t FlipTransition::endTransition()	16	static
FlipTransition.cpp:46:6:virtual void FlipTransition::animationTick(uint16_t, uint16_t)	24	static
FlipTransition.cpp:13:6:virtual void FlipTransition::setupTranstion(touchgfx::Bitmap, touchgfx::Bitmap)	64	static
FlipTransition.cpp:5:1:FlipTransition::FlipTransition()	24	static
