ModelListener.hpp:18:18:virtual void ModelListener::newButtonValue(bool)	0	static
ModelListener.hpp:20:18:virtual void ModelListener::toggleLed(char)	0	static
DelayPresenter.hpp:28:13:DelayPresenter::~DelayPresenter()	0	static
DelayPresenter.cpp:10:6:virtual void DelayPresenter::activate()	0	static
DelayPresenter.hpp:28:13:virtual DelayPresenter::~DelayPresenter()	8	static
DelayPresenter.hpp:28:13:virtual void* DelayPresenter::_ZThn4_N14DelayPresenterD1Ev()	0	static
DelayPresenter.cpp:4:1:DelayPresenter::DelayPresenter(DelayView&)	8	static
