../Core/Src/main.c:101:5:main	16	static
../Core/Src/main.c:153:6:SystemClock_Config	88	static
../Core/Src/main.c:201:13:MX_ADC1_Init	24	static
../Core/Src/main.c:253:13:MX_DAC_Init	16	static
../Core/Src/main.c:293:13:MX_TIM8_Init	32	static
../Core/Src/main.c:339:13:MX_USART2_UART_Init	8	static
../Core/Src/main.c:370:13:MX_DMA_Init	16	static
../Core/Src/main.c:392:13:MX_GPIO_Init	48	static
../Core/Src/main.c:425:6:HAL_ADC_ConvHalfCpltCallback	24	static
../Core/Src/main.c:432:6:HAL_ADC_ConvCpltCallback	24	static
../Core/Src/main.c:444:6:Error_Handler	4	static,ignoring_inline_asm
