ModelListener.hpp:18:18:virtual void ModelListener::newButtonValue(bool)	0	static
ModelListener.hpp:20:18:virtual void ModelListener::toggleLed(char)	0	static
EQPresenter.hpp:28:13:EQPresenter::~EQPresenter()	0	static
EQPresenter.cpp:10:6:virtual void EQPresenter::activate()	0	static
EQPresenter.hpp:28:13:virtual EQPresenter::~EQPresenter()	8	static
EQPresenter.hpp:28:13:virtual void* EQPresenter::_ZThn4_N11EQPresenterD1Ev()	0	static
EQPresenter.cpp:4:1:EQPresenter::EQPresenter(EQView&)	8	static
