Screen.hpp:104:18:virtual void touchgfx::Screen::afterTransition()	0	static
Screen.hpp:144:18:virtual void touchgfx::Screen::handleTickEvent()	0	static
Screen.hpp:154:18:virtual void touchgfx::Screen::handleKeyEvent(uint8_t)	0	static
EffectsMatrixView.cpp:13:6:virtual void EffectsMatrixView::tearDownScreen()	0	static
EffectsMatrixView.hpp:11:13:EffectsMatrixView::~EffectsMatrixView()	8	static
EffectsMatrixView.hpp:11:13:virtual EffectsMatrixView::~EffectsMatrixView()	8	static
EffectsMatrixView.cpp:3:1:EffectsMatrixView::EffectsMatrixView()	8	static
EffectsMatrixView.cpp:8:6:virtual void EffectsMatrixView::setupScreen()	0	static
