../Drivers/CMSIS/Include/core_cm4.h:2064:26:ITM_SendChar	16	static,ignoring_inline_asm
../Core/Src/main.c:89:7:Do_Comb0	24	static
../Core/Src/main.c:102:7:Do_Allpass0	24	static
../Core/Src/main.c:115:7:Do_Delay	24	static
../Core/Src/main.c:120:7:Do_Trem	16	static
../Core/Src/main.c:192:5:_write	32	static
../Core/Src/main.c:207:5:main	32	static
../Core/Src/main.c:360:6:SystemClock_Config	88	static
../Core/Src/main.c:415:13:MX_ADC1_Init	24	static
../Core/Src/main.c:485:13:MX_DAC_Init	16	static
../Core/Src/main.c:525:13:MX_TIM1_Init	40	static
../Core/Src/main.c:572:13:MX_TIM2_Init	40	static
../Core/Src/main.c:618:13:MX_USART2_UART_Init	8	static
../Core/Src/main.c:649:13:MX_DMA_Init	16	static
../Core/Src/main.c:667:13:MX_GPIO_Init	48	static
../Core/Src/main.c:712:6:arrayDump	16	static
../Core/Src/main.c:721:10:getAverage	24	static
../Core/Src/main.c:736:6:Error_Handler	4	static,ignoring_inline_asm
