ModelListener.hpp:18:18:virtual void ModelListener::newButtonValue(bool)	0	static
ModelListener.hpp:20:18:virtual void ModelListener::toggleLed(char)	0	static
MainScreen_1Presenter.hpp:28:13:MainScreen_1Presenter::~MainScreen_1Presenter()	0	static
MainScreen_1Presenter.cpp:10:6:virtual void MainScreen_1Presenter::activate()	0	static
MainScreen_1Presenter.hpp:28:13:virtual MainScreen_1Presenter::~MainScreen_1Presenter()	8	static
MainScreen_1Presenter.hpp:28:13:virtual void* MainScreen_1Presenter::_ZThn4_N21MainScreen_1PresenterD1Ev()	0	static
MainScreen_1Presenter.cpp:4:1:MainScreen_1Presenter::MainScreen_1Presenter(MainScreen_1View&)	8	static
