../Core/Src/main.c:152:7:Do_Comb0	24	static
../Core/Src/main.c:167:7:Do_Allpass0	24	static
../Core/Src/main.c:183:7:Do_Delay	24	static
../Core/Src/main.c:278:5:main	64	static
../Core/Src/main.c:463:6:SystemClock_Config	128	static
../Core/Src/main.c:524:6:PeriphCommonClock_Config	232	static
../Core/Src/main.c:552:13:SystemPower_Config	8	static
../Core/Src/main.c:572:13:MX_ADC1_Init	40	static
../Core/Src/main.c:733:13:MX_ADC4_Init	40	static
../Core/Src/main.c:802:13:MX_DMA2D_Init	8	static
../Core/Src/main.c:843:13:MX_GPDMA1_Init	16	static
../Core/Src/main.c:877:13:MX_HSPI1_Init	8	static
../Core/Src/main.c:918:13:MX_I2C1_Init	8	static
../Core/Src/main.c:966:13:MX_I2C2_Init	8	static
../Core/Src/main.c:1014:13:MX_ICACHE_Init	8	static
../Core/Src/main.c:1046:13:MX_LTDC_Init	64	static
../Core/Src/main.c:1108:13:MX_RTC_Init	40	static
../Core/Src/main.c:1156:13:MX_SAI2_Init	8	static
../Core/Src/main.c:1208:13:MX_TIM3_Init	48	static
../Core/Src/main.c:1258:13:MX_TIM15_Init	40	static
../Core/Src/main.c:1304:13:MX_USART1_UART_Init	8	static
../Core/Src/main.c:1352:13:MX_USB_OTG_HS_PCD_Init	8	static
../Core/Src/main.c:1387:13:MX_GPIO_Init	64	static
../Core/Src/main.c:1479:23:signExtend24	16	static
../Core/Src/main.c:1484:13:volumeLRPoll	16	static
../Core/Src/main.c:1535:6:HAL_SAI_RxHalfCpltCallback	16	static
../Core/Src/main.c:1541:6:HAL_SAI_RxCpltCallback	16	static
../Core/Src/main.c:1547:6:HAL_SAI_TxHalfCpltCallback	16	static
../Core/Src/main.c:1553:6:HAL_SAI_TxCpltCallback	16	static
../Core/Src/main.c:1568:6:HAL_TIM_PeriodElapsedCallback	16	static
../Core/Src/main.c:1585:6:Error_Handler	4	static,ignoring_inline_asm
