../Core/Src/main.c:147:7:Do_Comb0	24	static
../Core/Src/main.c:166:7:Do_Allpass0	24	static
../Core/Src/main.c:186:7:Do_Delay	24	static
../Core/Src/main.c:280:5:main	64	static
../Core/Src/main.c:424:6:SystemClock_Config	128	static
../Core/Src/main.c:485:6:PeriphCommonClock_Config	232	static
../Core/Src/main.c:513:13:SystemPower_Config	8	static
../Core/Src/main.c:533:13:MX_ADC1_Init	40	static
../Core/Src/main.c:703:13:MX_ADC4_Init	40	static
../Core/Src/main.c:772:13:MX_DMA2D_Init	8	static
../Core/Src/main.c:813:13:MX_GPDMA1_Init	16	static
../Core/Src/main.c:847:13:MX_HSPI1_Init	8	static
../Core/Src/main.c:888:13:MX_I2C1_Init	8	static
../Core/Src/main.c:936:13:MX_I2C2_Init	8	static
../Core/Src/main.c:984:13:MX_ICACHE_Init	8	static
../Core/Src/main.c:1016:13:MX_LTDC_Init	64	static
../Core/Src/main.c:1078:13:MX_RTC_Init	40	static
../Core/Src/main.c:1126:13:MX_SAI2_Init	8	static
../Core/Src/main.c:1178:13:MX_TIM3_Init	48	static
../Core/Src/main.c:1228:13:MX_TIM15_Init	40	static
../Core/Src/main.c:1274:13:MX_USART1_UART_Init	8	static
../Core/Src/main.c:1322:13:MX_USB_OTG_HS_PCD_Init	8	static
../Core/Src/main.c:1357:13:MX_GPIO_Init	64	static
../Core/Src/main.c:1449:23:signExtend24	16	static
../Core/Src/main.c:1454:13:volumeLRPoll	16	static
../Core/Src/main.c:1517:6:HAL_SAI_RxHalfCpltCallback	16	static
../Core/Src/main.c:1523:6:HAL_SAI_RxCpltCallback	16	static
../Core/Src/main.c:1529:6:HAL_SAI_TxHalfCpltCallback	16	static
../Core/Src/main.c:1535:6:HAL_SAI_TxCpltCallback	16	static
../Core/Src/main.c:1546:6:Error_Handler	4	static,ignoring_inline_asm
