../Core/Src/main.c:188:5:main	56	static
../Core/Src/main.c:319:6:SystemClock_Config	128	static
../Core/Src/main.c:380:6:PeriphCommonClock_Config	232	static
../Core/Src/main.c:408:13:SystemPower_Config	8	static
../Core/Src/main.c:428:13:MX_ADC1_Init	40	static
../Core/Src/main.c:598:13:MX_ADC4_Init	40	static
../Core/Src/main.c:667:13:MX_DMA2D_Init	8	static
../Core/Src/main.c:708:13:MX_GPDMA1_Init	16	static
../Core/Src/main.c:742:13:MX_HSPI1_Init	8	static
../Core/Src/main.c:783:13:MX_I2C1_Init	8	static
../Core/Src/main.c:831:13:MX_I2C2_Init	8	static
../Core/Src/main.c:879:13:MX_ICACHE_Init	8	static
../Core/Src/main.c:911:13:MX_LTDC_Init	64	static
../Core/Src/main.c:973:13:MX_RTC_Init	40	static
../Core/Src/main.c:1021:13:MX_SAI2_Init	8	static
../Core/Src/main.c:1073:13:MX_TIM3_Init	48	static
../Core/Src/main.c:1123:13:MX_TIM15_Init	40	static
../Core/Src/main.c:1169:13:MX_USART1_UART_Init	8	static
../Core/Src/main.c:1217:13:MX_USB_OTG_HS_PCD_Init	8	static
../Core/Src/main.c:1252:13:MX_GPIO_Init	64	static
../Core/Src/main.c:1344:23:signExtend24	16	static
../Core/Src/main.c:1349:6:HAL_SAI_RxHalfCpltCallback	16	static
../Core/Src/main.c:1355:6:HAL_SAI_RxCpltCallback	16	static
../Core/Src/main.c:1361:6:HAL_SAI_TxHalfCpltCallback	16	static
../Core/Src/main.c:1367:6:HAL_SAI_TxCpltCallback	16	static
../Core/Src/main.c:1378:6:Error_Handler	4	static,ignoring_inline_asm
