../Core/Src/main.c:152:7:Do_Comb0	24	static
../Core/Src/main.c:167:7:Do_Allpass0	24	static
../Core/Src/main.c:183:7:Do_Delay	24	static
../Core/Src/main.c:277:5:main	64	static
../Core/Src/main.c:447:6:SystemClock_Config	128	static
../Core/Src/main.c:508:6:PeriphCommonClock_Config	232	static
../Core/Src/main.c:536:13:SystemPower_Config	8	static
../Core/Src/main.c:556:13:MX_ADC1_Init	40	static
../Core/Src/main.c:717:13:MX_ADC4_Init	40	static
../Core/Src/main.c:786:13:MX_DMA2D_Init	8	static
../Core/Src/main.c:827:13:MX_GPDMA1_Init	16	static
../Core/Src/main.c:861:13:MX_HSPI1_Init	8	static
../Core/Src/main.c:902:13:MX_I2C1_Init	8	static
../Core/Src/main.c:950:13:MX_I2C2_Init	8	static
../Core/Src/main.c:998:13:MX_ICACHE_Init	8	static
../Core/Src/main.c:1030:13:MX_LTDC_Init	64	static
../Core/Src/main.c:1092:13:MX_RTC_Init	40	static
../Core/Src/main.c:1140:13:MX_SAI2_Init	8	static
../Core/Src/main.c:1192:13:MX_TIM3_Init	48	static
../Core/Src/main.c:1242:13:MX_TIM15_Init	40	static
../Core/Src/main.c:1288:13:MX_USART1_UART_Init	8	static
../Core/Src/main.c:1336:13:MX_USB_OTG_HS_PCD_Init	8	static
../Core/Src/main.c:1371:13:MX_GPIO_Init	64	static
../Core/Src/main.c:1463:23:signExtend24	16	static
../Core/Src/main.c:1468:13:volumeLRPoll	16	static
../Core/Src/main.c:1531:6:HAL_SAI_RxHalfCpltCallback	16	static
../Core/Src/main.c:1537:6:HAL_SAI_RxCpltCallback	16	static
../Core/Src/main.c:1543:6:HAL_SAI_TxHalfCpltCallback	16	static
../Core/Src/main.c:1549:6:HAL_SAI_TxCpltCallback	16	static
../Core/Src/main.c:1560:6:Error_Handler	4	static,ignoring_inline_asm
