../Core/Src/main.c:152:7:Do_Comb0	24	static
../Core/Src/main.c:167:7:Do_Allpass0	24	static
../Core/Src/main.c:183:7:Do_Delay	24	static
../Core/Src/main.c:277:5:main	64	static
../Core/Src/main.c:445:6:SystemClock_Config	128	static
../Core/Src/main.c:506:6:PeriphCommonClock_Config	232	static
../Core/Src/main.c:534:13:SystemPower_Config	8	static
../Core/Src/main.c:554:13:MX_ADC1_Init	40	static
../Core/Src/main.c:724:13:MX_ADC4_Init	40	static
../Core/Src/main.c:793:13:MX_DMA2D_Init	8	static
../Core/Src/main.c:834:13:MX_GPDMA1_Init	16	static
../Core/Src/main.c:868:13:MX_HSPI1_Init	8	static
../Core/Src/main.c:909:13:MX_I2C1_Init	8	static
../Core/Src/main.c:957:13:MX_I2C2_Init	8	static
../Core/Src/main.c:1005:13:MX_ICACHE_Init	8	static
../Core/Src/main.c:1037:13:MX_LTDC_Init	64	static
../Core/Src/main.c:1099:13:MX_RTC_Init	40	static
../Core/Src/main.c:1147:13:MX_SAI2_Init	8	static
../Core/Src/main.c:1199:13:MX_TIM3_Init	48	static
../Core/Src/main.c:1249:13:MX_TIM15_Init	40	static
../Core/Src/main.c:1295:13:MX_USART1_UART_Init	8	static
../Core/Src/main.c:1343:13:MX_USB_OTG_HS_PCD_Init	8	static
../Core/Src/main.c:1378:13:MX_GPIO_Init	64	static
../Core/Src/main.c:1470:23:signExtend24	16	static
../Core/Src/main.c:1475:13:volumeLRPoll	16	static
../Core/Src/main.c:1538:6:HAL_SAI_RxHalfCpltCallback	16	static
../Core/Src/main.c:1544:6:HAL_SAI_RxCpltCallback	16	static
../Core/Src/main.c:1550:6:HAL_SAI_TxHalfCpltCallback	16	static
../Core/Src/main.c:1556:6:HAL_SAI_TxCpltCallback	16	static
../Core/Src/main.c:1567:6:Error_Handler	4	static,ignoring_inline_asm
