C:/Users/c0524083/Documents/GitHub/Capstone-RLC/Capstone_GUI_v2/Core/Src/main.c:263:7:Do_Comb0	16	static
C:/Users/c0524083/Documents/GitHub/Capstone-RLC/Capstone_GUI_v2/Core/Src/main.c:278:7:Do_Allpass0	12	static
C:/Users/c0524083/Documents/GitHub/Capstone-RLC/Capstone_GUI_v2/Core/Src/main.c:294:7:Do_Delay	8	static
C:/Users/c0524083/Documents/GitHub/Capstone-RLC/Capstone_GUI_v2/Core/Src/main.c:448:6:SystemClock_Config	128	static,ignoring_inline_asm
C:/Users/c0524083/Documents/GitHub/Capstone-RLC/Capstone_GUI_v2/Core/Src/main.c:502:6:PeriphCommonClock_Config	232	static,ignoring_inline_asm
C:/Users/c0524083/Documents/GitHub/Capstone-RLC/Capstone_GUI_v2/Core/Src/main.c:311:5:main	152	static,ignoring_inline_asm
C:/Users/c0524083/Documents/GitHub/Capstone-RLC/Capstone_GUI_v2/Core/Src/main.c:1503:6:delayOn	8	static
C:/Users/c0524083/Documents/GitHub/Capstone-RLC/Capstone_GUI_v2/Core/Src/main.c:1517:6:HAL_SAI_RxHalfCpltCallback	0	static
C:/Users/c0524083/Documents/GitHub/Capstone-RLC/Capstone_GUI_v2/Core/Src/main.c:1525:6:HAL_SAI_RxCpltCallback	0	static
C:/Users/c0524083/Documents/GitHub/Capstone-RLC/Capstone_GUI_v2/Core/Src/main.c:1532:6:HAL_SAI_TxHalfCpltCallback	0	static
C:/Users/c0524083/Documents/GitHub/Capstone-RLC/Capstone_GUI_v2/Core/Src/main.c:1540:6:HAL_SAI_TxCpltCallback	0	static
C:/Users/c0524083/Documents/GitHub/Capstone-RLC/Capstone_GUI_v2/Core/Src/main.c:1548:6:Audio_Function	48	static
C:/Users/c0524083/Documents/GitHub/Capstone-RLC/Capstone_GUI_v2/Core/Src/main.c:1616:6:StartTask04	8	static
C:/Users/c0524083/Documents/GitHub/Capstone-RLC/Capstone_GUI_v2/Core/Src/main.c:1698:6:HAL_TIM_PeriodElapsedCallback	0	static
C:/Users/c0524083/Documents/GitHub/Capstone-RLC/Capstone_GUI_v2/Core/Src/main.c:1715:6:Error_Handler	0	static,ignoring_inline_asm
