C:/Users/c0524083/Documents/GitHub/Capstone-RLC/Capstone_GUI_v2/Core/Src/main.c:304:6:SystemClock_Config	136	static,ignoring_inline_asm
C:/Users/c0524083/Documents/GitHub/Capstone-RLC/Capstone_GUI_v2/Core/Src/main.c:358:6:PeriphCommonClock_Config	232	static,ignoring_inline_asm
C:/Users/c0524083/Documents/GitHub/Capstone-RLC/Capstone_GUI_v2/Core/Src/main.c:202:5:main	152	static,ignoring_inline_asm
C:/Users/c0524083/Documents/GitHub/Capstone-RLC/Capstone_GUI_v2/Core/Src/main.c:1166:6:HAL_SAI_RxHalfCpltCallback	0	static
C:/Users/c0524083/Documents/GitHub/Capstone-RLC/Capstone_GUI_v2/Core/Src/main.c:1172:6:HAL_SAI_RxCpltCallback	0	static
C:/Users/c0524083/Documents/GitHub/Capstone-RLC/Capstone_GUI_v2/Core/Src/main.c:1178:6:HAL_SAI_TxHalfCpltCallback	0	static
C:/Users/c0524083/Documents/GitHub/Capstone-RLC/Capstone_GUI_v2/Core/Src/main.c:1184:6:HAL_SAI_TxCpltCallback	0	static
C:/Users/c0524083/Documents/GitHub/Capstone-RLC/Capstone_GUI_v2/Core/Src/main.c:1190:6:Audio_Function	8	static
C:/Users/c0524083/Documents/GitHub/Capstone-RLC/Capstone_GUI_v2/Core/Src/main.c:1237:6:StartTask04	8	static
C:/Users/c0524083/Documents/GitHub/Capstone-RLC/Capstone_GUI_v2/Core/Src/main.c:1254:6:HAL_TIM_PeriodElapsedCallback	0	static
C:/Users/c0524083/Documents/GitHub/Capstone-RLC/Capstone_GUI_v2/Core/Src/main.c:1271:6:Error_Handler	0	static,ignoring_inline_asm
