C:/Users/c0524083/Documents/GitHub/Capstone-RLC/Capstone_GUI_v2/Core/Src/main.c:197:6:SystemClock_Config	4
C:/Users/c0524083/Documents/GitHub/Capstone-RLC/Capstone_GUI_v2/Core/Src/main.c:251:6:PeriphCommonClock_Config	2
C:/Users/c0524083/Documents/GitHub/Capstone-RLC/Capstone_GUI_v2/Core/Src/main.c:118:5:main	31
C:/Users/c0524083/Documents/GitHub/Capstone-RLC/Capstone_GUI_v2/Core/Src/main.c:1085:6:HAL_TIM_PeriodElapsedCallback	2
C:/Users/c0524083/Documents/GitHub/Capstone-RLC/Capstone_GUI_v2/Core/Src/main.c:1102:6:Error_Handler	1
