C:/Users/c0524083/Documents/GitHub/Capstone-RLC/Capstone_GUI_v2/Core/Src/main.c:270:7:Do_Comb0	16	static
C:/Users/c0524083/Documents/GitHub/Capstone-RLC/Capstone_GUI_v2/Core/Src/main.c:285:7:Do_Allpass0	12	static
C:/Users/c0524083/Documents/GitHub/Capstone-RLC/Capstone_GUI_v2/Core/Src/main.c:301:7:Do_Delay	8	static
C:/Users/c0524083/Documents/GitHub/Capstone-RLC/Capstone_GUI_v2/Core/Src/main.c:462:6:SystemClock_Config	128	static,ignoring_inline_asm
C:/Users/c0524083/Documents/GitHub/Capstone-RLC/Capstone_GUI_v2/Core/Src/main.c:516:6:PeriphCommonClock_Config	232	static,ignoring_inline_asm
C:/Users/c0524083/Documents/GitHub/Capstone-RLC/Capstone_GUI_v2/Core/Src/main.c:318:5:main	152	static,ignoring_inline_asm
C:/Users/c0524083/Documents/GitHub/Capstone-RLC/Capstone_GUI_v2/Core/Src/main.c:1517:6:delayOn	16	static
C:/Users/c0524083/Documents/GitHub/Capstone-RLC/Capstone_GUI_v2/Core/Src/main.c:1584:6:HAL_SAI_RxHalfCpltCallback	0	static
C:/Users/c0524083/Documents/GitHub/Capstone-RLC/Capstone_GUI_v2/Core/Src/main.c:1592:6:HAL_SAI_RxCpltCallback	0	static
C:/Users/c0524083/Documents/GitHub/Capstone-RLC/Capstone_GUI_v2/Core/Src/main.c:1599:6:HAL_SAI_TxHalfCpltCallback	0	static
C:/Users/c0524083/Documents/GitHub/Capstone-RLC/Capstone_GUI_v2/Core/Src/main.c:1607:6:HAL_SAI_TxCpltCallback	0	static
C:/Users/c0524083/Documents/GitHub/Capstone-RLC/Capstone_GUI_v2/Core/Src/main.c:1615:6:Audio_Function	48	static
C:/Users/c0524083/Documents/GitHub/Capstone-RLC/Capstone_GUI_v2/Core/Src/main.c:1703:6:StartTask04	8	static
C:/Users/c0524083/Documents/GitHub/Capstone-RLC/Capstone_GUI_v2/Core/Src/main.c:1785:6:HAL_TIM_PeriodElapsedCallback	0	static
C:/Users/c0524083/Documents/GitHub/Capstone-RLC/Capstone_GUI_v2/Core/Src/main.c:1802:6:Error_Handler	0	static,ignoring_inline_asm
