C:/Users/c0524083/Documents/GitHub/Capstone-RLC/Capstone_GUI_v2/Core/Src/main.c:333:6:SystemClock_Config	128	static,ignoring_inline_asm
C:/Users/c0524083/Documents/GitHub/Capstone-RLC/Capstone_GUI_v2/Core/Src/main.c:387:6:PeriphCommonClock_Config	232	static,ignoring_inline_asm
C:/Users/c0524083/Documents/GitHub/Capstone-RLC/Capstone_GUI_v2/Core/Src/main.c:226:5:main	152	static,ignoring_inline_asm
C:/Users/c0524083/Documents/GitHub/Capstone-RLC/Capstone_GUI_v2/Core/Src/main.c:1385:6:HAL_SAI_RxHalfCpltCallback	0	static
C:/Users/c0524083/Documents/GitHub/Capstone-RLC/Capstone_GUI_v2/Core/Src/main.c:1393:6:HAL_SAI_RxCpltCallback	0	static
C:/Users/c0524083/Documents/GitHub/Capstone-RLC/Capstone_GUI_v2/Core/Src/main.c:1400:6:HAL_SAI_TxHalfCpltCallback	0	static
C:/Users/c0524083/Documents/GitHub/Capstone-RLC/Capstone_GUI_v2/Core/Src/main.c:1408:6:HAL_SAI_TxCpltCallback	0	static
C:/Users/c0524083/Documents/GitHub/Capstone-RLC/Capstone_GUI_v2/Core/Src/main.c:1416:6:Audio_Function	32	static
C:/Users/c0524083/Documents/GitHub/Capstone-RLC/Capstone_GUI_v2/Core/Src/main.c:1481:6:StartTask04	8	static
C:/Users/c0524083/Documents/GitHub/Capstone-RLC/Capstone_GUI_v2/Core/Src/main.c:1563:6:HAL_TIM_PeriodElapsedCallback	0	static
C:/Users/c0524083/Documents/GitHub/Capstone-RLC/Capstone_GUI_v2/Core/Src/main.c:1580:6:Error_Handler	0	static,ignoring_inline_asm
