C:/Users/c0524083/Documents/GitHub/Capstone-RLC/Capstone_GUI_v2/Core/Src/stm32u5xx_hal_msp.c:80:6:HAL_MspInit	16	static
C:/Users/c0524083/Documents/GitHub/Capstone-RLC/Capstone_GUI_v2/Core/Src/stm32u5xx_hal_msp.c:105:6:HAL_ADC_MspInit	392	static
C:/Users/c0524083/Documents/GitHub/Capstone-RLC/Capstone_GUI_v2/Core/Src/stm32u5xx_hal_msp.c:328:6:HAL_ADC_MspDeInit	8	static
C:/Users/c0524083/Documents/GitHub/Capstone-RLC/Capstone_GUI_v2/Core/Src/stm32u5xx_hal_msp.c:400:6:HAL_CRC_MspInit	8	static
C:/Users/c0524083/Documents/GitHub/Capstone-RLC/Capstone_GUI_v2/Core/Src/stm32u5xx_hal_msp.c:423:6:HAL_CRC_MspDeInit	0	static
C:/Users/c0524083/Documents/GitHub/Capstone-RLC/Capstone_GUI_v2/Core/Src/stm32u5xx_hal_msp.c:445:6:HAL_DCACHE_MspInit	8	static
C:/Users/c0524083/Documents/GitHub/Capstone-RLC/Capstone_GUI_v2/Core/Src/stm32u5xx_hal_msp.c:478:6:HAL_DCACHE_MspDeInit	0	static
C:/Users/c0524083/Documents/GitHub/Capstone-RLC/Capstone_GUI_v2/Core/Src/stm32u5xx_hal_msp.c:511:6:HAL_DMA2D_MspInit	16	static
C:/Users/c0524083/Documents/GitHub/Capstone-RLC/Capstone_GUI_v2/Core/Src/stm32u5xx_hal_msp.c:537:6:HAL_DMA2D_MspDeInit	0	static
C:/Users/c0524083/Documents/GitHub/Capstone-RLC/Capstone_GUI_v2/Core/Src/stm32u5xx_hal_msp.c:562:6:HAL_GPU2D_MspInit	16	static
C:/Users/c0524083/Documents/GitHub/Capstone-RLC/Capstone_GUI_v2/Core/Src/stm32u5xx_hal_msp.c:591:6:HAL_GPU2D_MspDeInit	8	static
C:/Users/c0524083/Documents/GitHub/Capstone-RLC/Capstone_GUI_v2/Core/Src/stm32u5xx_hal_msp.c:618:6:HAL_XSPI_MspInit	48	static
C:/Users/c0524083/Documents/GitHub/Capstone-RLC/Capstone_GUI_v2/Core/Src/stm32u5xx_hal_msp.c:676:6:HAL_XSPI_MspDeInit	8	static
C:/Users/c0524083/Documents/GitHub/Capstone-RLC/Capstone_GUI_v2/Core/Src/stm32u5xx_hal_msp.c:719:6:HAL_I2C_MspInit	272	static
C:/Users/c0524083/Documents/GitHub/Capstone-RLC/Capstone_GUI_v2/Core/Src/stm32u5xx_hal_msp.c:798:6:HAL_I2C_MspDeInit	8	static
C:/Users/c0524083/Documents/GitHub/Capstone-RLC/Capstone_GUI_v2/Core/Src/stm32u5xx_hal_msp.c:849:6:HAL_JPEG_MspInit	32	static
C:/Users/c0524083/Documents/GitHub/Capstone-RLC/Capstone_GUI_v2/Core/Src/stm32u5xx_hal_msp.c:939:6:HAL_JPEG_MspDeInit	8	static
C:/Users/c0524083/Documents/GitHub/Capstone-RLC/Capstone_GUI_v2/Core/Src/stm32u5xx_hal_msp.c:968:6:HAL_LTDC_MspInit	288	static
C:/Users/c0524083/Documents/GitHub/Capstone-RLC/Capstone_GUI_v2/Core/Src/stm32u5xx_hal_msp.c:1091:6:HAL_LTDC_MspDeInit	8	static
C:/Users/c0524083/Documents/GitHub/Capstone-RLC/Capstone_GUI_v2/Core/Src/stm32u5xx_hal_msp.c:1159:6:HAL_TIM_Base_MspInit	16	static
C:/Users/c0524083/Documents/GitHub/Capstone-RLC/Capstone_GUI_v2/Core/Src/stm32u5xx_hal_msp.c:1185:6:HAL_TIM_Base_MspDeInit	0	static
C:/Users/c0524083/Documents/GitHub/Capstone-RLC/Capstone_GUI_v2/Core/Src/stm32u5xx_hal_msp.c:1219:6:HAL_SAI_MspInit	168	static
C:/Users/c0524083/Documents/GitHub/Capstone-RLC/Capstone_GUI_v2/Core/Src/stm32u5xx_hal_msp.c:1445:6:HAL_SAI_MspDeInit	8	static
