C:/Users/c0524083/Documents/GitHub/Capstone-RLC/Capstone_GUI_v2/Core/Src/stm32u5xx_hal_msp.c:80:6:HAL_MspInit	16	static
C:/Users/c0524083/Documents/GitHub/Capstone-RLC/Capstone_GUI_v2/Core/Src/stm32u5xx_hal_msp.c:105:6:HAL_ADC_MspInit	392	static
C:/Users/c0524083/Documents/GitHub/Capstone-RLC/Capstone_GUI_v2/Core/Src/stm32u5xx_hal_msp.c:321:6:HAL_ADC_MspDeInit	8	static
C:/Users/c0524083/Documents/GitHub/Capstone-RLC/Capstone_GUI_v2/Core/Src/stm32u5xx_hal_msp.c:386:6:HAL_CRC_MspInit	8	static
C:/Users/c0524083/Documents/GitHub/Capstone-RLC/Capstone_GUI_v2/Core/Src/stm32u5xx_hal_msp.c:409:6:HAL_CRC_MspDeInit	0	static
C:/Users/c0524083/Documents/GitHub/Capstone-RLC/Capstone_GUI_v2/Core/Src/stm32u5xx_hal_msp.c:431:6:HAL_DCACHE_MspInit	8	static
C:/Users/c0524083/Documents/GitHub/Capstone-RLC/Capstone_GUI_v2/Core/Src/stm32u5xx_hal_msp.c:464:6:HAL_DCACHE_MspDeInit	0	static
C:/Users/c0524083/Documents/GitHub/Capstone-RLC/Capstone_GUI_v2/Core/Src/stm32u5xx_hal_msp.c:497:6:HAL_DMA2D_MspInit	16	static
C:/Users/c0524083/Documents/GitHub/Capstone-RLC/Capstone_GUI_v2/Core/Src/stm32u5xx_hal_msp.c:523:6:HAL_DMA2D_MspDeInit	0	static
C:/Users/c0524083/Documents/GitHub/Capstone-RLC/Capstone_GUI_v2/Core/Src/stm32u5xx_hal_msp.c:548:6:HAL_GPU2D_MspInit	16	static
C:/Users/c0524083/Documents/GitHub/Capstone-RLC/Capstone_GUI_v2/Core/Src/stm32u5xx_hal_msp.c:577:6:HAL_GPU2D_MspDeInit	8	static
C:/Users/c0524083/Documents/GitHub/Capstone-RLC/Capstone_GUI_v2/Core/Src/stm32u5xx_hal_msp.c:604:6:HAL_XSPI_MspInit	48	static
C:/Users/c0524083/Documents/GitHub/Capstone-RLC/Capstone_GUI_v2/Core/Src/stm32u5xx_hal_msp.c:662:6:HAL_XSPI_MspDeInit	8	static
C:/Users/c0524083/Documents/GitHub/Capstone-RLC/Capstone_GUI_v2/Core/Src/stm32u5xx_hal_msp.c:705:6:HAL_I2C_MspInit	272	static
C:/Users/c0524083/Documents/GitHub/Capstone-RLC/Capstone_GUI_v2/Core/Src/stm32u5xx_hal_msp.c:784:6:HAL_I2C_MspDeInit	8	static
C:/Users/c0524083/Documents/GitHub/Capstone-RLC/Capstone_GUI_v2/Core/Src/stm32u5xx_hal_msp.c:835:6:HAL_JPEG_MspInit	32	static
C:/Users/c0524083/Documents/GitHub/Capstone-RLC/Capstone_GUI_v2/Core/Src/stm32u5xx_hal_msp.c:925:6:HAL_JPEG_MspDeInit	8	static
C:/Users/c0524083/Documents/GitHub/Capstone-RLC/Capstone_GUI_v2/Core/Src/stm32u5xx_hal_msp.c:954:6:HAL_LTDC_MspInit	288	static
C:/Users/c0524083/Documents/GitHub/Capstone-RLC/Capstone_GUI_v2/Core/Src/stm32u5xx_hal_msp.c:1077:6:HAL_LTDC_MspDeInit	8	static
C:/Users/c0524083/Documents/GitHub/Capstone-RLC/Capstone_GUI_v2/Core/Src/stm32u5xx_hal_msp.c:1145:6:HAL_TIM_Base_MspInit	8	static
C:/Users/c0524083/Documents/GitHub/Capstone-RLC/Capstone_GUI_v2/Core/Src/stm32u5xx_hal_msp.c:1168:6:HAL_TIM_Base_MspDeInit	0	static
C:/Users/c0524083/Documents/GitHub/Capstone-RLC/Capstone_GUI_v2/Core/Src/stm32u5xx_hal_msp.c:1198:6:HAL_SAI_MspInit	160	static
C:/Users/c0524083/Documents/GitHub/Capstone-RLC/Capstone_GUI_v2/Core/Src/stm32u5xx_hal_msp.c:1378:6:HAL_SAI_MspDeInit	8	static
