C:/Users/c0524083/Documents/GitHub/Capstone-RLC/Capstone_GUI_v2/Core/Src/stm32u5xx_hal_msp.c:80:6:HAL_MspInit	16	static
C:/Users/c0524083/Documents/GitHub/Capstone-RLC/Capstone_GUI_v2/Core/Src/stm32u5xx_hal_msp.c:105:6:HAL_ADC_MspInit	392	static
C:/Users/c0524083/Documents/GitHub/Capstone-RLC/Capstone_GUI_v2/Core/Src/stm32u5xx_hal_msp.c:325:6:HAL_ADC_MspDeInit	8	static
C:/Users/c0524083/Documents/GitHub/Capstone-RLC/Capstone_GUI_v2/Core/Src/stm32u5xx_hal_msp.c:394:6:HAL_CRC_MspInit	8	static
C:/Users/c0524083/Documents/GitHub/Capstone-RLC/Capstone_GUI_v2/Core/Src/stm32u5xx_hal_msp.c:417:6:HAL_CRC_MspDeInit	0	static
C:/Users/c0524083/Documents/GitHub/Capstone-RLC/Capstone_GUI_v2/Core/Src/stm32u5xx_hal_msp.c:439:6:HAL_DCACHE_MspInit	8	static
C:/Users/c0524083/Documents/GitHub/Capstone-RLC/Capstone_GUI_v2/Core/Src/stm32u5xx_hal_msp.c:472:6:HAL_DCACHE_MspDeInit	0	static
C:/Users/c0524083/Documents/GitHub/Capstone-RLC/Capstone_GUI_v2/Core/Src/stm32u5xx_hal_msp.c:505:6:HAL_DMA2D_MspInit	16	static
C:/Users/c0524083/Documents/GitHub/Capstone-RLC/Capstone_GUI_v2/Core/Src/stm32u5xx_hal_msp.c:531:6:HAL_DMA2D_MspDeInit	0	static
C:/Users/c0524083/Documents/GitHub/Capstone-RLC/Capstone_GUI_v2/Core/Src/stm32u5xx_hal_msp.c:556:6:HAL_GPU2D_MspInit	16	static
C:/Users/c0524083/Documents/GitHub/Capstone-RLC/Capstone_GUI_v2/Core/Src/stm32u5xx_hal_msp.c:585:6:HAL_GPU2D_MspDeInit	8	static
C:/Users/c0524083/Documents/GitHub/Capstone-RLC/Capstone_GUI_v2/Core/Src/stm32u5xx_hal_msp.c:612:6:HAL_XSPI_MspInit	48	static
C:/Users/c0524083/Documents/GitHub/Capstone-RLC/Capstone_GUI_v2/Core/Src/stm32u5xx_hal_msp.c:670:6:HAL_XSPI_MspDeInit	8	static
C:/Users/c0524083/Documents/GitHub/Capstone-RLC/Capstone_GUI_v2/Core/Src/stm32u5xx_hal_msp.c:713:6:HAL_I2C_MspInit	272	static
C:/Users/c0524083/Documents/GitHub/Capstone-RLC/Capstone_GUI_v2/Core/Src/stm32u5xx_hal_msp.c:792:6:HAL_I2C_MspDeInit	8	static
C:/Users/c0524083/Documents/GitHub/Capstone-RLC/Capstone_GUI_v2/Core/Src/stm32u5xx_hal_msp.c:843:6:HAL_JPEG_MspInit	32	static
C:/Users/c0524083/Documents/GitHub/Capstone-RLC/Capstone_GUI_v2/Core/Src/stm32u5xx_hal_msp.c:933:6:HAL_JPEG_MspDeInit	8	static
C:/Users/c0524083/Documents/GitHub/Capstone-RLC/Capstone_GUI_v2/Core/Src/stm32u5xx_hal_msp.c:962:6:HAL_LTDC_MspInit	288	static
C:/Users/c0524083/Documents/GitHub/Capstone-RLC/Capstone_GUI_v2/Core/Src/stm32u5xx_hal_msp.c:1085:6:HAL_LTDC_MspDeInit	8	static
C:/Users/c0524083/Documents/GitHub/Capstone-RLC/Capstone_GUI_v2/Core/Src/stm32u5xx_hal_msp.c:1153:6:HAL_TIM_Base_MspInit	16	static
C:/Users/c0524083/Documents/GitHub/Capstone-RLC/Capstone_GUI_v2/Core/Src/stm32u5xx_hal_msp.c:1179:6:HAL_TIM_Base_MspDeInit	0	static
C:/Users/c0524083/Documents/GitHub/Capstone-RLC/Capstone_GUI_v2/Core/Src/stm32u5xx_hal_msp.c:1219:6:HAL_SAI_MspInit	168	static
C:/Users/c0524083/Documents/GitHub/Capstone-RLC/Capstone_GUI_v2/Core/Src/stm32u5xx_hal_msp.c:1501:6:HAL_SAI_MspDeInit	8	static
