C:/Users/c0524083/Documents/GitHub/Capstone-RLC/Capstone_GUI_v2/Core/Src/stm32u5xx_hal_msp.c:74:6:HAL_MspInit	16	static
C:/Users/c0524083/Documents/GitHub/Capstone-RLC/Capstone_GUI_v2/Core/Src/stm32u5xx_hal_msp.c:99:6:HAL_ADC_MspInit	392	static
C:/Users/c0524083/Documents/GitHub/Capstone-RLC/Capstone_GUI_v2/Core/Src/stm32u5xx_hal_msp.c:257:6:HAL_ADC_MspDeInit	8	static
C:/Users/c0524083/Documents/GitHub/Capstone-RLC/Capstone_GUI_v2/Core/Src/stm32u5xx_hal_msp.c:320:6:HAL_CRC_MspInit	8	static
C:/Users/c0524083/Documents/GitHub/Capstone-RLC/Capstone_GUI_v2/Core/Src/stm32u5xx_hal_msp.c:343:6:HAL_CRC_MspDeInit	0	static
C:/Users/c0524083/Documents/GitHub/Capstone-RLC/Capstone_GUI_v2/Core/Src/stm32u5xx_hal_msp.c:365:6:HAL_DCACHE_MspInit	8	static
C:/Users/c0524083/Documents/GitHub/Capstone-RLC/Capstone_GUI_v2/Core/Src/stm32u5xx_hal_msp.c:398:6:HAL_DCACHE_MspDeInit	0	static
C:/Users/c0524083/Documents/GitHub/Capstone-RLC/Capstone_GUI_v2/Core/Src/stm32u5xx_hal_msp.c:431:6:HAL_DMA2D_MspInit	16	static
C:/Users/c0524083/Documents/GitHub/Capstone-RLC/Capstone_GUI_v2/Core/Src/stm32u5xx_hal_msp.c:457:6:HAL_DMA2D_MspDeInit	0	static
C:/Users/c0524083/Documents/GitHub/Capstone-RLC/Capstone_GUI_v2/Core/Src/stm32u5xx_hal_msp.c:482:6:HAL_GPU2D_MspInit	16	static
C:/Users/c0524083/Documents/GitHub/Capstone-RLC/Capstone_GUI_v2/Core/Src/stm32u5xx_hal_msp.c:511:6:HAL_GPU2D_MspDeInit	8	static
C:/Users/c0524083/Documents/GitHub/Capstone-RLC/Capstone_GUI_v2/Core/Src/stm32u5xx_hal_msp.c:538:6:HAL_XSPI_MspInit	48	static
C:/Users/c0524083/Documents/GitHub/Capstone-RLC/Capstone_GUI_v2/Core/Src/stm32u5xx_hal_msp.c:596:6:HAL_XSPI_MspDeInit	8	static
C:/Users/c0524083/Documents/GitHub/Capstone-RLC/Capstone_GUI_v2/Core/Src/stm32u5xx_hal_msp.c:639:6:HAL_I2C_MspInit	272	static
C:/Users/c0524083/Documents/GitHub/Capstone-RLC/Capstone_GUI_v2/Core/Src/stm32u5xx_hal_msp.c:718:6:HAL_I2C_MspDeInit	8	static
C:/Users/c0524083/Documents/GitHub/Capstone-RLC/Capstone_GUI_v2/Core/Src/stm32u5xx_hal_msp.c:769:6:HAL_JPEG_MspInit	32	static
C:/Users/c0524083/Documents/GitHub/Capstone-RLC/Capstone_GUI_v2/Core/Src/stm32u5xx_hal_msp.c:859:6:HAL_JPEG_MspDeInit	8	static
C:/Users/c0524083/Documents/GitHub/Capstone-RLC/Capstone_GUI_v2/Core/Src/stm32u5xx_hal_msp.c:888:6:HAL_LTDC_MspInit	288	static
C:/Users/c0524083/Documents/GitHub/Capstone-RLC/Capstone_GUI_v2/Core/Src/stm32u5xx_hal_msp.c:1011:6:HAL_LTDC_MspDeInit	8	static
C:/Users/c0524083/Documents/GitHub/Capstone-RLC/Capstone_GUI_v2/Core/Src/stm32u5xx_hal_msp.c:1075:6:HAL_SAI_MspInit	56	static
C:/Users/c0524083/Documents/GitHub/Capstone-RLC/Capstone_GUI_v2/Core/Src/stm32u5xx_hal_msp.c:1142:6:HAL_SAI_MspDeInit	8	static
