../../TouchGFX/gui/include/gui/model/ModelListener.hpp:18:18:virtual void ModelListener::newButtonValue(bool)	0	static
../../TouchGFX/gui/include/gui/model/ModelListener.hpp:20:18:virtual void ModelListener::toggleLed(char)	0	static
../../TouchGFX/gui/include/gui/eq_screen/EQPresenter.hpp:28:13:EQPresenter::~EQPresenter()	0	static
C:/Users/reube/OneDrive/Documents/GitHub/Capstone-RLC/Capstone_GUI_v2/TouchGFX/gui/src/eq_screen/EQPresenter.cpp:10:6:virtual void EQPresenter::activate()	0	static
../../TouchGFX/gui/include/gui/eq_screen/EQPresenter.hpp:28:13:virtual EQPresenter::~EQPresenter()	8	static
../../TouchGFX/gui/include/gui/eq_screen/EQPresenter.hpp:28:13:virtual void* EQPresenter::_ZThn4_N11EQPresenterD1Ev()	0	static
C:/Users/reube/OneDrive/Documents/GitHub/Capstone-RLC/Capstone_GUI_v2/TouchGFX/gui/src/eq_screen/EQPresenter.cpp:4:1:EQPresenter::EQPresenter(EQView&)	0	static
