../../Middlewares/ST/touchgfx/framework/include/touchgfx/Drawable.hpp:315:18:virtual void touchgfx::Drawable::setX(int16_t)	0	static
../../Middlewares/ST/touchgfx/framework/include/touchgfx/Drawable.hpp:327:18:virtual void touchgfx::Drawable::setY(int16_t)	0	static
../../Middlewares/ST/touchgfx/framework/include/touchgfx/Drawable.hpp:356:18:virtual void touchgfx::Drawable::setWidth(int16_t)	0	static
../../Middlewares/ST/touchgfx/framework/include/touchgfx/Drawable.hpp:368:18:virtual void touchgfx::Drawable::setHeight(int16_t)	0	static
../../Middlewares/ST/touchgfx/framework/include/touchgfx/Drawable.hpp:378:18:virtual void touchgfx::Drawable::childGeometryChanged()	0	static
../../Middlewares/ST/touchgfx/framework/include/touchgfx/Drawable.hpp:389:18:virtual void touchgfx::Drawable::handleClickEvent(const touchgfx::ClickEvent&)	0	static
../../Middlewares/ST/touchgfx/framework/include/touchgfx/Drawable.hpp:401:18:virtual void touchgfx::Drawable::handleGestureEvent(const touchgfx::GestureEvent&)	0	static
../../Middlewares/ST/touchgfx/framework/include/touchgfx/Drawable.hpp:490:18:virtual void touchgfx::Drawable::handleDragEvent(const touchgfx::DragEvent&)	0	static
../../Middlewares/ST/touchgfx/framework/include/touchgfx/Drawable.hpp:588:18:virtual void touchgfx::Drawable::moveTo(int16_t, int16_t)	4	static
../../Middlewares/ST/touchgfx/framework/include/touchgfx/containers/Container.hpp:165:23:virtual touchgfx::Drawable* touchgfx::Container::getFirstChild()	0	static
C:/TouchGFXProjects/Capstone_GUI_v2/TouchGFX/gui/src/Transitions/FlipTransition.cpp:9:1:FlipTransition::~FlipTransition()	8	static
C:/TouchGFXProjects/Capstone_GUI_v2/TouchGFX/gui/src/Transitions/FlipTransition.cpp:9:1:virtual FlipTransition::~FlipTransition()	8	static
../../Middlewares/ST/touchgfx/framework/include/touchgfx/Drawable.hpp:121:18:virtual void touchgfx::Drawable::invalidateContent() const	0	static
C:/TouchGFXProjects/Capstone_GUI_v2/TouchGFX/gui/src/Transitions/FlipTransition.cpp:73:10:virtual uint16_t FlipTransition::endTransition()	8	static
../../Middlewares/ST/touchgfx/framework/include/touchgfx/Drawable.hpp:343:10:void touchgfx::Drawable::setXY(int16_t, int16_t)	16	static
C:/TouchGFXProjects/Capstone_GUI_v2/TouchGFX/gui/src/Transitions/FlipTransition.cpp:13:6:virtual void FlipTransition::setupTranstion(touchgfx::Bitmap, touchgfx::Bitmap)	56	static
../../Middlewares/ST/touchgfx/framework/include/touchgfx/widgets/TextureMapper.hpp:202:18:virtual void touchgfx::TextureMapper::updateYAngle(float)	0	static
C:/TouchGFXProjects/Capstone_GUI_v2/TouchGFX/gui/src/Transitions/FlipTransition.cpp:46:6:virtual void FlipTransition::animationTick(uint16_t, uint16_t)	24	static
C:/TouchGFXProjects/Capstone_GUI_v2/TouchGFX/gui/src/Transitions/FlipTransition.cpp:5:1:FlipTransition::FlipTransition()	24	static
