C:/TouchGFXProjects/Capstone_GUI_v2/TouchGFX/gui/src/common/FloatEasingEquations.cpp:3:1:FloatEasingEquations::FloatEasingEquations()	0	static
C:/TouchGFXProjects/Capstone_GUI_v2/TouchGFX/gui/src/common/FloatEasingEquations.cpp:8:7:static float FloatEasingEquations::easeNone(float, float, float, float)	0	static
C:/TouchGFXProjects/Capstone_GUI_v2/TouchGFX/gui/src/common/FloatEasingEquations.cpp:13:7:static float FloatEasingEquations::cubicEaseOut(float, float, float, float)	0	static
C:/TouchGFXProjects/Capstone_GUI_v2/TouchGFX/gui/src/common/FloatEasingEquations.cpp:20:7:static float FloatEasingEquations::backEaseInOut(float, float, float, float)	0	static
C:/TouchGFXProjects/Capstone_GUI_v2/TouchGFX/gui/src/common/FloatEasingEquations.cpp:36:7:static float FloatEasingEquations::backEaseOut(float, float, float, float)	0	static
C:/TouchGFXProjects/Capstone_GUI_v2/TouchGFX/gui/src/common/FloatEasingEquations.cpp:43:7:static float FloatEasingEquations::bounceEaseOut(float, float, float, float)	24	static
C:/TouchGFXProjects/Capstone_GUI_v2/TouchGFX/gui/src/common/FloatEasingEquations.cpp:66:7:static float FloatEasingEquations::floatCubicEaseIn(float, float, float, float)	0	static
C:/TouchGFXProjects/Capstone_GUI_v2/TouchGFX/gui/src/common/FloatEasingEquations.cpp:72:7:static float FloatEasingEquations::floatCubicEaseOut(float, float, float, float)	0	static
C:/TouchGFXProjects/Capstone_GUI_v2/TouchGFX/gui/src/common/FloatEasingEquations.cpp:79:7:static float FloatEasingEquations::floatCubicEaseInOut(float, float, float, float)	0	static
C:/TouchGFXProjects/Capstone_GUI_v2/TouchGFX/gui/src/common/FloatEasingEquations.cpp:90:7:static float FloatEasingEquations::floatBackEaseOut(float, float, float, float)	0	static
