../../Middlewares/ST/touchgfx/framework/include/touchgfx/Screen.hpp:104:18:virtual void touchgfx::Screen::afterTransition()	0	static
../../Middlewares/ST/touchgfx/framework/include/touchgfx/Screen.hpp:144:18:virtual void touchgfx::Screen::handleTickEvent()	0	static
../../Middlewares/ST/touchgfx/framework/include/touchgfx/Screen.hpp:154:18:virtual void touchgfx::Screen::handleKeyEvent(uint8_t)	0	static
C:/Users/c0524083/Documents/GitHub/Capstone-RLC/Capstone_GUI_v2/TouchGFX/gui/src/mainscreen_1_screen/MainScreen_1View.cpp:13:6:virtual void MainScreen_1View::tearDownScreen()	0	static
../../TouchGFX/gui/include/gui/mainscreen_1_screen/MainScreen_1View.hpp:11:13:MainScreen_1View::~MainScreen_1View()	8	static
../../TouchGFX/gui/include/gui/mainscreen_1_screen/MainScreen_1View.hpp:11:13:virtual MainScreen_1View::~MainScreen_1View()	8	static
C:/Users/c0524083/Documents/GitHub/Capstone-RLC/Capstone_GUI_v2/TouchGFX/gui/src/mainscreen_1_screen/MainScreen_1View.cpp:3:1:MainScreen_1View::MainScreen_1View()	8	static
C:/Users/c0524083/Documents/GitHub/Capstone-RLC/Capstone_GUI_v2/TouchGFX/gui/src/mainscreen_1_screen/MainScreen_1View.cpp:8:6:virtual void MainScreen_1View::setupScreen()	0	static
