../../TouchGFX/gui/include/gui/model/ModelListener.hpp:18:18:virtual void ModelListener::newButtonValue(bool)	0	static
../../TouchGFX/gui/include/gui/model/ModelListener.hpp:20:18:virtual void ModelListener::toggleLed(char)	0	static
../../TouchGFX/gui/include/gui/mainscreen_screen/MainScreenPresenter.hpp:28:13:MainScreenPresenter::~MainScreenPresenter()	0	static
C:/Users/reube/OneDrive/Documents/GitHub/Capstone-RLC/Capstone_GUI_v2/TouchGFX/gui/src/mainscreen_screen/MainScreenPresenter.cpp:10:6:virtual void MainScreenPresenter::activate()	0	static
../../TouchGFX/gui/include/gui/mainscreen_screen/MainScreenPresenter.hpp:28:13:virtual MainScreenPresenter::~MainScreenPresenter()	8	static
../../TouchGFX/gui/include/gui/mainscreen_screen/MainScreenPresenter.hpp:28:13:virtual void* MainScreenPresenter::_ZThn4_N19MainScreenPresenterD1Ev()	0	static
C:/Users/reube/OneDrive/Documents/GitHub/Capstone-RLC/Capstone_GUI_v2/TouchGFX/gui/src/mainscreen_screen/MainScreenPresenter.cpp:4:1:MainScreenPresenter::MainScreenPresenter(MainScreenView&)	0	static
