../../Middlewares/ST/touchgfx/framework/include/touchgfx/Screen.hpp:104:18:virtual void touchgfx::Screen::afterTransition()	0	static
../../Middlewares/ST/touchgfx/framework/include/touchgfx/Screen.hpp:144:18:virtual void touchgfx::Screen::handleTickEvent()	0	static
../../Middlewares/ST/touchgfx/framework/include/touchgfx/Screen.hpp:154:18:virtual void touchgfx::Screen::handleKeyEvent(uint8_t)	0	static
C:/Users/c0524083/Documents/GitHub/Capstone-RLC/Capstone_GUI_v2/TouchGFX/gui/src/reverb_screen/ReverbView.cpp:13:6:virtual void ReverbView::tearDownScreen()	0	static
../../TouchGFX/gui/include/gui/reverb_screen/ReverbView.hpp:11:13:ReverbView::~ReverbView()	8	static
../../TouchGFX/gui/include/gui/reverb_screen/ReverbView.hpp:11:13:virtual ReverbView::~ReverbView()	8	static
C:/Users/c0524083/Documents/GitHub/Capstone-RLC/Capstone_GUI_v2/TouchGFX/gui/src/reverb_screen/ReverbView.cpp:3:1:ReverbView::ReverbView()	8	static
C:/Users/c0524083/Documents/GitHub/Capstone-RLC/Capstone_GUI_v2/TouchGFX/gui/src/reverb_screen/ReverbView.cpp:8:6:virtual void ReverbView::setupScreen()	0	static
