C:/Users/c0524083/Documents/GitHub/Capstone-RLC/Capstone_GUI_v2/Drivers/STM32U5xx_HAL_Driver/Src/stm32u5xx_hal_dma_ex.c:4098:17:DMA_List_CheckNodesBaseAddresses	0	static
C:/Users/c0524083/Documents/GitHub/Capstone-RLC/Capstone_GUI_v2/Drivers/STM32U5xx_HAL_Driver/Src/stm32u5xx_hal_dma_ex.c:4141:17:DMA_List_CheckNodesTypes	0	static
C:/Users/c0524083/Documents/GitHub/Capstone-RLC/Capstone_GUI_v2/Drivers/STM32U5xx_HAL_Driver/Src/stm32u5xx_hal_dma_ex.c:4242:17:DMA_List_FindNode	28	static
C:/Users/c0524083/Documents/GitHub/Capstone-RLC/Capstone_GUI_v2/Drivers/STM32U5xx_HAL_Driver/Src/stm32u5xx_hal_dma_ex.c:4198:13:DMA_List_GetCLLRNodeInfo.isra	0	static
C:/Users/c0524083/Documents/GitHub/Capstone-RLC/Capstone_GUI_v2/Drivers/STM32U5xx_HAL_Driver/Src/stm32u5xx_hal_dma_ex.c:4634:13:DMA_List_UpdateStaticQueueNodesCLLR	32	static
C:/Users/c0524083/Documents/GitHub/Capstone-RLC/Capstone_GUI_v2/Drivers/STM32U5xx_HAL_Driver/Src/stm32u5xx_hal_dma_ex.c:4558:13:DMA_List_UpdateDynamicQueueNodesCLLR	48	static
C:/Users/c0524083/Documents/GitHub/Capstone-RLC/Capstone_GUI_v2/Drivers/STM32U5xx_HAL_Driver/Src/stm32u5xx_hal_dma_ex.c:604:19:HAL_DMAEx_List_Init	16	static
C:/Users/c0524083/Documents/GitHub/Capstone-RLC/Capstone_GUI_v2/Drivers/STM32U5xx_HAL_Driver/Src/stm32u5xx_hal_dma_ex.c:673:19:HAL_DMAEx_List_DeInit	16	static
C:/Users/c0524083/Documents/GitHub/Capstone-RLC/Capstone_GUI_v2/Drivers/STM32U5xx_HAL_Driver/Src/stm32u5xx_hal_dma_ex.c:815:19:HAL_DMAEx_List_Start	24	static
C:/Users/c0524083/Documents/GitHub/Capstone-RLC/Capstone_GUI_v2/Drivers/STM32U5xx_HAL_Driver/Src/stm32u5xx_hal_dma_ex.c:877:19:HAL_DMAEx_List_Start_IT	24	static
C:/Users/c0524083/Documents/GitHub/Capstone-RLC/Capstone_GUI_v2/Drivers/STM32U5xx_HAL_Driver/Src/stm32u5xx_hal_dma_ex.c:1045:19:HAL_DMAEx_List_BuildNode	20	static
C:/Users/c0524083/Documents/GitHub/Capstone-RLC/Capstone_GUI_v2/Drivers/STM32U5xx_HAL_Driver/Src/stm32u5xx_hal_dma_ex.c:1116:19:HAL_DMAEx_List_GetNodeConfig	12	static
C:/Users/c0524083/Documents/GitHub/Capstone-RLC/Capstone_GUI_v2/Drivers/STM32U5xx_HAL_Driver/Src/stm32u5xx_hal_dma_ex.c:1140:19:HAL_DMAEx_List_InsertNode	56	static
C:/Users/c0524083/Documents/GitHub/Capstone-RLC/Capstone_GUI_v2/Drivers/STM32U5xx_HAL_Driver/Src/stm32u5xx_hal_dma_ex.c:1270:19:HAL_DMAEx_List_InsertNode_Head	24	static
C:/Users/c0524083/Documents/GitHub/Capstone-RLC/Capstone_GUI_v2/Drivers/STM32U5xx_HAL_Driver/Src/stm32u5xx_hal_dma_ex.c:1349:19:HAL_DMAEx_List_InsertNode_Tail	56	static
C:/Users/c0524083/Documents/GitHub/Capstone-RLC/Capstone_GUI_v2/Drivers/STM32U5xx_HAL_Driver/Src/stm32u5xx_hal_dma_ex.c:1436:19:HAL_DMAEx_List_RemoveNode	48	static
C:/Users/c0524083/Documents/GitHub/Capstone-RLC/Capstone_GUI_v2/Drivers/STM32U5xx_HAL_Driver/Src/stm32u5xx_hal_dma_ex.c:1577:19:HAL_DMAEx_List_RemoveNode_Head	48	static
C:/Users/c0524083/Documents/GitHub/Capstone-RLC/Capstone_GUI_v2/Drivers/STM32U5xx_HAL_Driver/Src/stm32u5xx_hal_dma_ex.c:1674:19:HAL_DMAEx_List_RemoveNode_Tail	48	static
C:/Users/c0524083/Documents/GitHub/Capstone-RLC/Capstone_GUI_v2/Drivers/STM32U5xx_HAL_Driver/Src/stm32u5xx_hal_dma_ex.c:1769:19:HAL_DMAEx_List_ReplaceNode	56	static
C:/Users/c0524083/Documents/GitHub/Capstone-RLC/Capstone_GUI_v2/Drivers/STM32U5xx_HAL_Driver/Src/stm32u5xx_hal_dma_ex.c:1932:19:HAL_DMAEx_List_ReplaceNode_Head	56	static
C:/Users/c0524083/Documents/GitHub/Capstone-RLC/Capstone_GUI_v2/Drivers/STM32U5xx_HAL_Driver/Src/stm32u5xx_hal_dma_ex.c:2029:19:HAL_DMAEx_List_ReplaceNode_Tail	56	static
C:/Users/c0524083/Documents/GitHub/Capstone-RLC/Capstone_GUI_v2/Drivers/STM32U5xx_HAL_Driver/Src/stm32u5xx_hal_dma_ex.c:2120:19:HAL_DMAEx_List_ResetQ	40	static
C:/Users/c0524083/Documents/GitHub/Capstone-RLC/Capstone_GUI_v2/Drivers/STM32U5xx_HAL_Driver/Src/stm32u5xx_hal_dma_ex.c:2192:19:HAL_DMAEx_List_InsertQ	80	static
C:/Users/c0524083/Documents/GitHub/Capstone-RLC/Capstone_GUI_v2/Drivers/STM32U5xx_HAL_Driver/Src/stm32u5xx_hal_dma_ex.c:2400:19:HAL_DMAEx_List_InsertQ_Head	80	static
C:/Users/c0524083/Documents/GitHub/Capstone-RLC/Capstone_GUI_v2/Drivers/STM32U5xx_HAL_Driver/Src/stm32u5xx_hal_dma_ex.c:2537:19:HAL_DMAEx_List_InsertQ_Tail	80	static
C:/Users/c0524083/Documents/GitHub/Capstone-RLC/Capstone_GUI_v2/Drivers/STM32U5xx_HAL_Driver/Src/stm32u5xx_hal_dma_ex.c:2673:19:HAL_DMAEx_List_SetCircularModeConfig	56	static
C:/Users/c0524083/Documents/GitHub/Capstone-RLC/Capstone_GUI_v2/Drivers/STM32U5xx_HAL_Driver/Src/stm32u5xx_hal_dma_ex.c:2768:19:HAL_DMAEx_List_SetCircularMode	56	static
C:/Users/c0524083/Documents/GitHub/Capstone-RLC/Capstone_GUI_v2/Drivers/STM32U5xx_HAL_Driver/Src/stm32u5xx_hal_dma_ex.c:2851:19:HAL_DMAEx_List_ClearCircularMode	40	static
C:/Users/c0524083/Documents/GitHub/Capstone-RLC/Capstone_GUI_v2/Drivers/STM32U5xx_HAL_Driver/Src/stm32u5xx_hal_dma_ex.c:2922:19:HAL_DMAEx_List_ConvertQToDynamic	160	static
C:/Users/c0524083/Documents/GitHub/Capstone-RLC/Capstone_GUI_v2/Drivers/STM32U5xx_HAL_Driver/Src/stm32u5xx_hal_dma_ex.c:3024:19:HAL_DMAEx_List_ConvertQToStatic	136	static
C:/Users/c0524083/Documents/GitHub/Capstone-RLC/Capstone_GUI_v2/Drivers/STM32U5xx_HAL_Driver/Src/stm32u5xx_hal_dma_ex.c:3101:19:HAL_DMAEx_List_LinkQ	0	static
C:/Users/c0524083/Documents/GitHub/Capstone-RLC/Capstone_GUI_v2/Drivers/STM32U5xx_HAL_Driver/Src/stm32u5xx_hal_dma_ex.c:3182:19:HAL_DMAEx_List_UnLinkQ	0	static
C:/Users/c0524083/Documents/GitHub/Capstone-RLC/Capstone_GUI_v2/Drivers/STM32U5xx_HAL_Driver/Src/stm32u5xx_hal_dma_ex.c:3252:19:HAL_DMAEx_ConfigDataHandling	0	static
C:/Users/c0524083/Documents/GitHub/Capstone-RLC/Capstone_GUI_v2/Drivers/STM32U5xx_HAL_Driver/Src/stm32u5xx_hal_dma_ex.c:3292:19:HAL_DMAEx_ConfigTrigger	8	static
C:/Users/c0524083/Documents/GitHub/Capstone-RLC/Capstone_GUI_v2/Drivers/STM32U5xx_HAL_Driver/Src/stm32u5xx_hal_dma_ex.c:3337:19:HAL_DMAEx_ConfigRepeatBlock	8	static
C:/Users/c0524083/Documents/GitHub/Capstone-RLC/Capstone_GUI_v2/Drivers/STM32U5xx_HAL_Driver/Src/stm32u5xx_hal_dma_ex.c:3476:19:HAL_DMAEx_Suspend	16	static
C:/Users/c0524083/Documents/GitHub/Capstone-RLC/Capstone_GUI_v2/Drivers/STM32U5xx_HAL_Driver/Src/stm32u5xx_hal_dma_ex.c:3535:19:HAL_DMAEx_Suspend_IT	0	static
C:/Users/c0524083/Documents/GitHub/Capstone-RLC/Capstone_GUI_v2/Drivers/STM32U5xx_HAL_Driver/Src/stm32u5xx_hal_dma_ex.c:3569:19:HAL_DMAEx_Resume	0	static
C:/Users/c0524083/Documents/GitHub/Capstone-RLC/Capstone_GUI_v2/Drivers/STM32U5xx_HAL_Driver/Src/stm32u5xx_hal_dma_ex.c:3630:10:HAL_DMAEx_GetFifoLevel	0	static
