C:/Users/c0524083/Documents/GitHub/Capstone-RLC/Capstone_GUI_v2/Drivers/STM32U5xx_HAL_Driver/Src/stm32u5xx_hal_sai.c:2426:13:SAI_FillFifo	16	static
C:/Users/c0524083/Documents/GitHub/Capstone-RLC/Capstone_GUI_v2/Drivers/STM32U5xx_HAL_Driver/Src/stm32u5xx_hal_sai.c:2469:17:SAI_InterruptFlag	0	static
C:/Users/c0524083/Documents/GitHub/Capstone-RLC/Capstone_GUI_v2/Drivers/STM32U5xx_HAL_Driver/Src/stm32u5xx_hal_sai.c:2502:26:SAI_Disable	8	static
C:/Users/c0524083/Documents/GitHub/Capstone-RLC/Capstone_GUI_v2/Drivers/STM32U5xx_HAL_Driver/Src/stm32u5xx_hal_sai.c:743:13:HAL_SAI_MspInit	0	static
C:/Users/c0524083/Documents/GitHub/Capstone-RLC/Capstone_GUI_v2/Drivers/STM32U5xx_HAL_Driver/Src/stm32u5xx_hal_sai.c:370:19:HAL_SAI_Init	24	static
C:/Users/c0524083/Documents/GitHub/Capstone-RLC/Capstone_GUI_v2/Drivers/STM32U5xx_HAL_Driver/Src/stm32u5xx_hal_sai.c:331:19:HAL_SAI_InitProtocol	12	static
C:/Users/c0524083/Documents/GitHub/Capstone-RLC/Capstone_GUI_v2/Drivers/STM32U5xx_HAL_Driver/Src/stm32u5xx_hal_sai.c:759:13:HAL_SAI_MspDeInit	0	static
C:/Users/c0524083/Documents/GitHub/Capstone-RLC/Capstone_GUI_v2/Drivers/STM32U5xx_HAL_Driver/Src/stm32u5xx_hal_sai.c:675:19:HAL_SAI_DeInit	24	static
C:/Users/c0524083/Documents/GitHub/Capstone-RLC/Capstone_GUI_v2/Drivers/STM32U5xx_HAL_Driver/Src/stm32u5xx_hal_sai.c:1000:19:HAL_SAI_Transmit	24	static
C:/Users/c0524083/Documents/GitHub/Capstone-RLC/Capstone_GUI_v2/Drivers/STM32U5xx_HAL_Driver/Src/stm32u5xx_hal_sai.c:1113:19:HAL_SAI_Receive	24	static
C:/Users/c0524083/Documents/GitHub/Capstone-RLC/Capstone_GUI_v2/Drivers/STM32U5xx_HAL_Driver/Src/stm32u5xx_hal_sai.c:1223:19:HAL_SAI_Transmit_IT	8	static
C:/Users/c0524083/Documents/GitHub/Capstone-RLC/Capstone_GUI_v2/Drivers/STM32U5xx_HAL_Driver/Src/stm32u5xx_hal_sai.c:1285:19:HAL_SAI_Receive_IT	8	static
C:/Users/c0524083/Documents/GitHub/Capstone-RLC/Capstone_GUI_v2/Drivers/STM32U5xx_HAL_Driver/Src/stm32u5xx_hal_sai.c:1343:19:HAL_SAI_DMAPause	0	static
C:/Users/c0524083/Documents/GitHub/Capstone-RLC/Capstone_GUI_v2/Drivers/STM32U5xx_HAL_Driver/Src/stm32u5xx_hal_sai.c:1363:19:HAL_SAI_DMAResume	0	static
C:/Users/c0524083/Documents/GitHub/Capstone-RLC/Capstone_GUI_v2/Drivers/STM32U5xx_HAL_Driver/Src/stm32u5xx_hal_sai.c:1390:19:HAL_SAI_DMAStop	16	static
C:/Users/c0524083/Documents/GitHub/Capstone-RLC/Capstone_GUI_v2/Drivers/STM32U5xx_HAL_Driver/Src/stm32u5xx_hal_sai.c:1452:19:HAL_SAI_Abort	16	static
C:/Users/c0524083/Documents/GitHub/Capstone-RLC/Capstone_GUI_v2/Drivers/STM32U5xx_HAL_Driver/Src/stm32u5xx_hal_sai.c:1524:19:HAL_SAI_Transmit_DMA	24	static
C:/Users/c0524083/Documents/GitHub/Capstone-RLC/Capstone_GUI_v2/Drivers/STM32U5xx_HAL_Driver/Src/stm32u5xx_hal_sai.c:1655:19:HAL_SAI_Receive_DMA	16	static
C:/Users/c0524083/Documents/GitHub/Capstone-RLC/Capstone_GUI_v2/Drivers/STM32U5xx_HAL_Driver/Src/stm32u5xx_hal_sai.c:1768:19:HAL_SAI_EnableTxMuteMode	0	static
C:/Users/c0524083/Documents/GitHub/Capstone-RLC/Capstone_GUI_v2/Drivers/STM32U5xx_HAL_Driver/Src/stm32u5xx_hal_sai.c:1787:19:HAL_SAI_DisableTxMuteMode	0	static
C:/Users/c0524083/Documents/GitHub/Capstone-RLC/Capstone_GUI_v2/Drivers/STM32U5xx_HAL_Driver/Src/stm32u5xx_hal_sai.c:1805:19:HAL_SAI_EnableRxMuteMode	8	static
C:/Users/c0524083/Documents/GitHub/Capstone-RLC/Capstone_GUI_v2/Drivers/STM32U5xx_HAL_Driver/Src/stm32u5xx_hal_sai.c:1828:19:HAL_SAI_DisableRxMuteMode	0	static
C:/Users/c0524083/Documents/GitHub/Capstone-RLC/Capstone_GUI_v2/Drivers/STM32U5xx_HAL_Driver/Src/stm32u5xx_hal_sai.c:2122:13:HAL_SAI_TxCpltCallback	0	static
C:/Users/c0524083/Documents/GitHub/Capstone-RLC/Capstone_GUI_v2/Drivers/STM32U5xx_HAL_Driver/Src/stm32u5xx_hal_sai.c:2594:13:SAI_Transmit_IT32Bit	16	static
C:/Users/c0524083/Documents/GitHub/Capstone-RLC/Capstone_GUI_v2/Drivers/STM32U5xx_HAL_Driver/Src/stm32u5xx_hal_sai.c:2561:13:SAI_Transmit_IT16Bit.part.0	8	static
C:/Users/c0524083/Documents/GitHub/Capstone-RLC/Capstone_GUI_v2/Drivers/STM32U5xx_HAL_Driver/Src/stm32u5xx_hal_sai.c:2532:13:SAI_Transmit_IT8Bit	4	static
C:/Users/c0524083/Documents/GitHub/Capstone-RLC/Capstone_GUI_v2/Drivers/STM32U5xx_HAL_Driver/Src/stm32u5xx_hal_sai.c:2561:13:SAI_Transmit_IT16Bit	4	static
C:/Users/c0524083/Documents/GitHub/Capstone-RLC/Capstone_GUI_v2/Drivers/STM32U5xx_HAL_Driver/Src/stm32u5xx_hal_sai.c:2738:13:SAI_DMATxCplt	16	static
C:/Users/c0524083/Documents/GitHub/Capstone-RLC/Capstone_GUI_v2/Drivers/STM32U5xx_HAL_Driver/Src/stm32u5xx_hal_sai.c:2138:13:HAL_SAI_TxHalfCpltCallback	0	static
C:/Users/c0524083/Documents/GitHub/Capstone-RLC/Capstone_GUI_v2/Drivers/STM32U5xx_HAL_Driver/Src/stm32u5xx_hal_sai.c:2769:13:SAI_DMATxHalfCplt	8	static
C:/Users/c0524083/Documents/GitHub/Capstone-RLC/Capstone_GUI_v2/Drivers/STM32U5xx_HAL_Driver/Src/stm32u5xx_hal_sai.c:2154:13:HAL_SAI_RxCpltCallback	0	static
C:/Users/c0524083/Documents/GitHub/Capstone-RLC/Capstone_GUI_v2/Drivers/STM32U5xx_HAL_Driver/Src/stm32u5xx_hal_sai.c:2698:13:SAI_Receive_IT32Bit	8	static
C:/Users/c0524083/Documents/GitHub/Capstone-RLC/Capstone_GUI_v2/Drivers/STM32U5xx_HAL_Driver/Src/stm32u5xx_hal_sai.c:2662:13:SAI_Receive_IT16Bit.part.0	8	static
C:/Users/c0524083/Documents/GitHub/Capstone-RLC/Capstone_GUI_v2/Drivers/STM32U5xx_HAL_Driver/Src/stm32u5xx_hal_sai.c:2631:13:SAI_Receive_IT8Bit	0	static
C:/Users/c0524083/Documents/GitHub/Capstone-RLC/Capstone_GUI_v2/Drivers/STM32U5xx_HAL_Driver/Src/stm32u5xx_hal_sai.c:2662:13:SAI_Receive_IT16Bit	4	static
C:/Users/c0524083/Documents/GitHub/Capstone-RLC/Capstone_GUI_v2/Drivers/STM32U5xx_HAL_Driver/Src/stm32u5xx_hal_sai.c:2786:13:SAI_DMARxCplt	16	static
C:/Users/c0524083/Documents/GitHub/Capstone-RLC/Capstone_GUI_v2/Drivers/STM32U5xx_HAL_Driver/Src/stm32u5xx_hal_sai.c:2170:13:HAL_SAI_RxHalfCpltCallback	0	static
C:/Users/c0524083/Documents/GitHub/Capstone-RLC/Capstone_GUI_v2/Drivers/STM32U5xx_HAL_Driver/Src/stm32u5xx_hal_sai.c:2816:13:SAI_DMARxHalfCplt	8	static
C:/Users/c0524083/Documents/GitHub/Capstone-RLC/Capstone_GUI_v2/Drivers/STM32U5xx_HAL_Driver/Src/stm32u5xx_hal_sai.c:2186:13:HAL_SAI_ErrorCallback	0	static
C:/Users/c0524083/Documents/GitHub/Capstone-RLC/Capstone_GUI_v2/Drivers/STM32U5xx_HAL_Driver/Src/stm32u5xx_hal_sai.c:2833:13:SAI_DMAError	8	static
C:/Users/c0524083/Documents/GitHub/Capstone-RLC/Capstone_GUI_v2/Drivers/STM32U5xx_HAL_Driver/Src/stm32u5xx_hal_sai.c:1847:6:HAL_SAI_IRQHandler	16	static
C:/Users/c0524083/Documents/GitHub/Capstone-RLC/Capstone_GUI_v2/Drivers/STM32U5xx_HAL_Driver/Src/stm32u5xx_hal_sai.c:2867:13:SAI_DMAAbort	16	static
C:/Users/c0524083/Documents/GitHub/Capstone-RLC/Capstone_GUI_v2/Drivers/STM32U5xx_HAL_Driver/Src/stm32u5xx_hal_sai.c:2221:22:HAL_SAI_GetState	0	static
C:/Users/c0524083/Documents/GitHub/Capstone-RLC/Capstone_GUI_v2/Drivers/STM32U5xx_HAL_Driver/Src/stm32u5xx_hal_sai.c:2232:10:HAL_SAI_GetError	0	static
