C:/Users/c0524083/Documents/GitHub/Capstone-RLC/Capstone_GUI_v2/Drivers/STM32U5xx_HAL_Driver/Src/stm32u5xx_hal_i2c.c:7030:13:I2C_Flush_TXDR	0	static
C:/Users/c0524083/Documents/GitHub/Capstone-RLC/Capstone_GUI_v2/Drivers/STM32U5xx_HAL_Driver/Src/stm32u5xx_hal_i2c.c:7653:13:I2C_TransferConfig	12	static
C:/Users/c0524083/Documents/GitHub/Capstone-RLC/Capstone_GUI_v2/Drivers/STM32U5xx_HAL_Driver/Src/stm32u5xx_hal_i2c.c:7682:13:I2C_Enable_IRQ	16	static
C:/Users/c0524083/Documents/GitHub/Capstone-RLC/Capstone_GUI_v2/Drivers/STM32U5xx_HAL_Driver/Src/stm32u5xx_hal_i2c.c:7777:13:I2C_Disable_IRQ	0	static
C:/Users/c0524083/Documents/GitHub/Capstone-RLC/Capstone_GUI_v2/Drivers/STM32U5xx_HAL_Driver/Src/stm32u5xx_hal_i2c.c:7512:26:I2C_IsErrorOccurred	24	static
C:/Users/c0524083/Documents/GitHub/Capstone-RLC/Capstone_GUI_v2/Drivers/STM32U5xx_HAL_Driver/Src/stm32u5xx_hal_i2c.c:7356:26:I2C_WaitOnTXISFlagUntilTimeout	16	static
C:/Users/c0524083/Documents/GitHub/Capstone-RLC/Capstone_GUI_v2/Drivers/STM32U5xx_HAL_Driver/Src/stm32u5xx_hal_i2c.c:7316:26:I2C_WaitOnFlagUntilTimeout	24	static
C:/Users/c0524083/Documents/GitHub/Capstone-RLC/Capstone_GUI_v2/Drivers/STM32U5xx_HAL_Driver/Src/stm32u5xx_hal_i2c.c:7397:26:I2C_WaitOnSTOPFlagUntilTimeout	16	static
C:/Users/c0524083/Documents/GitHub/Capstone-RLC/Capstone_GUI_v2/Drivers/STM32U5xx_HAL_Driver/Src/stm32u5xx_hal_i2c.c:7435:26:I2C_WaitOnRXNEFlagUntilTimeout	32	static
C:/Users/c0524083/Documents/GitHub/Capstone-RLC/Capstone_GUI_v2/Drivers/STM32U5xx_HAL_Driver/Src/stm32u5xx_hal_i2c.c:7840:13:I2C_ConvertOtherXferOptions	0	static
C:/Users/c0524083/Documents/GitHub/Capstone-RLC/Capstone_GUI_v2/Drivers/STM32U5xx_HAL_Driver/Src/stm32u5xx_hal_i2c.c:702:13:HAL_I2C_MspInit	0	static
C:/Users/c0524083/Documents/GitHub/Capstone-RLC/Capstone_GUI_v2/Drivers/STM32U5xx_HAL_Driver/Src/stm32u5xx_hal_i2c.c:541:19:HAL_I2C_Init	8	static
C:/Users/c0524083/Documents/GitHub/Capstone-RLC/Capstone_GUI_v2/Drivers/STM32U5xx_HAL_Driver/Src/stm32u5xx_hal_i2c.c:718:13:HAL_I2C_MspDeInit	0	static
C:/Users/c0524083/Documents/GitHub/Capstone-RLC/Capstone_GUI_v2/Drivers/STM32U5xx_HAL_Driver/Src/stm32u5xx_hal_i2c.c:656:19:HAL_I2C_DeInit	8	static
C:/Users/c0524083/Documents/GitHub/Capstone-RLC/Capstone_GUI_v2/Drivers/STM32U5xx_HAL_Driver/Src/stm32u5xx_hal_i2c.c:1125:19:HAL_I2C_Master_Transmit	40	static
C:/Users/c0524083/Documents/GitHub/Capstone-RLC/Capstone_GUI_v2/Drivers/STM32U5xx_HAL_Driver/Src/stm32u5xx_hal_i2c.c:1244:19:HAL_I2C_Master_Receive	40	static
C:/Users/c0524083/Documents/GitHub/Capstone-RLC/Capstone_GUI_v2/Drivers/STM32U5xx_HAL_Driver/Src/stm32u5xx_hal_i2c.c:1362:19:HAL_I2C_Slave_Transmit	40	static
C:/Users/c0524083/Documents/GitHub/Capstone-RLC/Capstone_GUI_v2/Drivers/STM32U5xx_HAL_Driver/Src/stm32u5xx_hal_i2c.c:1549:19:HAL_I2C_Slave_Receive	40	static
C:/Users/c0524083/Documents/GitHub/Capstone-RLC/Capstone_GUI_v2/Drivers/STM32U5xx_HAL_Driver/Src/stm32u5xx_hal_i2c.c:1679:19:HAL_I2C_Master_Transmit_IT	24	static
C:/Users/c0524083/Documents/GitHub/Capstone-RLC/Capstone_GUI_v2/Drivers/STM32U5xx_HAL_Driver/Src/stm32u5xx_hal_i2c.c:1758:19:HAL_I2C_Master_Receive_IT	24	static
C:/Users/c0524083/Documents/GitHub/Capstone-RLC/Capstone_GUI_v2/Drivers/STM32U5xx_HAL_Driver/Src/stm32u5xx_hal_i2c.c:1835:19:HAL_I2C_Slave_Transmit_IT	8	static
C:/Users/c0524083/Documents/GitHub/Capstone-RLC/Capstone_GUI_v2/Drivers/STM32U5xx_HAL_Driver/Src/stm32u5xx_hal_i2c.c:1899:19:HAL_I2C_Slave_Receive_IT	16	static
C:/Users/c0524083/Documents/GitHub/Capstone-RLC/Capstone_GUI_v2/Drivers/STM32U5xx_HAL_Driver/Src/stm32u5xx_hal_i2c.c:1952:19:HAL_I2C_Master_Transmit_DMA	32	static
C:/Users/c0524083/Documents/GitHub/Capstone-RLC/Capstone_GUI_v2/Drivers/STM32U5xx_HAL_Driver/Src/stm32u5xx_hal_i2c.c:2142:19:HAL_I2C_Master_Receive_DMA	32	static
C:/Users/c0524083/Documents/GitHub/Capstone-RLC/Capstone_GUI_v2/Drivers/STM32U5xx_HAL_Driver/Src/stm32u5xx_hal_i2c.c:2330:19:HAL_I2C_Slave_Transmit_DMA	16	static
C:/Users/c0524083/Documents/GitHub/Capstone-RLC/Capstone_GUI_v2/Drivers/STM32U5xx_HAL_Driver/Src/stm32u5xx_hal_i2c.c:2500:19:HAL_I2C_Slave_Receive_DMA	16	static
C:/Users/c0524083/Documents/GitHub/Capstone-RLC/Capstone_GUI_v2/Drivers/STM32U5xx_HAL_Driver/Src/stm32u5xx_hal_i2c.c:2644:19:HAL_I2C_Mem_Write	48	static
C:/Users/c0524083/Documents/GitHub/Capstone-RLC/Capstone_GUI_v2/Drivers/STM32U5xx_HAL_Driver/Src/stm32u5xx_hal_i2c.c:2781:19:HAL_I2C_Mem_Read	48	static
C:/Users/c0524083/Documents/GitHub/Capstone-RLC/Capstone_GUI_v2/Drivers/STM32U5xx_HAL_Driver/Src/stm32u5xx_hal_i2c.c:2918:19:HAL_I2C_Mem_Write_IT	32	static
C:/Users/c0524083/Documents/GitHub/Capstone-RLC/Capstone_GUI_v2/Drivers/STM32U5xx_HAL_Driver/Src/stm32u5xx_hal_i2c.c:3006:19:HAL_I2C_Mem_Read_IT	32	static
C:/Users/c0524083/Documents/GitHub/Capstone-RLC/Capstone_GUI_v2/Drivers/STM32U5xx_HAL_Driver/Src/stm32u5xx_hal_i2c.c:3094:19:HAL_I2C_Mem_Write_DMA	32	static
C:/Users/c0524083/Documents/GitHub/Capstone-RLC/Capstone_GUI_v2/Drivers/STM32U5xx_HAL_Driver/Src/stm32u5xx_hal_i2c.c:3274:19:HAL_I2C_Mem_Read_DMA	32	static
C:/Users/c0524083/Documents/GitHub/Capstone-RLC/Capstone_GUI_v2/Drivers/STM32U5xx_HAL_Driver/Src/stm32u5xx_hal_i2c.c:3454:19:HAL_I2C_IsDeviceReady	48	static
C:/Users/c0524083/Documents/GitHub/Capstone-RLC/Capstone_GUI_v2/Drivers/STM32U5xx_HAL_Driver/Src/stm32u5xx_hal_i2c.c:3609:19:HAL_I2C_Master_Seq_Transmit_IT	24	static
C:/Users/c0524083/Documents/GitHub/Capstone-RLC/Capstone_GUI_v2/Drivers/STM32U5xx_HAL_Driver/Src/stm32u5xx_hal_i2c.c:3701:19:HAL_I2C_Master_Seq_Transmit_DMA	40	static
C:/Users/c0524083/Documents/GitHub/Capstone-RLC/Capstone_GUI_v2/Drivers/STM32U5xx_HAL_Driver/Src/stm32u5xx_hal_i2c.c:3904:19:HAL_I2C_Master_Seq_Receive_IT	24	static
C:/Users/c0524083/Documents/GitHub/Capstone-RLC/Capstone_GUI_v2/Drivers/STM32U5xx_HAL_Driver/Src/stm32u5xx_hal_i2c.c:3992:19:HAL_I2C_Master_Seq_Receive_DMA	40	static
C:/Users/c0524083/Documents/GitHub/Capstone-RLC/Capstone_GUI_v2/Drivers/STM32U5xx_HAL_Driver/Src/stm32u5xx_hal_i2c.c:4192:19:HAL_I2C_Slave_Seq_Transmit_IT	24	static
C:/Users/c0524083/Documents/GitHub/Capstone-RLC/Capstone_GUI_v2/Drivers/STM32U5xx_HAL_Driver/Src/stm32u5xx_hal_i2c.c:4295:19:HAL_I2C_Slave_Seq_Transmit_DMA	24	static
C:/Users/c0524083/Documents/GitHub/Capstone-RLC/Capstone_GUI_v2/Drivers/STM32U5xx_HAL_Driver/Src/stm32u5xx_hal_i2c.c:4514:19:HAL_I2C_Slave_Seq_Receive_IT	24	static
C:/Users/c0524083/Documents/GitHub/Capstone-RLC/Capstone_GUI_v2/Drivers/STM32U5xx_HAL_Driver/Src/stm32u5xx_hal_i2c.c:4617:19:HAL_I2C_Slave_Seq_Receive_DMA	24	static
C:/Users/c0524083/Documents/GitHub/Capstone-RLC/Capstone_GUI_v2/Drivers/STM32U5xx_HAL_Driver/Src/stm32u5xx_hal_i2c.c:4832:19:HAL_I2C_EnableListen_IT	8	static
C:/Users/c0524083/Documents/GitHub/Capstone-RLC/Capstone_GUI_v2/Drivers/STM32U5xx_HAL_Driver/Src/stm32u5xx_hal_i2c.c:4856:19:HAL_I2C_DisableListen_IT	8	static
C:/Users/c0524083/Documents/GitHub/Capstone-RLC/Capstone_GUI_v2/Drivers/STM32U5xx_HAL_Driver/Src/stm32u5xx_hal_i2c.c:4889:19:HAL_I2C_Master_Abort_IT	24	static
C:/Users/c0524083/Documents/GitHub/Capstone-RLC/Capstone_GUI_v2/Drivers/STM32U5xx_HAL_Driver/Src/stm32u5xx_hal_i2c.c:4953:6:HAL_I2C_EV_IRQHandler	0	static
C:/Users/c0524083/Documents/GitHub/Capstone-RLC/Capstone_GUI_v2/Drivers/STM32U5xx_HAL_Driver/Src/stm32u5xx_hal_i2c.c:5024:13:HAL_I2C_MasterTxCpltCallback	0	static
C:/Users/c0524083/Documents/GitHub/Capstone-RLC/Capstone_GUI_v2/Drivers/STM32U5xx_HAL_Driver/Src/stm32u5xx_hal_i2c.c:5040:13:HAL_I2C_MasterRxCpltCallback	0	static
C:/Users/c0524083/Documents/GitHub/Capstone-RLC/Capstone_GUI_v2/Drivers/STM32U5xx_HAL_Driver/Src/stm32u5xx_hal_i2c.c:6316:13:I2C_ITMasterSeqCplt	16	static
C:/Users/c0524083/Documents/GitHub/Capstone-RLC/Capstone_GUI_v2/Drivers/STM32U5xx_HAL_Driver/Src/stm32u5xx_hal_i2c.c:5055:13:HAL_I2C_SlaveTxCpltCallback	0	static
C:/Users/c0524083/Documents/GitHub/Capstone-RLC/Capstone_GUI_v2/Drivers/STM32U5xx_HAL_Driver/Src/stm32u5xx_hal_i2c.c:5071:13:HAL_I2C_SlaveRxCpltCallback	0	static
C:/Users/c0524083/Documents/GitHub/Capstone-RLC/Capstone_GUI_v2/Drivers/STM32U5xx_HAL_Driver/Src/stm32u5xx_hal_i2c.c:6369:13:I2C_ITSlaveSeqCplt	8	static
C:/Users/c0524083/Documents/GitHub/Capstone-RLC/Capstone_GUI_v2/Drivers/STM32U5xx_HAL_Driver/Src/stm32u5xx_hal_i2c.c:7130:13:I2C_DMASlaveTransmitCplt	0	static
C:/Users/c0524083/Documents/GitHub/Capstone-RLC/Capstone_GUI_v2/Drivers/STM32U5xx_HAL_Driver/Src/stm32u5xx_hal_i2c.c:7237:13:I2C_DMASlaveReceiveCplt	16	static
C:/Users/c0524083/Documents/GitHub/Capstone-RLC/Capstone_GUI_v2/Drivers/STM32U5xx_HAL_Driver/Src/stm32u5xx_hal_i2c.c:5089:13:HAL_I2C_AddrCallback	0	static
C:/Users/c0524083/Documents/GitHub/Capstone-RLC/Capstone_GUI_v2/Drivers/STM32U5xx_HAL_Driver/Src/stm32u5xx_hal_i2c.c:6221:13:I2C_ITAddrCplt.constprop	24	static
C:/Users/c0524083/Documents/GitHub/Capstone-RLC/Capstone_GUI_v2/Drivers/STM32U5xx_HAL_Driver/Src/stm32u5xx_hal_i2c.c:5107:13:HAL_I2C_ListenCpltCallback	0	static
C:/Users/c0524083/Documents/GitHub/Capstone-RLC/Capstone_GUI_v2/Drivers/STM32U5xx_HAL_Driver/Src/stm32u5xx_hal_i2c.c:6806:13:I2C_ITListenCplt	8	static
C:/Users/c0524083/Documents/GitHub/Capstone-RLC/Capstone_GUI_v2/Drivers/STM32U5xx_HAL_Driver/Src/stm32u5xx_hal_i2c.c:5123:13:HAL_I2C_MemTxCpltCallback	0	static
C:/Users/c0524083/Documents/GitHub/Capstone-RLC/Capstone_GUI_v2/Drivers/STM32U5xx_HAL_Driver/Src/stm32u5xx_hal_i2c.c:5139:13:HAL_I2C_MemRxCpltCallback	0	static
C:/Users/c0524083/Documents/GitHub/Capstone-RLC/Capstone_GUI_v2/Drivers/STM32U5xx_HAL_Driver/Src/stm32u5xx_hal_i2c.c:5155:13:HAL_I2C_ErrorCallback	0	static
C:/Users/c0524083/Documents/GitHub/Capstone-RLC/Capstone_GUI_v2/Drivers/STM32U5xx_HAL_Driver/Src/stm32u5xx_hal_i2c.c:5171:13:HAL_I2C_AbortCpltCallback	0	static
C:/Users/c0524083/Documents/GitHub/Capstone-RLC/Capstone_GUI_v2/Drivers/STM32U5xx_HAL_Driver/Src/stm32u5xx_hal_i2c.c:6992:13:I2C_TreatErrorCallback	8	static
C:/Users/c0524083/Documents/GitHub/Capstone-RLC/Capstone_GUI_v2/Drivers/STM32U5xx_HAL_Driver/Src/stm32u5xx_hal_i2c.c:6857:13:I2C_ITError	16	static
C:/Users/c0524083/Documents/GitHub/Capstone-RLC/Capstone_GUI_v2/Drivers/STM32U5xx_HAL_Driver/Src/stm32u5xx_hal_i2c.c:6445:13:I2C_ITMasterCplt	24	static
C:/Users/c0524083/Documents/GitHub/Capstone-RLC/Capstone_GUI_v2/Drivers/STM32U5xx_HAL_Driver/Src/stm32u5xx_hal_i2c.c:5254:26:I2C_Master_ISR_IT	24	static
C:/Users/c0524083/Documents/GitHub/Capstone-RLC/Capstone_GUI_v2/Drivers/STM32U5xx_HAL_Driver/Src/stm32u5xx_hal_i2c.c:5824:26:I2C_Mem_ISR_DMA	16	static
C:/Users/c0524083/Documents/GitHub/Capstone-RLC/Capstone_GUI_v2/Drivers/STM32U5xx_HAL_Driver/Src/stm32u5xx_hal_i2c.c:5684:26:I2C_Master_ISR_DMA	24	static
C:/Users/c0524083/Documents/GitHub/Capstone-RLC/Capstone_GUI_v2/Drivers/STM32U5xx_HAL_Driver/Src/stm32u5xx_hal_i2c.c:7266:13:I2C_DMAError	0	static
C:/Users/c0524083/Documents/GitHub/Capstone-RLC/Capstone_GUI_v2/Drivers/STM32U5xx_HAL_Driver/Src/stm32u5xx_hal_i2c.c:7052:13:I2C_DMAMasterTransmitCplt	16	static
C:/Users/c0524083/Documents/GitHub/Capstone-RLC/Capstone_GUI_v2/Drivers/STM32U5xx_HAL_Driver/Src/stm32u5xx_hal_i2c.c:7159:13:I2C_DMAMasterReceiveCplt	16	static
C:/Users/c0524083/Documents/GitHub/Capstone-RLC/Capstone_GUI_v2/Drivers/STM32U5xx_HAL_Driver/Src/stm32u5xx_hal_i2c.c:5400:26:I2C_Mem_ISR_IT	24	static
C:/Users/c0524083/Documents/GitHub/Capstone-RLC/Capstone_GUI_v2/Drivers/STM32U5xx_HAL_Driver/Src/stm32u5xx_hal_i2c.c:4972:6:HAL_I2C_ER_IRQHandler	4	static
C:/Users/c0524083/Documents/GitHub/Capstone-RLC/Capstone_GUI_v2/Drivers/STM32U5xx_HAL_Driver/Src/stm32u5xx_hal_i2c.c:6588:13:I2C_ITSlaveCplt.constprop	24	static
C:/Users/c0524083/Documents/GitHub/Capstone-RLC/Capstone_GUI_v2/Drivers/STM32U5xx_HAL_Driver/Src/stm32u5xx_hal_i2c.c:5972:26:I2C_Slave_ISR_DMA	24	static
C:/Users/c0524083/Documents/GitHub/Capstone-RLC/Capstone_GUI_v2/Drivers/STM32U5xx_HAL_Driver/Src/stm32u5xx_hal_i2c.c:5543:26:I2C_Slave_ISR_IT	16	static
C:/Users/c0524083/Documents/GitHub/Capstone-RLC/Capstone_GUI_v2/Drivers/STM32U5xx_HAL_Driver/Src/stm32u5xx_hal_i2c.c:7285:13:I2C_DMAAbort	0	static
C:/Users/c0524083/Documents/GitHub/Capstone-RLC/Capstone_GUI_v2/Drivers/STM32U5xx_HAL_Driver/Src/stm32u5xx_hal_i2c.c:5206:22:HAL_I2C_GetState	0	static
C:/Users/c0524083/Documents/GitHub/Capstone-RLC/Capstone_GUI_v2/Drivers/STM32U5xx_HAL_Driver/Src/stm32u5xx_hal_i2c.c:5218:21:HAL_I2C_GetMode	0	static
C:/Users/c0524083/Documents/GitHub/Capstone-RLC/Capstone_GUI_v2/Drivers/STM32U5xx_HAL_Driver/Src/stm32u5xx_hal_i2c.c:5229:10:HAL_I2C_GetError	0	static
