Screen.hpp:104:18:virtual void touchgfx::Screen::afterTransition()	0	static
Screen.hpp:144:18:virtual void touchgfx::Screen::handleTickEvent()	0	static
Screen.hpp:154:18:virtual void touchgfx::Screen::handleKeyEvent(uint8_t)	0	static
EffectsSelectView.cpp:13:6:virtual void EffectsSelectView::tearDownScreen()	0	static
EffectsSelectView.hpp:11:13:EffectsSelectView::~EffectsSelectView()	8	static
EffectsSelectView.hpp:11:13:virtual EffectsSelectView::~EffectsSelectView()	8	static
EffectsSelectView.cpp:3:1:EffectsSelectView::EffectsSelectView()	8	static
EffectsSelectView.cpp:8:6:virtual void EffectsSelectView::setupScreen()	0	static
