Archive member included to satisfy reference by file (symbol)

C:\Users\Chase\Documents\GitHub\Capstone-RLC\RTOSRendering\Middlewares\ST\touchgfx\lib\core\cortex_m33\gcc\libtouchgfx-float-abi-hard.a(AbstractPartition.o)
                              ./TouchGFX/target/generated/TouchGFXConfiguration.o (touchgfx::AbstractPartition::getAllocationCount() const)
C:\Users\Chase\Documents\GitHub\Capstone-RLC\RTOSRendering\Middlewares\ST\touchgfx\lib\core\cortex_m33\gcc\libtouchgfx-float-abi-hard.a(CircleProgress.o)
                              ./TouchGFX/generated/gui_generated/src/screen1_screen/Screen1ViewBase.o (touchgfx::CircleProgress::setPainter(touchgfx::AbstractPainter&))
C:\Users\Chase\Documents\GitHub\Capstone-RLC\RTOSRendering\Middlewares\ST\touchgfx\lib\core\cortex_m33\gcc\libtouchgfx-float-abi-hard.a(AbstractProgressIndicator.o)
                              C:\Users\Chase\Documents\GitHub\Capstone-RLC\RTOSRendering\Middlewares\ST\touchgfx\lib\core\cortex_m33\gcc\libtouchgfx-float-abi-hard.a(CircleProgress.o) (touchgfx::AbstractProgressIndicator::getProgressIndicatorX() const)
C:\Users\Chase\Documents\GitHub\Capstone-RLC\RTOSRendering\Middlewares\ST\touchgfx\lib\core\cortex_m33\gcc\libtouchgfx-float-abi-hard.a(Container.o)
                              C:\Users\Chase\Documents\GitHub\Capstone-RLC\RTOSRendering\Middlewares\ST\touchgfx\lib\core\cortex_m33\gcc\libtouchgfx-float-abi-hard.a(CircleProgress.o) (touchgfx::Container::contains(touchgfx::Drawable const&))
C:\Users\Chase\Documents\GitHub\Capstone-RLC\RTOSRendering\Middlewares\ST\touchgfx\lib\core\cortex_m33\gcc\libtouchgfx-float-abi-hard.a(HAL.o)
                              ./TouchGFX/target/TouchGFXHAL.o (touchgfx::HAL::drawDrawableInDynamicBitmap(touchgfx::Drawable&, unsigned short))
C:\Users\Chase\Documents\GitHub\Capstone-RLC\RTOSRendering\Middlewares\ST\touchgfx\lib\core\cortex_m33\gcc\libtouchgfx-float-abi-hard.a(DMA.o)
                              ./TouchGFX/target/generated/STM32DMA.o (touchgfx::DMA_Interface::seedExecution())
C:\Users\Chase\Documents\GitHub\Capstone-RLC\RTOSRendering\Middlewares\ST\touchgfx\lib\core\cortex_m33\gcc\libtouchgfx-float-abi-hard.a(PainterRGB888.o)
                              ./TouchGFX/generated/gui_generated/src/screen1_screen/Screen1ViewBase.o (vtable for touchgfx::PainterRGB888)
C:\Users\Chase\Documents\GitHub\Capstone-RLC\RTOSRendering\Middlewares\ST\touchgfx\lib\core\cortex_m33\gcc\libtouchgfx-float-abi-hard.a(Circle.o)
                              C:\Users\Chase\Documents\GitHub\Capstone-RLC\RTOSRendering\Middlewares\ST\touchgfx\lib\core\cortex_m33\gcc\libtouchgfx-float-abi-hard.a(CircleProgress.o) (touchgfx::Circle::Circle())
C:\Users\Chase\Documents\GitHub\Capstone-RLC\RTOSRendering\Middlewares\ST\touchgfx\lib\core\cortex_m33\gcc\libtouchgfx-float-abi-hard.a(CanvasWidget.o)
                              C:\Users\Chase\Documents\GitHub\Capstone-RLC\RTOSRendering\Middlewares\ST\touchgfx\lib\core\cortex_m33\gcc\libtouchgfx-float-abi-hard.a(Circle.o) (touchgfx::CanvasWidget::draw(touchgfx::Rect const&) const)
C:\Users\Chase\Documents\GitHub\Capstone-RLC\RTOSRendering\Middlewares\ST\touchgfx\lib\core\cortex_m33\gcc\libtouchgfx-float-abi-hard.a(Box.o)
                              ./TouchGFX/generated/gui_generated/src/screen1_screen/Screen1ViewBase.o (vtable for touchgfx::Box)
C:\Users\Chase\Documents\GitHub\Capstone-RLC\RTOSRendering\Middlewares\ST\touchgfx\lib\core\cortex_m33\gcc\libtouchgfx-float-abi-hard.a(Image.o)
                              ./TouchGFX/generated/gui_generated/src/screen1_screen/Screen1ViewBase.o (touchgfx::Image::setBitmap(touchgfx::Bitmap const&))
C:\Users\Chase\Documents\GitHub\Capstone-RLC\RTOSRendering\Middlewares\ST\touchgfx\lib\core\cortex_m33\gcc\libtouchgfx-float-abi-hard.a(Outline.o)
                              C:\Users\Chase\Documents\GitHub\Capstone-RLC\RTOSRendering\Middlewares\ST\touchgfx\lib\core\cortex_m33\gcc\libtouchgfx-float-abi-hard.a(Circle.o) (touchgfx::Outline::~Outline())
C:\Users\Chase\Documents\GitHub\Capstone-RLC\RTOSRendering\Middlewares\ST\touchgfx\lib\core\cortex_m33\gcc\libtouchgfx-float-abi-hard.a(CanvasWidgetRenderer.o)
                              ./TouchGFX/generated/gui_generated/src/screen1_screen/Screen1ViewBase.o (touchgfx::CanvasWidgetRenderer::setupBuffer(unsigned char*, unsigned int))
C:\Users\Chase\Documents\GitHub\Capstone-RLC\RTOSRendering\Middlewares\ST\touchgfx\lib\core\cortex_m33\gcc\libtouchgfx-float-abi-hard.a(LCD.o)
                              ./TouchGFX/generated/texts/src/Texts.o (touchgfx::LCD::drawStringLTR(touchgfx::Rect const&, touchgfx::Rect const&, touchgfx::LCD::StringVisuals const&, unsigned short const*, std::__va_list))
C:\Users\Chase\Documents\GitHub\Capstone-RLC\RTOSRendering\Middlewares\ST\touchgfx\lib\core\cortex_m33\gcc\libtouchgfx-float-abi-hard.a(TouchCalibration.o)
                              C:\Users\Chase\Documents\GitHub\Capstone-RLC\RTOSRendering\Middlewares\ST\touchgfx\lib\core\cortex_m33\gcc\libtouchgfx-float-abi-hard.a(HAL.o) (touchgfx::TouchCalibration::translatePoint(touchgfx::Point&))
C:\Users\Chase\Documents\GitHub\Capstone-RLC\RTOSRendering\Middlewares\ST\touchgfx\lib\core\cortex_m33\gcc\libtouchgfx-float-abi-hard.a(DisplayTransformation.o)
                              C:\Users\Chase\Documents\GitHub\Capstone-RLC\RTOSRendering\Middlewares\ST\touchgfx\lib\core\cortex_m33\gcc\libtouchgfx-float-abi-hard.a(HAL.o) (touchgfx::DisplayTransformation::transformFrameBufferToDisplay(short&, short&))
C:\Users\Chase\Documents\GitHub\Capstone-RLC\RTOSRendering\Middlewares\ST\touchgfx\lib\core\cortex_m33\gcc\libtouchgfx-float-abi-hard.a(Application.o)
                              ./TouchGFX/generated/gui_generated/src/common/FrontendApplicationBase.o (touchgfx::Application::requestRedraw())
C:\Users\Chase\Documents\GitHub\Capstone-RLC\RTOSRendering\Middlewares\ST\touchgfx\lib\core\cortex_m33\gcc\libtouchgfx-float-abi-hard.a(TypedText.o)
                              ./TouchGFX/generated/fonts/src/FontCache.o (touchgfx::TypedText::numberOfTypedTexts)
C:\Users\Chase\Documents\GitHub\Capstone-RLC\RTOSRendering\Middlewares\ST\touchgfx\lib\core\cortex_m33\gcc\libtouchgfx-float-abi-hard.a(Font.o)
                              ./TouchGFX/generated/texts/src/Texts.o (touchgfx::Font::getStringWidthLTR(unsigned char, unsigned short const*, std::__va_list) const)
C:\Users\Chase\Documents\GitHub\Capstone-RLC\RTOSRendering\Middlewares\ST\touchgfx\lib\core\cortex_m33\gcc\libtouchgfx-float-abi-hard.a(Drawable.o)
                              ./TouchGFX/generated/gui_generated/src/screen1_screen/Screen1ViewBase.o (touchgfx::Drawable::invalidate() const)
C:\Users\Chase\Documents\GitHub\Capstone-RLC\RTOSRendering\Middlewares\ST\touchgfx\lib\core\cortex_m33\gcc\libtouchgfx-float-abi-hard.a(ConstFont.o)
                              ./TouchGFX/generated/fonts/src/GeneratedFont.o (touchgfx::ConstFont::ConstFont(touchgfx::GlyphNode const*, unsigned short, unsigned short, unsigned short, unsigned char, unsigned char, unsigned char, unsigned char, unsigned char, unsigned char, unsigned short, unsigned short))
C:\Users\Chase\Documents\GitHub\Capstone-RLC\RTOSRendering\Middlewares\ST\touchgfx\lib\core\cortex_m33\gcc\libtouchgfx-float-abi-hard.a(Utils.o)
                              ./TouchGFX/generated/fonts/src/FontCache.o (touchgfx::memset(void*, unsigned char, unsigned long))
C:\Users\Chase\Documents\GitHub\Capstone-RLC\RTOSRendering\Middlewares\ST\touchgfx\lib\core\cortex_m33\gcc\libtouchgfx-float-abi-hard.a(Screen.o)
                              ./TouchGFX/generated/gui_generated/src/screen1_screen/Screen1ViewBase.o (touchgfx::Screen::handleGestureEvent(touchgfx::GestureEvent const&))
C:\Users\Chase\Documents\GitHub\Capstone-RLC\RTOSRendering\Middlewares\ST\touchgfx\lib\core\cortex_m33\gcc\libtouchgfx-float-abi-hard.a(EasingEquations.o)
                              C:\Users\Chase\Documents\GitHub\Capstone-RLC\RTOSRendering\Middlewares\ST\touchgfx\lib\core\cortex_m33\gcc\libtouchgfx-float-abi-hard.a(AbstractProgressIndicator.o) (touchgfx::EasingEquations::linearEaseNone(unsigned short, short, short, unsigned short))
C:\Users\Chase\Documents\GitHub\Capstone-RLC\RTOSRendering\Middlewares\ST\touchgfx\lib\core\cortex_m33\gcc\libtouchgfx-float-abi-hard.a(TextProvider.o)
                              ./TouchGFX/generated/fonts/src/FontCache.o (touchgfx::TextProvider::TextProvider())
C:\Users\Chase\Documents\GitHub\Capstone-RLC\RTOSRendering\Middlewares\ST\touchgfx\lib\core\cortex_m33\gcc\libtouchgfx-float-abi-hard.a(TextureMapTypes.o)
                              C:\Users\Chase\Documents\GitHub\Capstone-RLC\RTOSRendering\Middlewares\ST\touchgfx\lib\core\cortex_m33\gcc\libtouchgfx-float-abi-hard.a(LCD.o) (touchgfx::Gradients::Gradients(touchgfx::Point3D const*))
C:\Users\Chase\Documents\GitHub\Capstone-RLC\RTOSRendering\Middlewares\ST\touchgfx\lib\core\cortex_m33\gcc\libtouchgfx-float-abi-hard.a(Unicode.o)
                              ./TouchGFX/generated/fonts/src/FontCache.o (touchgfx::Unicode::strlen(unsigned short const*))
C:\Users\Chase\Documents\GitHub\Capstone-RLC\RTOSRendering\Middlewares\ST\touchgfx\lib\core\cortex_m33\gcc\libtouchgfx-float-abi-hard.a(FontManager.o)
                              ./TouchGFX/target/generated/TouchGFXConfiguration.o (touchgfx::FontManager::setFontProvider(touchgfx::FontProvider*))
C:\Users\Chase\Documents\GitHub\Capstone-RLC\RTOSRendering\Middlewares\ST\touchgfx\lib\core\cortex_m33\gcc\libtouchgfx-float-abi-hard.a(Bitmap.o)
                              C:\Users\Chase\Documents\GitHub\Capstone-RLC\RTOSRendering\Middlewares\ST\touchgfx\lib\core\cortex_m33\gcc\libtouchgfx-float-abi-hard.a(HAL.o) (touchgfx::Bitmap::dynamicBitmapGetAddress(unsigned short))
C:\Users\Chase\Documents\GitHub\Capstone-RLC\RTOSRendering\Middlewares\ST\touchgfx\lib\core\cortex_m33\gcc\libtouchgfx-float-abi-hard.a(LCD24bpp.o)
                              ./TouchGFX/target/generated/TouchGFXConfiguration.o (touchgfx::LCD24bpp::LCD24bpp())
C:\Users\Chase\Documents\GitHub\Capstone-RLC\RTOSRendering\Middlewares\ST\touchgfx\lib\core\cortex_m33\gcc\libtouchgfx-float-abi-hard.a(stm32_crc_lock.o)
                              C:\Users\Chase\Documents\GitHub\Capstone-RLC\RTOSRendering\Middlewares\ST\touchgfx\lib\core\cortex_m33\gcc\libtouchgfx-float-abi-hard.a(Application.o) (CRC_Lock)
C:\Users\Chase\Documents\GitHub\Capstone-RLC\RTOSRendering\Middlewares\ST\touchgfx\lib\core\cortex_m33\gcc\libtouchgfx-float-abi-hard.a(Gestures.o)
                              C:\Users\Chase\Documents\GitHub\Capstone-RLC\RTOSRendering\Middlewares\ST\touchgfx\lib\core\cortex_m33\gcc\libtouchgfx-float-abi-hard.a(HAL.o) (touchgfx::Gestures::registerEventListener(touchgfx::UIEventListener&))
C:\Users\Chase\Documents\GitHub\Capstone-RLC\RTOSRendering\Middlewares\ST\touchgfx\lib\core\cortex_m33\gcc\libtouchgfx-float-abi-hard.a(Canvas.o)
                              C:\Users\Chase\Documents\GitHub\Capstone-RLC\RTOSRendering\Middlewares\ST\touchgfx\lib\core\cortex_m33\gcc\libtouchgfx-float-abi-hard.a(Circle.o) (touchgfx::Canvas::Canvas(touchgfx::AbstractPainter const*, touchgfx::Rect const&, touchgfx::Rect const&, unsigned char))
C:/ST/STM32CubeIDE_1.14.1/STM32CubeIDE/plugins/com.st.stm32cube.ide.mcu.externaltools.gnu-tools-for-stm32.12.3.rel1.win32_1.0.200.202406191623/tools/bin/../lib/gcc/arm-none-eabi/12.3.1/../../../../arm-none-eabi/lib/thumb/v8-m.main+fp/hard\libstdc++_nano.a(atexit_arm.o)
                              C:\Users\Chase\Documents\GitHub\Capstone-RLC\RTOSRendering\Middlewares\ST\touchgfx\lib\core\cortex_m33\gcc\libtouchgfx-float-abi-hard.a(LCD24bpp.o) (__aeabi_atexit)
C:/ST/STM32CubeIDE_1.14.1/STM32CubeIDE/plugins/com.st.stm32cube.ide.mcu.externaltools.gnu-tools-for-stm32.12.3.rel1.win32_1.0.200.202406191623/tools/bin/../lib/gcc/arm-none-eabi/12.3.1/../../../../arm-none-eabi/lib/thumb/v8-m.main+fp/hard\libstdc++_nano.a(del_ops.o)
                              ./TouchGFX/generated/fonts/src/ApplicationFontProvider.o (operator delete(void*, unsigned int))
C:/ST/STM32CubeIDE_1.14.1/STM32CubeIDE/plugins/com.st.stm32cube.ide.mcu.externaltools.gnu-tools-for-stm32.12.3.rel1.win32_1.0.200.202406191623/tools/bin/../lib/gcc/arm-none-eabi/12.3.1/../../../../arm-none-eabi/lib/thumb/v8-m.main+fp/hard\libstdc++_nano.a(guard.o)
                              ./TouchGFX/generated/fonts/src/Table_verdana_10_4bpp.o (__cxa_guard_acquire)
C:/ST/STM32CubeIDE_1.14.1/STM32CubeIDE/plugins/com.st.stm32cube.ide.mcu.externaltools.gnu-tools-for-stm32.12.3.rel1.win32_1.0.200.202406191623/tools/bin/../lib/gcc/arm-none-eabi/12.3.1/../../../../arm-none-eabi/lib/thumb/v8-m.main+fp/hard\libstdc++_nano.a(pure.o)
                              C:\Users\Chase\Documents\GitHub\Capstone-RLC\RTOSRendering\Middlewares\ST\touchgfx\lib\core\cortex_m33\gcc\libtouchgfx-float-abi-hard.a(AbstractPartition.o) (__cxa_pure_virtual)
C:/ST/STM32CubeIDE_1.14.1/STM32CubeIDE/plugins/com.st.stm32cube.ide.mcu.externaltools.gnu-tools-for-stm32.12.3.rel1.win32_1.0.200.202406191623/tools/bin/../lib/gcc/arm-none-eabi/12.3.1/../../../../arm-none-eabi/lib/thumb/v8-m.main+fp/hard\libstdc++_nano.a(del_op.o)
                              C:/ST/STM32CubeIDE_1.14.1/STM32CubeIDE/plugins/com.st.stm32cube.ide.mcu.externaltools.gnu-tools-for-stm32.12.3.rel1.win32_1.0.200.202406191623/tools/bin/../lib/gcc/arm-none-eabi/12.3.1/../../../../arm-none-eabi/lib/thumb/v8-m.main+fp/hard\libstdc++_nano.a(del_ops.o) (operator delete(void*))
C:/ST/STM32CubeIDE_1.14.1/STM32CubeIDE/plugins/com.st.stm32cube.ide.mcu.externaltools.gnu-tools-for-stm32.12.3.rel1.win32_1.0.200.202406191623/tools/bin/../lib/gcc/arm-none-eabi/12.3.1/../../../../arm-none-eabi/lib/thumb/v8-m.main+fp/hard\libstdc++_nano.a(eh_terminate.o)
                              C:/ST/STM32CubeIDE_1.14.1/STM32CubeIDE/plugins/com.st.stm32cube.ide.mcu.externaltools.gnu-tools-for-stm32.12.3.rel1.win32_1.0.200.202406191623/tools/bin/../lib/gcc/arm-none-eabi/12.3.1/../../../../arm-none-eabi/lib/thumb/v8-m.main+fp/hard\libstdc++_nano.a(pure.o) (std::terminate())
C:/ST/STM32CubeIDE_1.14.1/STM32CubeIDE/plugins/com.st.stm32cube.ide.mcu.externaltools.gnu-tools-for-stm32.12.3.rel1.win32_1.0.200.202406191623/tools/bin/../lib/gcc/arm-none-eabi/12.3.1/../../../../arm-none-eabi/lib/thumb/v8-m.main+fp/hard\libstdc++_nano.a(eh_unex_handler.o)
                              C:/ST/STM32CubeIDE_1.14.1/STM32CubeIDE/plugins/com.st.stm32cube.ide.mcu.externaltools.gnu-tools-for-stm32.12.3.rel1.win32_1.0.200.202406191623/tools/bin/../lib/gcc/arm-none-eabi/12.3.1/../../../../arm-none-eabi/lib/thumb/v8-m.main+fp/hard\libstdc++_nano.a(eh_terminate.o) (__cxxabiv1::__unexpected_handler)
C:/ST/STM32CubeIDE_1.14.1/STM32CubeIDE/plugins/com.st.stm32cube.ide.mcu.externaltools.gnu-tools-for-stm32.12.3.rel1.win32_1.0.200.202406191623/tools/bin/../lib/gcc/arm-none-eabi/12.3.1/../../../../arm-none-eabi/lib/thumb/v8-m.main+fp/hard\libstdc++_nano.a(eh_term_handler.o)
                              C:/ST/STM32CubeIDE_1.14.1/STM32CubeIDE/plugins/com.st.stm32cube.ide.mcu.externaltools.gnu-tools-for-stm32.12.3.rel1.win32_1.0.200.202406191623/tools/bin/../lib/gcc/arm-none-eabi/12.3.1/../../../../arm-none-eabi/lib/thumb/v8-m.main+fp/hard\libstdc++_nano.a(eh_terminate.o) (__cxxabiv1::__terminate_handler)
